Re, Re, Gg, Gg, Gg, Re, Re, Re, Re, Re, Re, Re, Re, Re, Re, Gg, Gg, Gg, Gg, Gg, Gg, Gg, Gs^Fms, Gs^Fms, Gs^Fp, Gs^Fp, Gs^Fp, Gs^Fp, Gs^Fp, Gs^Fms, Gs^Fms, Gs^Fp, Gg, Gg, Gg, Gg, Gg, Gg, Gg, Gg, Gg, Gg, Gg, Gg, Gg, Hh, Hh, Hh, Mm, Mm, Mm, Mm
Re, Gg, Gg, Gg, Gg, Gg, Re, Re, Re, Re, Re, Re, Gg, Gg, Gg, Gg, Gg, Gg, Gg, Gg, Gg, Gg, Gs^Fp, Gs^Fp, Gs^Fp, Gs^Fmf, Gs^Fp, Gs^Fp, Gs^Fp, Gs^Fms, Gs^Fp, Gs^Fp, Gg, Gg, Gg^Efm, Gg^Efm, Gg^Efm, Gg, Gg^Efm, Gg, Gg, Gg, Gg, Gg, Gg, Hh, Hh, Hh, Mm, Mm, Mm, Mm
Gg, Gg, Gg, Gg, Gg, Gg, Gg, Gg, Gg, Gg, Gg, Gg, Gg, Gg, Gg, Gg, Gs^Fp, Gg, Gs^Fp, Gg, Gs^Fp, Gs^Fp, Gs^Fp, Hh^Fmf, Gs^Fp, Gs^Fp, Gs^Fp, Gs^Fmf, Gs^Fp, Gs^Fp, Gs^Fp, Gs^Fp, Gs^Fp, Gg, Gg, Gg, Gg, Gg, Gg, Gg, Gg, Gg, Gg, Gg, Gg, Gg, Hh, Mm, Mm, Mm, Hh, Hh
Gg, Gg, Re, Gg, Gg, Gg, Gg, Gg, Gg, Gg, Gg, Gg, Gs^Fp, Gs^Fp, Gs^Fp, Gs^Fp, Gs^Fp, Gs^Fp, Gs^Fp, Gs^Fp, Gg, Gs^Fp, Gs^Fp, Gs^Fp, Gs^Fp, Hh^Fmf, Gs^Fp, Gs^Fp, Gs^Fp, Gs^Fp, Gs^Fp, Gs^Fp, Gs^Fp, Gs^Fp, Gs^Fp, Gg, Gs^Fp, Gg, Gg, Gg, Gg, Gg, Gg, Gg, Gg, Gg, Gg, Hh, Mm, Mm, Mm, Mm
Re, Re, Gg, Re, Re, Gg, Re, Gg, Gg^Ve, Gg, Gg, Gg, Gg, Gs^Fp, Gs^Fp, Hh^Fds, Gs^Fp, Gs^Fp, Hh^Fds, Gs^Fp, Gg, Gg, Gs^Fp, Gs^Fp, Gs^Fp, Gs^Fp, Gs^Fms, Gs^Fp, Gs^Fp, Gs^Fp, Gs^Fp, 2 Kv, Cv, Cv, Gg, Gs^Fp, Gg, Gg, Gg, Gg, Gg, Gg^Ve, Gg, Gg, Gg^Efm, Gg, Hh, Hh, Hh, Mm, Hh, Hh
Gg, Gg, Gg^Eff, Gg, Gg^Wm, Re, Gg, Re, Re, Gg, Gg, Gg, Gg, Gs^Fp, Gs^Fp, Gs^Fp, Gs^Fp, Gs^Fp, Gs^Fmf, Gs^Fp, Hh^Fmf, Gs^Fp, Gs^Fp, Gs^Fmf, Gs^Fp, Gs^Fp, Gs^Fp, Gs^Fp, Gs^Fp, Gs^Fmf, Gs^Fp, Gs^Fp, Gs^Fp, Cv, Gg, Gg, Gg, Gg, Gg^Efm, Gg, Gg, Gg, Gg, Gg^Efm, Gg, Gg, Gg, Hh, Mm, Mm, Mm, Mm
Gg^Eff, Gg^Eff, Ww, Ww, Ww, Gg, Gg, Re, Gg, Gg, Hh, Hh, Gg, Gs^Fp, Gs^Fp, Hh^Fms, Hh^Fms, Gs^Fp, Gs^Fmf, Gs^Fp, Gs^Fp, Gs^Fp, Gs^Fp, Gs^Fp, Gs^Fp, Gs^Fp, Gs^Fp, Gs^Fp, Gs^Fp, Gs^Fp, Gs^Fms, Gs^Fp, Gs^Fp, Cv, Gg, Gg, Gg, Gg, Gg, Gg, Gg, Gg, Gg^Efm, Gg^Efm, Gg, Gg, Hh, Hh, Mm, Hh, Mm, Mm
Ww, Ww, Ww, Ww, Ww, Ww, Gg, Re, Re, Gg, Gg, Gg, Gs^Fp, Gg, Gs^Fp, Gs^Fp, Gs^Fp, Gs^Fp, Gs^Fp, Gs^Fmf, Gs^Fp, Gs^Fp, Gs^Fp, Gg^Ve, Gs^Fp, Gs^Fmf, Gs^Fp, Gs^Fmf, Gs^Fp, Gs^Fp, Gs^Fp, Gs^Fp, Gs^Fmf, Gs^Fp, Gs^Fp, Gg, Gg, Gg, Gg, Gg, Gg, Gg^Efm, Gg^Efm, Gg, Gg, Hh, Hh, Hh, Mm, Mm, Mm, Mm
Gg, Gg, Gg, Ww, Ww, Ww, Ww, Gg, Re, Gg, Gg, Gg, Gg, Gs^Fp, Gs^Fp, Gs^Fp, Gs^Fp, Hh^Fms, Gs^Fp, Gs^Fp, Gs^Fp, Gs^Fp, Gs^Fp, Gs^Fp, Hh^Fds, Gs^Fp, Gs^Fp, Gs^Fp, Gs^Fp, Hh^Fms, Gs^Fp, Gs^Fp, Gs^Fp, Gs^Fp, Gs^Fp, Gg, Gs^Fp, Gs^Fp, Gg, Gg, Gg, Gg^Efm, Gg^Efm, Gg, Gg, Gg, Hh, Mm, Mm, Mm, Hh, Hh
Hh, Gg, Gg, Ww, Gg, Gg, Gg, Gg, Re, Gg, Gg, Gg, Gs^Fms, Gs^Fms, Gs^Fp, Gs^Fp, Gs^Fp, Hh^Fms, Gs^Fp, Gs^Fp, Gs^Fmf, Gs^Fp, Gs^Fp, Gs^Fp, Gs^Fp, Gs^Fp, Gg, Gs^Fp, Gs^Fp, Gs^Fp, Gs^Fp, Hh^Fmf, Gs^Fp, Gs^Fp, Gs^Fp, Gs^Fp, Gg^Ve, Gs^Fp, Gs^Fp, Gg, Gg, Gg, Gg, Gg^Efm, Gg, Gg, Gg, Hh, Hh, Mm, Hh, Hh
Hh^Fp, Hh, Gg, Gg, Gg, Gg^Ve, Re, Re, Gg, Gg, Gg, Gs^Fp, Gs^Fp, Hh^Fds, Gs^Fp, Gg^Ve, Gs^Fp, Gs^Fp, Gs^Fp, Gs^Fp, Gg, Gs^Fp, Gg, Gs^Fp, Gs^Fp, Gs^Fp, Gs^Fp, Gs^Fp, Gs^Fp, Gs^Fp, Gs^Fmf, Gs^Fp, Gs^Fp, Gg, Gs^Fp, Gs^Fp, Gs^Fp, Gs^Fp, Gs^Fp, Gg, Gg, Gg, Gg, Gg, Gg, Gg, Gg, Hh, Gg, Hh, Hh, Hh
Hh^Fp, Hh, Hh, Gg, Gg, Gg, Gg, Re, Re, Gg, Gg, Gs^Fp, Gs^Fp, Gs^Fp, Gs^Fp, Gs^Fp, Gs^Fp, Gs^Fmf, Gs^Fp, Gs^Fp, Gs^Fp, Gg, Gg, Gg, Gs^Fp, Gs^Fp, Gs^Fp, Gg^Ve, Gs^Fp, Gs^Fp, Gs^Fp, Gs^Fmf, Gs^Fp, Gs^Fp, Gs^Fp, Gs^Fp, Gs^Fms, Gs^Fp, Gs^Fp, Gs^Fp, Gg, Gg, Gg, Gg, Re, Re, Re, Gg, Gg, Hh, Hh, Hh
Hh^Fp, Hh^Fp, Hh, Hh, Gg, Gg, Gg, Re, Re, Re, Gg, Gg, Gs^Fp, Gs^Fmf, Gs^Fp, Gs^Fp, Gg, Gs^Fp, Hh^Fds, Gs^Fp, Gs^Fp, Gs^Fp, Gs^Fp, Gg, Gs^Fp, Gs^Fp, Gs^Fp, Gs^Fp, Gs^Fp, Gs^Fp, Gs^Fp, Gs^Fp, Gs^Fp, Gs^Fp, Gg, Gs^Fp, Gs^Fp, Gs^Fp, Gg, Gs^Fp, Gg, Gg, Gg, Gg, Re, Ce, Ce, Re, Gg, Gg, Hh, Hh
Hh^Fp, Hh^Fp, Hh^Fp, Hh, Gg, Gg, Gg, Re, Re, Re, Gg, Gs^Fp, Gs^Fp, Gs^Fp, Gs^Fp, Gs^Fp, Gs^Fp, Gs^Fp, Gs^Fp, Hh^Fds, Gs^Fp, Gs^Fp, Gs^Fmf, Gs^Fp, Gs^Fp, Gs^Fp, Hh^Fds, Hh^Fds, Hh^Fms, Gs^Fp, Hh^Fms, Gs^Fp, Gs^Fp, Gg, Gg, Gg, Gg, Gg, Gg, Gg, Gg, Gg, Gg, Gg, Re, Ce, Re, Re, Gg, Gg, Gg, Gg
Hh^Fp, Hh^Fp, Hh^Fp, Hh, Gg, Gg, Gg, Gg, Re, Gg, Gg, Gg, Gg, Gg, Gg, Gs^Fp, Gs^Fp, Gs^Fp, Gs^Fp, Hh^Fds, Gs^Fp, Gs^Fp, Gs^Fp, Gs^Fp, Gs^Fp, Gs^Fp, Gs^Fp, Hh^Fds, Gs^Fp, Hh^Fms, Gs^Fp, Gs^Fp, Gs^Fp, Gg, Gg, Re, Re, Re, Re, Gg, Gg^Ve, Gg, Gg, Gg, Gg, Re, Gg, Gg, Gg^Efm, Gg, Gg, Gg
Hh^Fp, Hh^Fp, Hh^Fp, Hh, Gg, Gg, Gg, Re, Re, Gg, Gg, Gg, Hh, Gg, Gg, Gg, Gg, Gg, Gg, Gs^Fp, Gg, Gg, Gg, Gg, Gg, Gg, Gg, Gs^Fp, Gg, Gs^Fp, Gs^Fmf, Gs^Fmf, Gs^Fp, Gs^Fp, Gg, Re, Re, Re, Re, Re, Re, Gg, Gg, Gg, Gg, Gg, Gg, Gg^Efm, Gg^Efm, Gg, Gg, Gg
Hh^Fp, Hh^Fp, Hh, Hh, Gg, Gg, Gg^Ve, Re, Gg, Gg, Hh, Gg, Gg, Hh, Gg, Gg, Gg, Gg, Gg, Gs^Fp, Gg, Gg, Gg, Gg, Gg^Ve, Gg, Gg, Gg, Gg, Gs^Fp, Gs^Fp, Gs^Fp, Gs^Fp, Gg, Gg, Gg, Gg, Gg, Gg, Gg, Gg, Re, Gg, Gg^Efm, Gg, Gg, Re, Gg, Re, Gg, Re, Re
Hh, Hh, Gg, Gg, Gg, Gg, Gg^Efm, Re, Gg, Gg, Gg, Gg, Gg, Gg, Re, Gg, Re, Gg, Re, Gg, Gg, Gg, Re, Gg, Re, Gg, Re, Re, Re, Gg, Gg, Gg, Gg, Gg, Re, Gg, Re, Re, Re, Gg, Gg, Re, Re, Gg, Re, Re, Gg, Re, Gg, Re, Gg, Gg
Gg, Gg, Gg, Gg, Gg, Gg, Gg^Efm, Re, Re, Gg, Re, Re, Re, Re, Gg, Re, Gg, Re, Re, Gg, Re, Re, Gg, Re, Gg, Re, Gg, Gg, Gg, Re, Re, Re, Re, Re, Gg, Re, Gg, Gg, Gg, Re, Re, Re, Gg, Re, Gg, Re, Re, Gg, Gg, Gg, Gg, Gg
Gg, Gg, Gg, Gg, Gg, Gg^Efm, Re, Gg^Efm, Re, Re, Gg, Gg, Gg, Gg, Gg, Gg, Gg, Gg, Gg, Re, Ch, Gg, Gg, Gg, Gg, Gg, Ww, Gg, Gg, Gg, Gg, Gg, Gg, Gg, Gg, Gg, Gg, Gg, Gg, Gg, Gg, Gg, Gg^Es, Gg, Gg, Gg, Gg, Re, Gg, Gg, Gg^Efm, Gg
Gg, Gg, Gg, Gg, Re, Re, Gg, Re, Gg, Gg, Gg, Ww, Ww, Ww, Gg, Ww, Ww, Gg, Ww, Ww, Ww, Ww^Bsb\, Ww^Bsb\, Ww, Ww, Ww, Wo, Ww, Ww, Ww, Ww, Gg, Ww, Ww, Ww, Ww, Ww, Gg, Gg, Gg, Gg, Gg, Gg, Gg, Gg^Ve, Gg, Gg, Re, Gg, Gg, Gg^Efm, Gg
Re, Re, Re, Re, Re, Gg^Efm, Gg, Re, Re, Gg, Gg, Ww, Ww, Ww, Ww, Ww, Ww, Ww, Ww, Ww, Wo, Ww, Wo, Ww^Bsb\, Ww^Bsb\, Ww, Wo, Ww, Ww, Ww, Wo, Ww, Ww, Ww, Ww, Ww, Gg, Gg, Gg, Gg^Efm, Gg^Efm, Gg, Gg, Gg, Gg, Gg, Gg, Re, Gg, Gg^Efm, Gg, Gg
Gg, Gg, Gg, Re, Gg, Gg, Gg, Gg, Re, Gg, Gg, Gg, Ww, Ww, Wo, Wo, Wo, Wo, Wo, Wo, Wo, Wo, Wo, Wo, Wo, Ww^Bsb\, Wo^Bsb\, Wo, Wo, Wo, Wo, Wo, Wo, Wo, Ww, Ww, Ww, Gg, Gg, Gg, Gg^Efm, Gg^Efm, Gg^Efm, Gg, Gg, Gg, Gg, Re, Gg, Gg, Gg, Gg
Gg, Gg, Gg^Efm, Gg, Gg, Gg, Gg, Gg, Re, Gg, Ww, Ww, Ww, Ww, Wo, Wo, Wo, Wo, Wo, Wo, Wo, Wo, Wo, Wo, Wo, Wo, Wo, Wo^Bsb\, Wo^Bsb\, Wo, Wo^Vm, Wo, Wo, Wo, Wo, Ww, Ww, Ww, Gg, Gg, Gg, Gg, Gg, Gg, Gg, Gg, Gg, Re, Re, Gg, Gg, Gg
Hh, Gg, Gg, Gg, Hh, Gg, Gg, Gg, Re, Gg, Gg, Ww, Ww, Wo, Wo, Wo, Wo, Wo, Wo, Wo, Ww, Wo, Wo, Wo, Wo, Wo, Wo, Wo, Wo, Wo^Bsb\, Wo^Bsb\, Wo, Wo, Wo, Ww, Ww, Ww, Ww, Ww, Gg, Gg, Gg, Gg, Gg, Gg, Gg, Gg, Gg, Gg, Re, Gg, Gg
Gg, Hh, Gg, Gg, Hh, Gg, Gg, Gg, Gg, Re, Gg, Ww, Ww, Ww, Wo, Wo, Wo, Wo, Ww, Ww, Ww, Ww, Wo, Wo, Wo, Wo, Ww, Wo, Ww, Wo, Wo, Wo^Bsb\, Wo^Bsb\, Wo, Ww, Ww, Ww, Ww, Ww, Ww, Gg, Gg, Gg, Gg, Gg, Gg^Efm, Gg, Gg, Gg, Re, Gg, Gg
Gg, Gg, Gg^Efm, Gg, Gg, Gg, Gg, Gg^Ve, Gg, Re, Gg, Ww, Ww, Wo, Wo, Wo, Wo, Wo, Ww, Ww, Ww^Vm, Ww, Ww, Wo, Ww, Ww, Ds, Ww, Ds, Ww, Ww, Wo, Wo, Ww^Bsb\, Ww^Bsb\, Ww, Ww, Ww, Ww, Ww, Gg, Gg, Ww, Gg, Gg, Gg, Gg^Ve, Gg, Gg, Re, Gg, Gg
Gg, Gg, Gg^Efm, Gg, Gg^Efm, Gg, Gg, Gg, Gg, Re, Ch, Gg, Wo, Wo, Wo, Wo, Wo, Wo, Ww, Ww, Ww, Ww, Ww, Wo, Ww, Ds, Mm, Ds, Hh, Ds, Ds, Ww, Ww, Wo, Ww, Ww^Bsb\, Ww^Bsb\, Ww, Ww, Ww, Ww, Ww, Ww, Gg, Gg, Gg, Gg, Gg, Gg, Re, Gg, Gg
Hh, Gg, Gg, Gg, Gg^Efm, Gg, Gg, Gg, Gg, 3 Kh, Ch, Ww^Bw/, Ww, Wo, Wo, Wo, Wo, Wo, Wo, Ww, Ww, Ww, Wo, Wo, Ww, Ds, Hh, Hh, Mm, Mm, Mm, Ds, Ww, Wo, Ww, Ww, Ww, Ww^Bsb\, Ww^Bsb\, Ww, Ww, Ww, Ww, Gg, Gg, Gg, Gg^Es, Gg, Gg, Re, Gg, Gg
Gg, Gg, Gg, Gg, Gg, Gg, Gg, Gg, Gg, Ch, Ch, Ww^Bw\, Ww, Wo, Wo, Wo, Wo, Wo, Wo, Wo, Wo, Wo, Wo, Wo, Ww, Ds, Ds, Hh, Hh, Hh, Ds, Ds, Ww, Wo, Wo, Ww, Ww, Ww, Ww^Vm, Ww^Bsb\, Ww^Bsb\, Ww, Ww, Ww, Ww, Gg^Es, Gg, Gg, Gg, Re, Gg, Gg
Gg, Gg, Gg, Gg^Ve, Gg, Gg, Gg, Gg, Rd, Rd, Gg, Ww^Bw\, Ww, Ww, Ww, Wo, Wo, Wo, Wo, Wo, Wo, Wo, Wo, Wo, Wo, Ww, Ds, Mm, Ds, Hh, Ds, Ww, Ww, Wo, Wo, Wo, Wo, Ww, Ww, Ww, Ww, Ww^Bsb\, Ww^Bsb\, Ww, Ww, Gg, Gg, Gg, Re, Re, Gg, Gg
Gg, Gg, Gg, Gg, Gg, Gg, Rd, Rd, Gg, Gg, Gg, Ww, Ww, Wo, Wo, Wo, Wo, Wo, Wo, Wo, Wo, Wo, Wo, Wo, Wo, Ww, Ww, Ds, Ww, Ds, Ww, Ww, Wo, Wo, Wo, Wo, Wo, Ww, Ww, Ww, Ww, Ww, Ww, Ww^Bsb\, Ww^Bsb\, Gg, Gg, Gg, Re, Gg, Gg^Efm, Gg
Hh, Gg, Gg^Efm, Gg, Gg, Gg, Rd, Gg, Gg, Gg^Efm, Gg^Efm, Gg, Ww, Wo, Wo, Wo, Wo, Wo, Ww^Vm, Ww, Wo, Wo, Wo, Wo, Wo, Wo, Wo, Ww, Ww, Ww, Wo, Wo, Wo, Wo, Wo, Wo, Wo, Wo, Wo, Ww, Ww, Ww, Ww, Ww, Ww, Ww^Bsb\, Ww^Bsb\, Ch, Ch, Gg, Gg, Gg
Gg, Gg, Gg, Gg, Ww, Gg, Rd, Gg, Hh, Gg^Efm, Gg, Gg, Ww, Wo, Wo, Wo, Wo, Wo, Wo, Ww, Wo, Wo, Wo, Wo, Wo, Wo, Wo, Wo, Wo, Wo, Wo, Wo, Wo, Wo, Wo, Wo, Wo, Wo, Wo, Wo, Wo, Ww, Wo, Ww, Ww, Ww, Ch, 1 Kh, Ch, Gg^Ve, Gg, Gg
Gg, Gg, Ww, Ww, Gg, Ww, Ww^Bw|, Gg, Gg, Gg, Ww, Ww, Ww, Wo, Wo, Wo, Wo, Wo, Wo, Wo, Wo, Wo, Wo, Wo, Wo, Wo, Wo, Wo, Wo, Wo, Wo, Wo, Wo, Wo, Wo, Wo, Wo, Wo, Wo, Wo, Wo, Wo, Wo, Ww, Ww, Ww^Bw/, Ww, Ch, Gg, Gg, Gg, Gg
Ww, Ww, Gg, Gg, Hh, Gg, Rd, Ww, Ww, Ww, Gg^Efm, Ww, Ww, Wo, Wo, Wo, Wo, Wo, Wo, Wo, Wo, Wo, Wo, Wo, Wot, Wo, Wo, Wo, Wo, Wo, Wo, Wo, Wo, Wo, Wo, Wo, Wo, Wo, Wo, Wo, Wo, Wo, Ww, Ww, Ww, Ww, Ww, Gg, Gg, Gg, Gg^Efm, Gg
Ww, Gg, Hh, Hh, Hh, Gg, Rd, Gg, Gg, Ww, Gg^Efm, Ww, Ww, Wo, Wo, Wo, Wo, Wo, Wo, Wo, Wo, Wo, Wo, Wot, Wo, Wot, Wo, Wo, Wo, Wo, Wo, Wo, Wo, Wo, Wo, Wo, Wo, Wo, Wo, Wo, Wo, Wo, Wo, Ww, Ww, Ww, Ww, Gg, Gg, Gg^Efm, Gg^Efm, Gg
