Wot, Wot, Wot, Wo, Wo, Wo, Wo, Wo, Wo, Wo, Wo, Wo, Wo, Wo, Wo, Wo, Wo, Wo, Wo, Wo, Wo, Wo, Wo, Wo, Wo, Wo, Wo, Wo, Wo, Wo, Wo, Wo, Wo, Wo, Wo, Wo, Wo, Wo, Wo, Wo, Wo, Wo, Wo, Wo, Wo, Wo, Wo, Wo, Wo, Wo, Wo, Wo
Wot, Wot, Wo, Wo, Wo, Wo, Wo, Wo, Wo, Wo, Wo, Wo, Wo, Wo, Wo, Wo, Wo, Wo, Wo, Wo, Wo, Wo, Wo, Wo, Wo, Wo, Wo, Wo, Wo, Wo, Wo, Wo, Wo, Wo, Wo, Wo, Wo, Wo, Wo, Wo, Wo, Wo, Wo, Wo, Wo, Wo, Wo, Wo, Wo, Wo, Wo, Wo
Wo, Wo, Wo, Wo, Wo, Wo, Wo, Wo, Wo, Wo, Wo, Wo, Wo, Wo, Wo, Wo, Wo, Wo, Wo, Wo, Wo, Wo, Wo, Wo, Wo, Wo, Wo, Wo, Wo, Wo, Wo, Wo, Wo, Wo, Wo, Wo, Wo, Wo, Wo, Wo, Wo, Wo, Wo, Wo, Wo, Wo, Wo, Wo, Wo, Wo, Wo, Wo
Wo, Wo, Wo, Wo, Wo, Wo, Wo, Wo, Wo, Wo, Wo, Wo, Wo, Wo, Wo, Wo, Wo, Wo, Wo, Wo, Wo, Wo, Wo, Wo, Wo, Wo, Wo, Wo, Wo, Wo, Wo, Wo, Wo, Wo, Wo, Wo, Wo, Wo, Wo^Vm, Wo, Wo, Wo, Wo, Wo, Wo, Wo, Wo, Wo, Wo, Wo, Wo, Wo
Wo, Wo, Wo, Wo, Wo, Wo, Wo, Wo, Wo, Wo, Wo, Wo, Wo, Wo, Wo, Wo, Wo, Wo, Wo, Wo, Wo, Wo, Wo, Wo, Wo, Wo, Wo, Wo, Wo, Wo, Wo, Wo, Wo, Wo, Wo, Wo, Wo, Wo, Wo, Wo, Wo, Wo, Wo, Wo, Wo, Wo, Wo, Wo, Wo, Wo, Wo, Wo
Wo, Wo, Wo, Wo, Wo, Wo, Wo, Wo, Wo, Wo, Wo, Wo, Wo, Wo, Wo, Wo, Wo, Wo, Wo, Wo, Wo, Wo, Wo, Wo, Wo, Wo, Wo, Wo, Wo, Wo, Wo, Wo, Wo, Wo, Wo, Wo, Wo, Wo, Wo, Wo, Wo, Wo, Wo, Wo, Wo, Wo, Wo, Wo, Wo, Wo, Wo, Wo
Wo, Wo, Wo, Wo, Wo, Wo, Wo, Wo, Wo, Wo, Wo, Wo, Wo, Wo, Wo, Wo, Wo, Wo, Wo, Wo, Wo, Wo, Wo, Wo, Wo, Wo, Wo, Wo, Wo, Wo, Wo, Wo, Wo, Wo, Wo, Wo, Wo, Wo, Wo, Wo, Wo, Wo, Wo, Wo, Wo, Wo, Wo, Wo, Wo, Wo, Wo, Wo
Wo, Wo, Wo, Wo, Ww, Wo, Wo, Wo, Wo, Wo, Wo, Wo^Vm, Wo, Wo, Wo, Wo, Wo, Wo, Wo, Wo, Ww, Ww, Ww, Ww, Wo, Wo, Wo, Wo, Wo, Wo, Wo, Wo, Wo, Wo, Wo, Wo, Wo, Wo, Wo, Wo, Wo, Wo, Wo, Wo, Wo, Wo, Wo, Wo, Wo, Wo, Wo, Wo
Wo, Wo, Wo, Ww, Ww, Wo, Wo, Wo, Wo, Wo, Wo, Wo, Wo, Wo, Wo, Wo, Wo, Wo, Wo, Ww, Gg, Ds, Ds, Ww, Wo, Wo, Wo, Wo, Wo, Wo, Wo, Wo, Wo, Wo, Wo, Wo, Wo, Wo, Ww, Wo, Ww, Wo, Ww, Wo, Wo, Wo, Wo, Wo, Wo, Wo, Wo, Wo
Wo, Wo, Wo, Wo, Ww, Wo, Wo, Wo, Wo, Wo, Wo, Wo, Wo, Wo, Wo, Wo, Wo, Ww, Ww, Ds, Gg, Gg, Ww, Ww, Wo, Wo, Wo, Wo, Wo, Wo, Wo, Wo, Wo, Wo, Wo, Wo, Wo, Ww, Md, Ww, Md, Md, Md, Ww, Wo, Wo, Wo, Wo, Wo, Wo, Wo, Wo
Wo, Wo, Wo, Wo, Wo, Wo, Wo, Wo, Wo, Wo, Wo, Wo, Wo, Wo, Wo, Wo, Wo, Wo, Ww, Ds, Ds, Ds, Ww, Wo, Wo, Wo, Wo, Wo, Wo, Wo, Wo, Wo, Wo, Wo, Wo, Wo, Wo, Ww, Ww, Md, Ww, Md, Ww, Ww, Wo, Wo, Wo, Wo, Wo, Wo, Wo, Wo
Wo, Wo, Wo, Wo, Wo, Wo, Wo, Wo, Wo, Wo, Wo, Wo, Wo, Wo, Wo, Wo, Wo, Wo, Wo, Wo, Ww, Ww, Wo, Wo, Wo, Wo, Wo, Wo, Wo, Wo, Wo, Wo, Wo, Wo, Wo, Wo, Wo, Wo, Wo, Ww, Wo, Ww, Wo, Wo, Wo, Wo, Wo, Wo, Wo, Wo, Wo, Wo
Wo, Wo, Wo, Wo, Wo, Wo, Wo, Wo, Wo, Wo, Wo, Wo, Wo, Wo, Wo, Wo, Wo, Wo, Wo, Wo, Wo, Wo, Wo, Wo, Wo, Wo, Wo, Wo, Wo, Wo, Wo, Wo, Wo, Wo, Wo, Wo, Wo, Wo, Wo, Wo, Wo, Wo, Wo, Wo, Wo, Wo, Wo, Wo, Ww^Vm, Wo, Wo, Wo
Wo, Wo, Wo, Wo, Ww^Vm, Wo, Wo, Wo, Wo, Wo, Wo, Wo, Wo, Wo, Wo, Wo, Wo, Wo, Wo, Wo, Wo, Wo, Wo, Wo, Wo, Wo, Wo, Wo, Wo, Wo, Wo, Wo, Wo, Wo, Ww^Vm, Wo, Wo, Wo, Wo, Wo, Wo, Wo, Wo, Wo, Wo, Wo, Wo, Wo, Wo, Wo, Wo, Wo
Wo, Wo, Wo, Wo, Wo, Wo, Wo, Wo, Wo, Wo, Wo, Wo, Wo, Wo, Wo, Wo, Wo, Wo, Wo, Wo, Wo, Wo, Wo, Wo, Wo, Wo, Ww, Ww, Ww, Wo, Wo, Wo, Wo, Wo, Wo, Wo, Wo, Wo, Wo, Wo, Wo, Wo, Wo, Wo, Wo, Wo, Wo, Wo, Wo, Wo, Wo, Wo
Wo, Wo, Wo, Wo, Wo, Wo, Wo, Wo, Wo, Wo, Wo, Wo, Wo, Wo, Wo, Wo, Wo, Wo, Wo, Wo, Wo, Wo, Wo, Wo, Ww, Ww, Ds, Ds, Ds, Ww, Ww, Wo, Wo, Wo, Wo, Wo, Wo, Wo, Wo, Wo, Wo, Wo, Wo, Wo, Wo, Wo, Wo, Wo, Wo, Wo, Wo, Wo
Wo, Wo, Wo, Wo, Ww, Wo, Wo, Wo, Wo, Wo, Wo, Wo, Wo, Wo, Wo, Wo, Ww, Wo, Wo, Wo, Wo, Wo, Wo, Wo, Ww, Wo, Ds, Ds, Ww, Ww, Wo, Wo, Wo, Wo, Ww, Ww, Ww, Ww, Ww, Wo, Ww, Wo, Wo, Wo, Wo, Wo, Wo, Wo, Wo, Wo, Wo, Wo
Ww, Ww, Ww, Ww, Ww, Ww, Ww, Wo, Wo, Ww, Wo, Wo, Wo, Wo, Wo, Wo, Wo, Ww, Wo, Ww, Wo, Wo, Wo, Wo, Ds, Ds, Gg, Ds, Ds, Wo, Wo, Wo, Ww, Ww, Ds, Ds, Ds, Wo, Ds, Ww, Ds, Ww, Wo, Wo, Ww^Bw\, Wo, Wo, Wo, Ww, Wo, Wo, Wo
Ww, Ww, Ds, Ds, Ds, Ww, Ww, Ww^Bw|, Ww, Ww, Ww, Ww, Ww, Ww, Ww, Wo, Ww, Ww, Ww, Ww, Ww, Ww, Ww, Ds, Ds, Gg, Gg^Efm, Gg, Ds, Ww, Ww, Ww, Ww, Ds, Gg, Gg^Efm, Gg^Es, Ds, Gg, Ds, Gg, Ds, Ww, Ww, Chw, 4 Khw, Chw, Ww, Ww, Ww, Ww, Ww
Ds, Ds, Gg, Gg, Gg, Ds, Ds, Ds, Ds, Ds, Ds, Ww, Wo, Wo, Ww, Wo, Wo, Ww, Ww, Ds, Ds, Ds, Ds, Ds, Gg, Gg, Gg, Gg, Gg, Ds, Ds, Ds, Ds, Ds, Gg, Gg, Gs^Fdw, Gg, Gg, Gg, Gg, Gg, Ds, Gg, Chr, Chr, Chr, Gg, Ds, Ds, Ds, Ds
Gg, Gg, Gg, Gg, Gg, Ds, Gg, Gg, Gg, Gg, Gg^Efm, Ww, Ww, Wo, Ww, Wo, Wo, Ww, Ww, Gg, Gg, Gg, Gg, Gg, Gg^Efm, Gg, Gg, Gg, Ww, Gg, Gg^Efm, Gg, Gg, Gg, Gg^Efm, Gg, Gs^Fdw, Gs^Fdw, Gg, Gg^Efm, Gg, Ds, Gg, Gg, Gg, Chr, Gg, Gg, Gg, Gg, Gg, Gg
Gg, Gg, Gg^Efm, Gg, Gg, Gg, Chr, Chr, Chr, Gg, Gg, Ww, Ww, Ww, Ww, Wo, Ww, Ww, Wwf, Chr, Gg, Gg^Efm, Gg, Gg, Gg^Efm, Gg, Gg, Ww, Ww^Ewf, Ww, Gg, Gg, Gg, Gg, Gg, Gg, Gg, Gg, Gg^Es, Gg, Gg, Gg, Gg, Gg, Gg, Gg, Gg, Gg, Gg^Efm, Gg, Gg, Gg
Gg, Gg^Efm, Gg^Efm, Gg, Gg, Gg, Chr, 3 Khr, Chr, Gg, Gg^Efm, Gg, Ww, Ww, Ww^Vm, Wo, Wwf, Wwf, Ww, Gg, Gg, Gg, Gg, Gg, Gg^Efm, Gg, Gg, Ww, Gg, Gg, Gg, Gg^Vh, Gg, Gg, Gg^Efm, Gg, Gg, Gg, Gg, Gg, Gg, Gg, Gg, Gg^Efm, Gg^Efm, Gg, Gg, Gg, Gg, Gg, Gg, Gg
Gg, Gg, Gg, Gg^Efm, Gg, Gg, Gg, Chr, Gg, Gg, Gg, Gg, Gg, Ww, Wwf, Wwf, Wo, Ww, Ww^Vm, Ww, Ww, Gg, Gg, Gg^Efm, Gg, Gg, Gs^Fdw, Gg, Gg, Gg, Gg, Gg, Gg, Gg, Gg, Gg^Efm, Gg^Efm, Gg, Gg, Gg, Gg^Ve, Gg, Gg, Gg, Gg, Gg, Gs^Fdw, Gg, Gg, Gg, Gg, Gg
Gs^Fdw, Gg, Gg, Gg, Gg, Gg, Gg, Re, Gg, Gg^Efm, Gg^Efm, Gg, Chr, Wwf, Ww, Ww, Wo, Ww, Ww, Ww, Ww, Ww, Ww, Gg, Gg, Gg, Gs^Fdw, Gs^Fdw, Gg, Gg, Gg, Gg^Ve, Gg, Gg, Gg^Efm, Gg^Efm, Gg, Gg^Efm, Gg, Gg, Gg, Gg, Gg, Gg, Gs^Fdw, Gs^Fdw, Gs^Fdw, Gg, Gg, Gg, Gg, Gg
Gs^Fdw, Gs^Fdw, Gg, Gg, Gg, Gg, Gg, Re, Gg, Gg, Gg, Gg, Gg, Ww, Ww, Ww, Wo, Wo, Wo, Ww, Ww, Ww, Ww, Gg, Gg, Gs^Fdw, Gs^Fdw, Gs^Fdw, Gg, Gg, Gs^Fp, Gg, Gg, Gg, Gg, Gg, Gg, Gg, Gg, Gg, Gg, Gg, Gg, Gs^Fdw, Gs^Fdw, Gs^Fdw, Gs^Fdw, Gg, Gg, Gg, Gg, Gg
Gs^Fdw, Gs^Fdw, Gg, Gg, Gg^Efm, Gg, Gg, Re, Gg, Gg, Gg^Ve, Gg, Gg, Ww, Ww, Ww, Ww, Ww, Ww, Wo, Wo, Ww, Ww, Ww, Gg, Gg, Gg, Gg, Gg, Gs^Fp, Gs^Fp, Gg, Gg, Gg, Gg, Gg, Gg, Gg, Gg, Gg, Gg^Efm, Gg, Gg, Gs^Fdw, Gs^Fdw, Gg, Gs^Fdw, Gs^Fdw, Gg, Gg, Gg, Gg
Gs^Fdw, Gg, Gg^Efm, Gg^Efm, Gg, Gg^Efm, Gg, Re, Gg, Gg, Gg^Ve, Gg, Gg, Gg, Gg, Ww, Ww, Ww, Ww, Ww, Ww, Wo, Ww, Ww, Gg, Gg, Gg, Gg, Gs^Fp, Gs^Fp, Gs^Fp, Gs^Fp, Gs^Fp, Gg, Gs^Fp, Gs^Fp, Gs^Fp, Gg, Gg, Gg^Efm, Gg, Gg^Efm, Gg, Gg, Gs^Fdw, Gs^Fdw, Gg, Gg, Gg, Gg, Gg, Gg
Gg, Gg, Gg, Gg, Gg, Gg, Re, Re, Gg, Gg, Gg, Gg, Gg, Gg, Gg, Ww, Gs^Fp, Gs^Fp, Gs^Fp, Ww, Gs^Fp, Wo, Wo, Ww, Ww, Ww, Ww, Gs^Fp, Gs^Fmw, Gs^Fmw, Gs^Fmw, Gs^Fp, Gs^Fmf, Gs^Fp, Gs^Fp, Gs^Fmw, Gs^Fp, Gs^Fp, Gg, Gg, Gg, Gg, Gg, Gg, Gg, Gg, Gg, Gg, Gg, Gg, Gg, Gg
Gg, Gg, Gg, Gg, Re, Re, Gg, Gg, Gg, Gg^Efm, Gg, Gg, Gg, Gg, Gg, Gg, Gs^Fp, Gs^Fp, Gs^Fp, Ww, Gs^Fp, Wo, Wo, Wo, Wo, Ww, Ww, Gs^Fp, Gs^Fp, Gs^Fp, Gs^Fp, Gs^Fp, Gs^Fp, Gs^Fp, Gg, Gs^Fmw, Gs^Fp, Gs^Fp, Gs^Fp, Gg, Gg, Gg, Gg, Gg, Gg, Gg, Gg, Gg, Gg, Gg, Gg, Gg
Gg, Gg, Re, Re, Gg, Gg, Gg, Gg, Gg, Gg, Gg, Gg, Gg^Efm, Gg^Efm, Gg, Gg, Gg, Gs^Fp, Gs^Fmf, Gs^Fp, Gs^Fmf, Gs^Fp, Gs^Fp, Ww, Gs^Fp, Wo, Wo, Ww, Ww, Ww, Ww, Gs^Fp, Gs^Fp, Gs^Fp, Gs^Fp, Gs^Fp, Gs^Fp, Gs^Fmf, Gs^Fp, Gs^Fp, Gg, Gg, Gg, Gg, Gg, Gg, Gg, Gg^Ve, Gg, Gg, Gs^Fp, Gg
Gg, Gg, Re, Gg, Gg, Gg, Gs^Fds, Gs^Fds, Gs^Fds, Gg, Gg, Gg, Gg^Efm, Gg, Gg, Gg, Gs^Fp, Gs^Fp, Gs^Fp, Gs^Fmf, Gs^Fmf, Gs^Fp, Gs^Fp, Gs^Fp, Gs^Fp, Ww, Ww, Wo, Wo, Ww, Ww, Ww, Ww, Gs^Fp, Gs^Fp, Gg^Vh, Gs^Fp, Gs^Fp, Gs^Fp, Gg, Gg, Gg, Gg, Gg, Gg, Gg, Gg, Gg, Gg, Gg, Gs^Fp, Gs^Fp
Re, Re, Gg, Gg, Gg, Gg, Gs^Fds, Gd^Fetd, Gs^Fds, Gg, Gg, Gg^Efm, Gg, Gg, Gg, Gs^Fp, Gs^Fp, Gs^Fp, Gs^Fp, Gs^Fp, Gs^Fmw, Gs^Fp, Gs^Fp, Gs^Fp, Gs^Fp, Gs^Fp, Gs^Fp, Ww, Wo, Ww^Vm, Wo, Ww, Ww, Gs^Fp, Gs^Fp, Gs^Fp, Gs^Fp, Gs^Fp, Gs^Fp, Gg, Gg, Gg, Gg, Gg^Vh, Gg, Gg, Gg, Gg, Gg, Gg, Gs^Fp, Gs^Fp
Gg, Gg, Gg, Ww, Ww, Ww, Gg, Gs^Fds, Gg, Gg, Gg, Gg, Gg, Gg^Efm, Gg, Gs^Fp, Gs^Fmf, Gs^Fp, Gs^Fp, Gs^Fmw, Gs^Fp, Gs^Fmw, Gs^Fp, Gs^Fmf, Gs^Fmw, Gs^Fmw, Gs^Fp, Ww, Gs^Fp, Wo, Ww, Wo, Wo, Ww, Gs^Fp, Gs^Fp, Gs^Fp, Gs^Fp, Gs^Fp, Gs^Fp, Gs^Fp, Gg, Gg, Gg, Gg, Gg^Efm, Gg, Gg, Gg, Gs^Fp, Hh^Fp, Hh^Fp
Ww, Ww, Ww, Ww, Ww, Ww^Ewf, Gg, Gg, Gg, Gg, Gg, Gg^Es, Gg, Gg, Gg, Gg, Gg, Gs^Fp, Gs^Fp, Gs^Fp, Gs^Fp, Gs^Fp, Gs^Fp, Gs^Fp, Gs^Fp, Gs^Fmw, Gs^Fp, Gs^Fp, Gs^Fp, Ww, Ww, Ww, Ww, Wo, Wo, Gs^Fp, Gs^Fp, Gs^Fdw, Gs^Fmw, Gs^Fmw, Gs^Fp, Gg, Gg, Gg, Gg, Gg^Efm, Gg^Efm, Gg, Gg, Gs^Fp, Gs^Fp, Hh^Fp
Ww, Ww, Ww, Ww^Ewf, Ww^Ewf, Gg, Gg^Vh, Gg, Gg, Gg, Gg, Gg, Gg^Efm, Gg, Gg, Gg, Gs^Fp, Gs^Fmw, Gs^Fp, Gs^Fmf, Gs^Fp, Gs^Fp, Gg^Ve, Gs^Fp, Gs^Fp, Gs^Fp, Gd^Fetd, Gs^Fp, Gs^Fp, Gs^Fmw, Gs^Fp, Ww, Gs^Fp, Wo, Wo, Ww, Ww, Gs^Fp, Gs^Fp, Gs^Fmw, Gs^Fp, Gs^Fp, Ww, Gg, Gg, Gg, Gg, Gg^Efm, Gg, Gg, Gg, Gs^Fp
Gg, Ww, Gg, Ww, Gg, Gg, Gg^Efm, Gg, Gg, Gg, Gg^Efm, Gg^Efm, Gg, Gg, Gg, Gg, Gg, Gs^Fp, Gs^Fp, Gs^Fp, Gs^Fp, Gs^Fp, Gs^Fp, Gs^Fp, Gs^Fp, Gs^Fp, Gs^Fp, Gs^Fp, Gs^Fp, Gs^Fmw, Gs^Fmw, Gs^Fp, Gs^Fp, Ww, Ww, Wo, Wo, Ww, Ww, Gs^Fp, Ww, Ww, Ww, Ww, Chr, Gg, Gg, Gg, Gg, Gg, Gg, Gg
Re, Gg, Gg, Ww, Gg, Gg, Gg, Gg, Gg, Gg^Efm, Gg, Gg, Gg, Gg, Gg^Efm, Gg, Gg, Gs^Fp, Gs^Fp, Gs^Fp, Gs^Fp, Gs^Fp, Gs^Fp, Gs^Fmw, Gs^Fp, Gs^Fp, Gs^Fp, Gs^Fp, Gs^Fp, Gs^Fp, Gs^Fp, Gs^Fp, Gs^Fmf, Gs^Fp, Gs^Fp, Ww, Ww, Wo, Wo, Ww, Ww, Ww, Ww, Ww, Ww^Bw|, Gg, Gg, Gg, Gg, Gg, Gg, Gg
Gg, Re, Re, Gg, Gg, Gg, Gg, Gg, Re^Vct, Gg, Gg, Gg^Efm, Gg, Gg, Gg, Gg^Efm, Gg, Gg, Gg, Gs^Fp, Gs^Fp, Gs^Fmw, Gs^Fp, Gs^Fp, Gs^Fp, Gs^Fdw, Gs^Fp, Gs^Fp, Gs^Fmf, Gs^Fp, Gs^Fp, Gs^Fp, Gs^Fp, Gs^Fp, Gs^Fp, Gs^Fp, Gs^Fp, Wo, Ww, Wo, Wo, Ww, Wo, Ww, Ww^Bw|, Ww, Gg, Gg, Gg, Gg, Gg, Gg
Gg, Gg, Gg, Re, Re, Re, Re, Re, Gg, Gg, Gg, Gg, Gg, Gg, Gg, Gg, Hh, Gg, Mm^Xm, Gs^Fp, Gs^Fp, Gs^Fp, Gs^Fp, Gs^Fp, Gs^Fp, Gs^Fdw, Gs^Fp, Gs^Fp, Gs^Fp, Gs^Fp, Gs^Fp, Gs^Fmw, Gs^Fmw, Gs^Fp, Gs^Fp, Gs^Fp, Gs^Fp, Ww, Ww, Ww, Ww, Wo, Wo, Ww, Ww^Bw|, Ww, Ww, Gg, Gg^Efm, Gg, Gg, Gg
Gg, Gg^Efm, Gg, Gg, Gg, Gg, Gg, Gg, Gg, Gg, Hh, Gg, Hh, Gg, Hh, Hh, Hh, Hh, Gg, Hh, Gg, Gg, Gs^Fp, Gs^Fmw, Gs^Fp, Gs^Fp, Gs^Fp, Gs^Fp, Gs^Fp, Gs^Fp, Gs^Fp, Gs^Fp, Gs^Fmw, Gs^Fmw, Gs^Fp, Gs^Fp, Gg, Gg, Ww, Ww, Ww, Ww, Ww, Wo, Wo^Bw|, Wo, Ww, Ww, Ww, Gg, Ww, Ww
Gg, Gg, Gg, Gg, Gg, Gg, Gg, Gg^Efm, Gg, Gg, Hh, Hh, Mm, Hh, Mm^Xm, Hh, Mm, Hh, Hh, Gg, Gg, Gg, Gg, Gs^Fp, Gg, Gs^Fp, Gg^Es, Gg, Gs^Fp, Gg, Gg, Gs^Fp, Gs^Fp, Gs^Fp, Gg, Gs^Fp, Gg, Gg, Gg, Ww, Ww, Ww^Vm, Ww, Ww, Ww^Bw|, Wo, Wo, Ww, Wo, Ww, Ww, Ww
Hh, Gg, Hh, Gg, Gg, Gg^Efm, Gg, Gg, Gg, Hh, Hh, Mm, Mm^Xm, Mm^Xm, Mm, Mm, Mm, Hh, Hh, Gg, Gg, Gg, Gg, Gg, Gg, Gg, Gg^Efm, Gg, Gg^Efm, Gg, Gg, Gg, Gg, Gg, Gg, Gg, Gg, Gg, Gg, Gg, Ww, Ww, Ww, Ww, Ww^Bw|, Ww, Ww, Wo, Ww, Wo, Wo, Wo
Re, Hh, Re, Hh, Hh, Gg, Gg, Gg, Hh, Hh, Mm, Mm, Mm^Xm, Mm^Xm, Mm, Mm, Hh, Hh, Hh, Gg, Gg^Efm, Gg^Efm, Gg, Gg, Gg, Gg^Efm, Gg, Gg^Efm, Gg, Gg^Efm, Gg, Gg, Gg, Gg, Gg^Efm, Gg, Gg^Efm, Gg, Gg^Efm, Gg, Gg, Ww, Ww, Ww, Ww^Bw|, Ww, Ww, Ww^Vm, Ww, Wo, Wo, Ww
Re, Re, Re, Re, Re, Hh, Gg, Hh, Hh, Mm, Mm^Xm, Mm^Xm, Mm, Mm, Hh, Mm, Hh, Hh, Gg, Gg^Efm, Gg, Gg^Efm, Gg, Gg, Gg, Gg, Gg, Gg, Gg, Gg, Gg, Gg, Gg, Gg^Efm, Gg, Gg^Efm, Gg, Gg^Efm, Gg, Gg, Gg, Gg, Gg, Ww, Chr, Ww, Ww, Ww, Ww, Ww, Ww, Ww
Re, Re, Re, Re, Re, Hh, Hh, Hh, Mm, Mm, Hh, Hh, Hh, Hh, Gg, Hh, Gg, Gg, Gg, Gg, Gg, Gg^Efm, Gg^Efm, Gg, Gg, Gg, Gg, Gg^Ve, Gg, Gg, Gg, Gg, Gg, Gg, Gg, Gg, Gg, Gg, Gg, Gg, Gg, Gg, Gg, Gg, Gg, Gg, Gg, Ww, Gg, Ww, Gg, Gg
Re, Re, Re, Re, Re, Hh, Hh, Mm, Hh, Mm, Gg, Gg, Chr, Chr, Chr, Gg, Gs, Gg, Gg, Gg, Gg, Gg, Gg, Gg, Gg, Gg, Gg, Gg, Gg, Gg, Gg, Gg, Gg^Vh, Gg, Gg, Gg, Gs, Gg, Co, Co, Co, Gg, Gg, Gg, Gg, Gg, Gg^Efm, Gg, Gg, Gg, Gg^Efm, Gg
Re, Re, Re^Gvs, Re, Re, Re, Hh, Hh, Hh, Hh, Gg, Gg, Chr, 2 Khr, Chr, Gs, Gg, Gs, Gs, Gs, Gs, Gs, Gs, Gs, Gs, Gs, Gs, Gs, Gs, Gs, Gs, Gs, Gs, Gs, Gs, Gs, Gg, Gs, Co, 1 Ko, Co, Gs, Gs, Gs, Gs, Gg, Gg, Gg, Gg^Efm, Gg, Gg, Gg
Re^Gvs, Re^Gvs, Re, Re, Re^Gvs, Re, Re^Gvs, Hh, Hh, Gg, Gg, Gg, Gg, Chr, Gg, Gg, Gg, Gg, Gg, Gg, Gg, Gg, Gg, Gg, Gs^Fp, Gg, Gg, Gg, Gg, Gg, Gg, Gg, Gg, Gg, Gg, Gg, Gg, Gg, Gg, Co, Gg, Gg, Gg, Gg, Gg, Gs, Gs, Gg, Gg, Gg, Gg, Gg
Re^Gvs, Re^Gvs, Ww, Ww, Re^Gvs, Re^Gvs, Hh, Hh, Hh, Hh, Gg, Gg, Gg^Efm, Gg, Gg, Gg, Gg^Efm, Gg, Gg, Gg, Gs^Fp, Gg, Gs^Fmw, Gg, Gs^Fp, Gs^Fp, Gs^Fp, Gg, Gg, Gg, Gg, Gg, Gg, Gg, Gg, Gg, Gg, Gg, Gg, Gg, Gg^Efm, Gg, Gg, Gg, Gg, Gg, Gg, Gs, Gs, Gg, Gg, Gg
Re, Ww, Re, Ww, Re^Gvs, Re^Gvs, Hh, Hh, Hh, Hh, Gg, Gg, Gg, Gg, Gg, Gg, Gg, Gg, Gg, Gs^Fp, Gs^Fp, Gs^Fmw, Gs^Fp, Gs^Fp, Gs^Fp, Gg, Gg, Gs^Fp, Gg, Gg, Gg, Gg, Gg, Gg^Efm, Gg^Efm, Gg^Efm, Gg^Efm, Gg, Gg, Gg, Gg, Gg, Gg, Gg^Efm, Gg, Gg, Gg, Gg, Gs, Gg, Gg, Gg
Re, Re, Re^Gvs, Re^Gvs, Re^Gvs, Re^Gvs, Hh, Hh, Hh, Hh, Gg, Gg, Gg, Gg, Gg, Gg, Gg, Gs^Fp, Gs^Fp, Gs^Fp, Gs^Fp, Gs^Fp, Gs^Fp, Gs^Fmw, Gs^Fp, Gs^Fp, Gs^Fp, Gs^Fp, Gs^Fp, Gg, Gg, Gg, Gg, Gg, Gg, Gg, Gg, Gg^Efm, Gg, Gg, Gg, Gg, Gg, Gg, Gg, Gg, Gg, Gg, Gg, Gs, Gs, Gg
