Wo, Wo, Wo, Wo, Wo, Wo, Wo, Wo, Ww, Gs, Gg, Gg, Rd, Gs, Gg, Gg, Gs, Gs, Gs, Gs, Gg, Gs, Gs, Gs, Gg, Rd, Rd, Gs, Gs, Gg, Ww, Ww, Gg, Gg, Gg, Gs, Gs, Hh, Hh, Gs, Rd, Gs, Gs, Gs, Gg, Ds, Ww, Ww, Ww, Ww, Ww, Ww
Wo, Wo, Ww, Wo, Wo, Wo, Wo, Wo, Ww, Gs, Gs, Gs, Rd, Gs, Gg^Efm, Gg^Efm, Gs, Gg, Hh, Gg^Efm, Gs, Gg, Gs, Gs, Rd, Rd, Gs, Gs, Ww, Ww, Gg^Efm, Gg, Gg^Efm, Gs, Gs, Gs, Gs, Hh, Hh, Gg, Rd, Gs, Gs, Gg, Gs, Ds, Ww, Ww, Ww, Ww, Ww, Ww
Ww, Ww, Ww, Ww, Wo, Wo, Wo, Wo, Wo, Ds, Ds, Gs, Rd, Gg, Gs, Gs, Hh, Hh, Rd, Hh, Rd, Rd, Rd, Rd, Gs, Gg, Gg^Efm, Ww, Gs, Gg, Gg, Gg^Efm, Gs, Gs, Gg, Gg, Gs, Hh, Hh, Rd, Gg, Gg^Efm, Gs, Gg, Gg, Ds, Ds, Ww, Ww, Ww, Ww, Ww
Ww, Wo, Wo, Ww, Wo, Wo, Wo, Wo^Yf, Wo, Ww, Ds, Gg, Gg^Efm, Rd, Rd, Gs, Re^Vct, Rd, Gg, Rd, Hh, Gg^Efm, Gs, Rd, Rd, Gg^Efm, Ww, Ww, Gs, Gs, Hh^Fds, Hh^Yc, Hh, Gs, Gs, Gg^Efm, Gs, Gs, Hh, Rd, Hh, Gg, Gs, Gg^Efm, Gs, Gs, Gs, Ds, Ds, Ww, Ds, Ww
Wo, Wo, Ww, Ww, Wo, Wo, Wo, Wo, Wo, Ww, Ww, Ds, Ds, Gg, Gs, Rd, Gg, Gg, Gg^Efm, Gs, Gs, Gg, Ww, Ww, Ww, Ww^Bw\, Rd, Rd, Rd, Hh, Hh^Yc, Hh^Yc, Hh, Hh, Gg, Gg, Hh, Hh^Fp, Gs, Rd, Hh, Gg, Gs, Gs, Gg^Efm, Gg^Vc, Gs, Gs, Gs, Ds, Ds, Ww
Ww, Ww, Wo, Wo, Wo, Ww^Vm, Wo, Wo, Wo, Wo, Ww, Ww, Ds, Gg, Ds, Gs, Gs, Gg^Efm, Gg, Gs, Ww, Ww, Hh, Hh, Hh, Gs, Gs, Gs, Gs, Rd, Rd^Yc, Hh, Hh, Hh, Gg, Gs, Hh, Gs, Gs, Rd, Gs, Hh, Hh, Gs, Gg, Gg, Gg^Efm, Gg, Hh, Hh, Ds, Ww
Wo, Ww, Wo, Wo, Wo, Wo, Wo, Wo, Ww^Vm, Wo, Wo, Ww, Hd, Ds, Hd, Gs, Hd, Gs, Ww, Ww, Gs, Gg, Gs, Hh, Hh, Gg, Gg, Hh, Gs, Gs, Hh^Yc, Rd, Rd, Gg, Rd, Hh, Rd, Gs, Ch, Ch, Ch, Hh, Rd, Rd, Rd, Gg, Gs, Hh, Hh, Gs, Rd, Ds
Wo, Wo, Wo, Wo, Wo, Wo, Wo, Wo, Wo, Wo, Wo, Wo, Ww, Ww, Hd, Hd, Ww, Ww, Gs, Gs, Gg^Efm, Gs, Gs, Gs^Vht, Gs, Gs, Gg^Efm, Gg^Efm, Gs, Hh, Hh^Yc, Hh, Hh, Rd, Hh, Rd, Gg, Rd, Ch, 2 Kh, Ch, Rd, Hh, Gs, Gs, Rd, Rd, Hh, Rd, Rd, Gs, Rd
Wo^Yf, Wo, Wo, Ww^Vm, Wo, Wo, Wo, Ww, Ww, Wo, Ww, Wo, Wo, Ww, Ww, Ww, Hd, Hd, Gs, Gs, Gg, Gg^Efm, Gg^Efm, Gs, Gg, Gg^Efm, Gs, Gg, Gs, Hh^Yc, Hh, Hh^Fp, Hh, Hh, Hh, Gs, Gs, Gs, Gs, Ch, Gs, Gs, Hh, Hh^Fp, Hh, Gs, Gg^Efm, Rd, Gg^Efm, Gs, Gs, Gs
Wo, Wo, Ww, Wo, Wo, Wo, Wo, Wo, Ww, Ww, Ww, Ww, Wo, Wo, Ww, Hd, Hd, Gs, Gs, Gs, Ds, Ds, Ds, Gg, Gs, Gg^Efm, Gs, Gg, Gs, Hh^Yc, Hh, Hh, Gg, Hh, Hh, Gs, Gg, Gg, Gg, Rd, Hh, Hh, Hh, Hh, Hh, Gs, Gg, Gg, Gg^Efm, Gg^Efm, Gs, Gs
Ww, Wo, Ww, Ww, Wo, Wo, Hh, Wo, Wo, Ww, Ww, Ww, Wo, Wo, Wo, Ww, Ww, Ds, Ds, Gs, Ds, Ww, Wo, Ds, Gs, Gs, Gg, Gg, Gs, Hh^Yc, Hh, Gg, Gg^Efm, Hh, Hh, Gs, Gs, Gg, Gs, Rd, Rd, Hh, Gg, Gg, Hh, Hh, Gs, Gs, Gs, Gg, Gs, Gs
Ww, Ww, Ww, Ww, Wo, Wo, Wo, Wo, Wo, Wo, Ww, Ww, Ww, Wo, Ww^Vm, Wo, Hd, Ww, Ds, Ds, Wo, Wo, Ds, Ds, Gs, Gg, Gg, Gg^Vc, Gs, Hh^Yc, Hh, Hh, Hh, Hh, Hh, Hh, Gs, Gg, Gg, Hh, Rd, Hh, Hh, Gg, Hh, Hh, Gg^Efm, Gg, Gg, Gs, Gg^Efm, Gg
Ww, Ww, Ww, Wo, Wo, Wo, Ww^Vm, Wo, Wo, Ww, Ww, Wo, Ww, Wo, Wo, Wo, Ww, Ds, Ww, Hd, Wo, Wo, Ds, Gs, Gg^Yc, Gs, Gg^Yc, Gg^Yc, Hh^Yc, Hh^Yc, Gs, Hh, Hh, Hh, Hh, Hh, Hh, Gg, Gg, Hh, Rd, Hh, Hh, Hh, Hh, Hh, Gg^Efm, Gg^Efm, Gg, Gs, Gg, Gg^Efm
Ww, Ww, Wo, Wo, Wo, Wo, Wo, Wo, Wo, Wo, Wo, Wo, Wo, Wo, Wo, Wo, Wo, Ww, Wo, Wo, Ds, Ds, Gs, Gg, Gg, Gg^Yc, Gg, Gs, Hh, Hh, Hh, Hh, Hh^Fp, Hh^Fp, Hh, Hh, Hh, Hh, Hh, Hh, Re^Vct, Hh, Ww, Hh, Hh, Gg, Gs, Gg^Efm, Gg, Gs, Gs, Gg
Wo, Wo, Wo, Wo, Ww, Ww, Ww, Wo, Wo, Wo, Wo, Wo, Wo, Ww^Vm, Wo, Wo, Ww, Wo, Wo, Wo, Ww, Ds, Ds, Gs, Gs, Gg^Efm, Gs, Gs, Gs, Gs, Hh, Hh, Hh, Hh, Gg, Hh, Hh, Hh, Hh, Hh, Rd, Hh, Hh, Ww, Ww, Hh, Gs, Gs, Gs, Gg^Efm, Gg^Efm, Gs
Wo, Wo, Ww, Ww, Gg^Efm, Gg, Ww, Wo, Wo, Wo, Wo, Wo, Wo, Wo, Wo, Ww, Ww, Wo, Ww^Vm, Wo, Ww, Ww, Ds, Gg, Gg^Efm, Gs, Gs, Gs, Gg, Hh, Hh, Hh, Hh, Hh, Gg, Gg^Efm, Hh, Hh, Hh, Hh, Rd, Hh, Ww, Ww, Hh, Hh, Hh, Gs, Gs, Gg^Efm, Gs, Gg
Wo, Wo, Ww, Gg^Efm, Gg, Gg^Efm, Ww, Wo, Wo, Ww^Vm, Wo, Wo, Wo, Wo, Wo, Wo, Ww, Wo, Wo, Wo, Ds, Ds, Ds, Ds, Gg^Efm, Gg^Efm, Gs, Gg, Gg, Gs, Hh, Hh, Hh, Gg, Hh, Hh, Hh, Hh, Rd, Rd, Rd, Hh, Hh, Ww, Hh, Hh, Gs, Gs, Gg^Efm, Gs, Gs, Gs
Wo, Wo, Wo, Ww, Ww, Ww, Wo, Wo, Wo, Wo, Wo, Wo, Ww, Wo, Ww, Wo, Wo, Wo, Wo, Ww, Ww, Ds, Ds, Gg, Gg, Gs, Hh, Gs, Hh, Hh, Hh, Hh, Hh, Hh, Hh^Vc, Hh, Hh, Rd, Mm, Mm, Rd, Hh, Hh, Hh, Hh, Hh, Gg, Gg^Efm, Rd, Rd, Rd, Rd
Wo, Wo, Wo, Wo, Wo, Wo, Wo, Wo, Wo, Wo, Ww, Ww, Ds, Ww, Ds, Ww, Ww, Wo, Ww, Wo, Ww, Ds, Ds, Gg, Gs, Gs, Hh, Hh, Hh, Hh, Gg, Hh, Hh, Hh, Hh, Hh, Rd, Rd, Hh, Hh, Hh, Rd, Rd, Hh, Hh, Hh, Rd, Rd, Gs, Gg, Gg, Gg
Wo, Wo, Ww, Wo, Ww, Wo, Ww, Wo, Wo, Wo, Ww, Ww, Ds, Ds, Gg, Ds, Ds, Ww, Ds, Ww, Ds, Ds, Ds, Gs, Gg, Gs, Gg, Hh, Hh, Hh, Gg, Hh, Hh, Hh, Rd, Rd, Hh, Hh, Hh, Hh, Hh, Hh, Rd, Hh, Rd, Rd, Hh, Gs, Gs, Gg, Gg, Gs
Wo, Wo, Wo, Ww, Ww, Ww, Wo, Wo, Wo, Ww^Vm, Ww, Ds, Gs, Gg, Gs^Vht, Gs, Gs, Ds, Gg^Efm, Ds, Gs, Gs^Vht, Ds, Gs, Gs, Gg^Efm, Gg, Hh, Hh, Hh, Hh, Gg^Efm, Rd, Rd, Hh, Hh, Hh, Hh, Gg^Efm, Gg, Hh, Hh, Hh, Rd, Hh, Hh, Hh, Hh, Hh, Gs, Gs, Gs
Wo, Wo, Wo, Wo, Wo, Wo, Wo, Wo, Ww^Bw\, Ww, Ds, Ds, Gg^Efm, Hh, Hh, Hh, Gs, Gg^Efm, Gg^Efm, Gg^Efm, Gs, Gs, Gs, Gs, Gs, Gs, Gs, Gg, Hh, Hh, Rd, Rd, Hh, Hh, Hh, Hh, Hh, Hh, Hh, Gg, Hh, Hh, Hh, Rd, Hh, Hh, Hh, Hh, Hh, Gs, Gs, Gs
Wo, Wo, Wo, Wo, Wo, Wo, Wo, Wo, Chw, Rd, Rd, Gg^Efm, Gg^Efm, Gg^Efm, Gg^Efm, Gg^Efm, Gg^Efm, Gs, Gs, Gs, Gs, Gs, Hh, Gs, Gg, Gs, Rd, Hh, Rd, Rd, Hh, Hh, Hh, Hh^Fp, Hh^Fp, Hh^Fp, Hh, Hh, Hh, Hh, Hh, Hh, Ch, Ch, Ch, Hh, Hh, Hh, Hh, Hh, Gg, Gg
Wo, Ww, Ww, Wo, Wo, Wo, Ww, Chw, Ds, Khw, Ds, Rd, Rd, Gg, Ce, Gg, Gg, Gg, Gs, Gg, Gg, Hh^Fp, Gs^Vht, Hh^Fp, Rd, Rd, Gs, Rd, Hh, Hh, Hh, Hh, Hh, Hh, Hh, Hh, Hh, Hh, Hh, Hh, Hh, Hh, Ch, 3 Kh, Ch, Hh, Hh, Hh^Fds, Hh, Gs, Gg, Gg
Ww, Ww, Ww, Wo, Wo, Wo, Ww, Ds, Gg, Ds, Gg, Gs, Gs, Ce, 1 Ke, Ce, Gg, Gs^Vht, Gs, Gg, Gs, Hh, Rd, Rd, Gs, Gs, Hh, Hh, Hh, Hh^Fms, Hh, Hh, Mm^Vc, Mm, Hh, Hh, Gg, Hh, Hh, Hh, Hh, Hh, Hh, Ch, Hh, Hh, Hh, Hh, Hh, Gg, Gg, Gs
Ww, Ww, Wo, Wo, Ww^Vm, Wo, Ww, Ds, Ds, Gg, Gg^Efm, Gg, Gs, Ce, Ce, Ce, Rd, Gs, Gs, Gs, Rd, Rd, Gg, Gg, Gs, Gs, Hh, Hh, Hh, Hh, Hh, Mm, Mm, Mm, Hh, Hh, Hh, Gg, Gg, Hh, Hh, Hh, Hh, Rd, Rd, Hh, Hh, Hh, Hh, Gg, Gs, Gs
Ww, Ww, Wo, Wo, Wo, Wo, Wo, Ww, Ds, Hh, Hh, Gs, Gs^Vht, Gs, Gs, Gs, Gs, Rd, Rd, Rd, Gs^Vht, Gs, Gg^Efm, Gg^Efm, Gg, Gs, Gs, Hh, Hh, Hh^Vc, Hh, Hh, Ww, Hh, Hh, Hh, Hh, Hh, Gg, Hh, Hh, Hh, Hh^Fp, Hh, Rd, Hh, Hh, Hh, Hh, Gs, Gs, Gs
Wo, Wo, Wo, Wo, Wo, Wo, Wo, Ww, Ww, Ds, Ds, Gs, Gg, Gg^Efm, Gg, Gs, Gs^Vht, Gs, Gg, Rd, Rd, Gs, Gs, Gg^Efm, Gs, Gs^Vht, Gs, Hh, Ww, Hh, Ww, Ww, Ww, Hh, Hh^Fp, Hh, Hh, Hh, Hh, Hh, Hh, Hh^Fp, Hh, Hh, Rd, Hh, Hh, Hh, Hh, Hh, Gs, Gg
Wo, Wo, Wo, Ww^Vm, Wo, Wo^Yf, Wo, Wo, Wo, Ww, Ww, Ds, Gs, Gg^Efm, Gg^Efm, Gs, Gs, Gs, Gg^Efm, Gg, Gs, Rd, Rd, Gs, Rd, Gs, Ww, Ww, Ds, Ww, Hh, Hh, Ww, Ww, Ww, Hh, Hh^Fp, Hh, Hh^Fp, Hh, Hh, Hh^Fp, Hh, Hh^Vc, Rd, Hh, Hh, Hh, Hh, Hh, Gg, Gg
Wo^Yf, Wo, Wo, Wo, Wo, Wo, Wo, Wo, Wo, Wo, Ww, Ds, Ds, Gs, Gg, Gg, Ds, Gs, Gg, Gs^Vht, Gg, Gs, Gs, Rd, Ww^Bw\, Ww, Gs, Gg^Efm, Gg, Ds, Hh, Hh, Hh, Ww, Hh, Hh^Fp, Hh^Fp, Hh^Fp, Hh, Hh, Hh, Hh, Hh^Fds, Hh, Rd, Hh, Hh, Hh, Hh, Hh, Hh, Hh
Wo, Wo, Wo, Wo, Wo, Wo, Wo, Wo, Wo, Wo, Wo, Ww, Ww, Ds, Ds, Gg, Ds, Ds, Ds, Gg, Ds, Ds, Ww, Ww, Gg, Rd, Gs, Gg^Efm, Gg, Gs, Gs, Gs, Hh, Hh, Hh, Hh, Hh, Hh, Hh, Hh, Hh, Hh, Hh, Hh, Rd, Gs, Gs, Gs, Hh, Gs, Hh, Hh
Wo, Wo, Ww, Ww, Ww, Ww, Ww, Ww, Wo, Wo, Wo, Wo, Ww, Ds, Ww, Ds, Ww, Ww, Ww, Ds, Ww, Ww, Ds, Gs, Gg, Rd, Gs, Gs^Vht, Gg, Gg^Efm, Gs, Hh, Hh, Hh, Hh, Hh, Gg^Efm, Hh, Hh, Hh^Vc, Hh, Hh, Rd, Rd, Hh, Rd, Rd, Gs, Gs, Hh, Gg, Gs
Wo, Wo, Ww, Wo, Wo, Ww, Ww, Ww, Wo, Ww^Vm, Wo, Wo, Wo, Ww, Wo, Ww, Wo, Wo, Wo, Ww, Ww, Ww, Ds, Gs, Gg^Efm, Rd, Rd, Gs, Gs, Gg^Efm, Gs, Hh, Hh, Hh, Hh, Gg^Efm, Gg^Efm, Hh, Hh, Hh, Rd, Rd, Hh, Hh, Hh, Gs, Gs, Rd, Rd, Gs, Gg^Efm, Gg
Wo, Wo, Ww, Ww, Ww, Ww, Ww, Ww, Wo, Wo, Wo, Wo, Wo, Wo, Wo, Wo, Wo, Wo, Wo, Wo, Ds, Ww, Ds, Gg^Efm, Gg^Efm, Gg^Efm, Gg, Rd, Rd, Gs, Gs, Gs, Hh, Hh, Gg, Gg, Gs, Gs, Rd, Rd, Hh, Hh, Hh^Fp, Hh^Fp, Hh, Gg, Gg^Efm, Gg^Efm, Rd, Gg, Gg^Efm, Gs
Wo, Wo, Ww, Ww, Wo, Ww, Ww, Wo, Wo, Wo, Wo, Wo, Ww^Vm, Wo, Wo, Wo, Wo, Ww^Vm, Wo, Wo, Wo, Ds, Ds, Gg, Gs, Gg, Rd, Rd, Gs, Rd, Rd, Gs, Rd, Gs, Gs, Gs, Rd, Rd, Gs, Hh, Hh, Hh, Hh, Hh, Hh, Gs, Gs, Gg^Efm, Rd, Gs, Gs, Gg
Wo, Wo, Wo, Wo, Wo, Wo, Ww, Ww, Ww, Ww, Wo, Wo, Wo, Wo, Wo, Wo, Wo, Wo, Wo, Wo, Ww, Ww, Ww, Gs, Gs, Rd, Gg, Gg, Gs, Gs, Gg, Rd, Gg^Fet, Rd, Rd, Rd, Gs, Gg, Gg^Efm, Hh, Hh, Ww, Ww, Hh, Hh, Hh, Gs, Gg, Rd, Gs, Gg^Efm, Gs
Wo, Wo, Wo, Wo, Ww^Vm, Wo, Wo, Wo, Wo, Wo, Wo, Wo, Wo, Wo, Ww, Ww, Ww, Wo, Wo, Wo, Ds, Ww, Ds, Ww, Ww, Rd, Gs, Gg, Ww, Gs, Gg, Gg, Ww, Gs, Gs, Rd, Rd, Gs, Hh, Hh, Ww, Ww, Ww, Hh, Hh, Hh, Gs, Gs, Rd, Gg^Efm, Gg, Gs
Ww, Wo, Ww, Wo, Wo, Wo^Yf, Wo, Wo, Wo, Wo, Wo, Wo, Wo, Wo, Ww, Ww, Ww, Wo, Wo, Ww, Ww, Ds, Gg, Gg, Gs, Ww^Bw|, Ww, Ww, Gg^Efm, Ww, Ww, Ww, Ch, Ww, Ww, Gs, Rd, Gs, Hh, Hh, Hh, Ww, Hh, Hh, Hh^Fds, Gs, Gg, Gg, Rd, Gs, Gs, Gs
Ww, Ww, Wo, Wo, Wo, Wo, Wo, Wo, Wo, Wo, Wo, Ww^Vm, Wo, Wo, Ww, Ww, Wo, Wo, Wo, Ww, Ww, Ds, Gg, Gg^Efm, Gs, Rd, Gg, Gg, Gg^Efm, Gg^Efm, Gg, Ch, 4 Kh, Ch, Ww, Gg^Efm, Rd, Gs, Gs, Hh, Hh, Hh, Hh, Hh, Gs, Gg^Efm, Gg^Efm, Gs, Gs, Rd, Rd, Gs
Wo, Wo, Wo, Wo, Wo, Wo, Wo, Wo, Wo, Wo, Wo, Wo, Wo, Wo, Wo, Ww, Ww, Wo, Wo, Wo, Ww, Ds, Ds, Gg, Gg, Rd, Gg, Gs, Gs, Gg, Gs, Ch, Ch, Ch, Ww, Gg, Rd, Gg^Efm, Gg^Efm, Hh, Hh, Hh, Hh, Hh, Gs, Gg^Efm, Gg^Efm, Gg, Gg, Gs, Gs, Rd
Wo, Wo, Wo, Wo, Wo, Wo, Wo, Ww^Vm, Wo, Wo, Wo, Wo, Wo, Wo, Wo, Wo, Wo, Wo, Ww^Vm, Wo, Ww, Ds, Ds, Gg, Gs, Rd, Gs, Gg, Gs, Gs, Gs, Gs, Gs, Gg, Ww, Gs, Rd, Gs, Gg^Efm, Gg^Efm, Hh, Hh, Hh^Fp, Hh, Hh, Gs, Hh, Gs, Gg, Gg, Gs, Gs
Wo, Wo, Ww, Ww, Ww, Ww, Ww, Wo, Wo, Wo, Wo, Wo, Wo, Wo, Wo, Wo, Wo, Wo, Wo, Wo, Ww, Ww, Ds, Ds, Gs, Rd, Gs, Gs, Gg, Gs, Gg^Efm, Gg, Gs, Gg, Gg, Ww, Ww^Bw|, Gs, Gg, Gg, Hh, Hh, Hh^Fp, Hh, Hh, Hh, Hh^Fds, Gs, Gs, Gs^Vht, Gg^Efm, Gg
Ww, Ww, Wo, Ww, Ww, Ww, Ww, Ww, Ww, Wo, Ww, Ww, Wo, Wo, Wo, Wo, Ww^Vm, Wo, Wo, Ww, Ww, Ds, Ds, Gs, Gs, Rd, Gg^Efm, Gg, Gs, Gs, Gg, Gg, Gs, Gs, Gs, Gg, Rd, Ww, Ww, Hh, Hh, Hh^Fp, Hh, Hh^Fp, Hh, Hh^Fds, Gs, Gs, Gg, Gg^Efm, Gs, Gs
Wo, Wo, Wo, Wo, Wo, Ww, Ww, Ww, Wo, Ww, Ww, Ww, Wo, Wo, Wo, Wo, Wo, Wo, Wo, Ww, Ww, Ds, Ds, Gg, Gs, Rd, Gg, Gg^Efm, Gg, Ww, Gs, Gs, Gs^Vht, Gs, Gg^Efm, Gg^Efm, Rd, Gs, Gs, Ww, Gs, Hh, Hh, Hh^Fp, Hh, Hh, Gg, Gs, Gs, Gg^Efm, Gg^Efm, Gs
Ww, Wo, Wo, Wo, Ww^Vm, Wo, Wo, Wo, Ww, Ww, Ww, Wo, Wo, Ww^Vm, Wo, Ww, Wo, Wo, Wo, Wo, Ww, Ww, Ds, Gg, Gs, Rd, Rd, Gs, Gs, Ww, Ww, Gs, Gg, Gs, Gg^Efm, Gg, Rd, Gs, Gs, Ww, Ww, Hh, Hh^Fds, Hh, Hh^Fds, Gg, Gg^Efm, Gs, Gs, Gg^Efm, Gg^Efm, Gs
Ww, Ww, Ww, Wo, Wo, Wo, Wo, Wo, Wo, Ww, Wo, Ww, Wo, Wo, Wo, Ww, Wo, Wo, Wo, Wo, Ww, Ww, Ds, Gs, Gg^Efm, Gs, Gs, Rd, Gg, Ww, Ww, Gs, Gg, Gg, Gs, Gg, Rd, Gg, Gg, Hh, Ww, Ww, Ww, Hh^Fds, Ww, Ww, Ww, Gs, Gs, Gs, Gs, Gs
Ds, Ds, Ww, Ww, Wo, Wo, Wo, Wo, Wo, Wo, Wo, Wo, Wo, Wo, Ww, Ww, Wo, Ww, Wo, Wo, Ww, Gs, Ds, Gs, Gs, Gg^Efm, Gs, Rd, Gg, Ww, Ww, Ww, Gs, Gg, Gs, Gs, Rd, Gg, Gg, Gg^Efm, Hh^Fms, Hh^Fms, Hh^Fms, Ww, Ww, Hh^Fms, Gs, Ww, Ww, Gs, Gg, Gg
Gg, Ds, Ww, Wo, Wo, Ww^Vm, Wo, Wo, Wo, Wo^Yf, Wo, Wo, Ww, Ww, Ww, Wo, Wo, Ww, Wo, Ww, Ds, Ds, Gs, Gs, Gg^Efm, Gg, Gs, Rd, Rd, Gg, Gg, Gg^Efm, Gs, Gs, Rd, Rd, Gs, Gs, Gg^Efm, Gg^Efm, Gg, Hh^Fms, Hh^Vo, Hh^Fms, Hh^Fms, Hh^Fms, Gs, Ww, Ww, Gs, Gg^Efm, Gs
Gg, Ds, Ds, Ww, Ww, Wo, Wo, Wo, Wo, Wo, Ww, Ww, Wo, Wo, Wo, Ww, Ww, Ww, Wo, Ww, Ds, Ds, Gs, Gg, Gg, Gs, Gs, Rd, Gs, Rd, Rd, Gg^Efm, Gs, Rd, Gs, Hh, Hh^Fds, Gs, Gg, Gg^Efm, Hh, Hh^Fms, Hh^Fms, Hh^Fms, Hh^Fms, Gs^Fds, Hh^Fms, Gs, Ww, Gg, Gs, Gs
Gg, Ds, Ds, Ds, Ww, Wo, Wo, Wo, Wo, Wo, Wo, Wo, Wo, Wo, Ww^Vm, Wo, Wo, Wo, Wo, Ww, Ww, Ds, Ds, Gs, Gg^Efm, Gs, Gg, Rd, Gs, Gs, Rd, Gs, Gs, Rd, Hh^Fds, Hh, Gg, Gs, Gg, Gs, Hh^Fms, Hh^Fms, Hh^Fms, Hh, Hh^Fms, Hh^Fms, Gs^Fds, Gg, Gg, Ww, Gs, Gs
Gg, Gg, Gg, Ds, Ds, Ww, Wo, Wo, Wo, Wo, Wo, Wo, Wo, Wo, Wo, Wo, Wo, Wo, Wo, Wo, Wo, Ww, Ds, Gg^Efm, Gg^Efm, Gg, Rd, Rd, Gg^Efm, Gs, Gs, Rd, Rd, Rd, Gs, Hh^Fds, Gg, Gs, Gs, Gs, Gs, Gs, Hh^Fms, Hh^Fms, Hh^Fms, Gs^Fds, Gs^Fds, Gg^Efm, Gs, Ww, Ww, Gs
Gg, Gg, Ds, Ds, Ww, Ww, Wo, Wo, Ww, Wo, Wo, Wo, Wo, Wo, Wo, Wo, Wo, Wo, Wo, Wo, Wo, Ww, Ds, Gg, Rd, Rd, Gs, Gg, Gg, Gg^Efm, Gg, Gs, Gs, Rd, Gg, Gg, Gg^Efm, Gg^Efm, Gg, Gg, Gg, Gs, Hh^Fms, Hh^Fms, Hh^Fms, Gs^Fds, Gs^Fds, Gs^Fds, Gs^Fds, Gs, Gs, Ww
