Wog, Wog, Wog, Wog, Wog, Wog, Wog, Wog, Wog, Wog, Wog, Wog, Wog, Wog, Wog, Wog, Wog, Wwg, Wwg, Wwg, Wwg, Wwg, Wwg, Wwg, Wog, Wog, Wog, Wog, Wog, Wog, Wog, Wog, Wog, Wog, Wog, Wog, Wog, Wog, Wog, Wog, Wog, Wog
Wog, Wog, Wog, Wog, Wog, Wog, Wog, Wog, Wog, Wog, Wog, Wog, Wog, Wog, Wog, Wog, Wog, Wwg, Wog, Wwg, Wwg, Wwg, Wwg, Wwg, Wwrg, Wog, Wog, Wog, Wog, Wog, Wog, Wog, Wog, Wog, Wog, Wog, Wog, Wog, Wog, Wog, 1 Wog, Wog
Wog, Wog, Wog, Wog, Wog, Wog, Wog, Wog, Wog, Wog, Wog, Wog, Wog, Wog, Wog, Wog, Wog, Wog, Wog, Wwg, Wwg, Wwg, Wwg, Wwrg, Wog, Wog, Wog, Wog, Wog, Wog, Wog, Wog, Wog, Wog, Wog, Wog, Wog, Wog, Wog, Wog, Wog, Wog
Wog, Wog, Wog, Wog, Wog, Wog, Wog, Wog, Wog, Wog, Wog, Wog, Wog, Wog, Wog, Wog, Wog, Wog, Wwg, Wwg, Wog, Wog, Wwg, Wog, Wog, Wog, Wog, Wog, Wog, Wog, Wog^Yf, Wog, Wog, Wog, Wog, Wog, Wog, Wog, Wog, Wog, Wog, Wog
Wog, Wog, Wog, Wog, Wog, Wog, Wog, Wog, Wog, Wog, Wog, Wog, Wog, Wog, Wog, Wog, Wog, Wog, Wwg, Wwg, Wwg, Wwg, Wwg, Wog, Wog, Wog, Wog, Wog, Wog, Wog, Wog, Wog, Wog, Wog, Wog, Wog, Wog, Wog, Wog, Wog, Wog, Wog
Wog, Wog, Wog, Wog, Wog, Wog, Wog, Wog^Vm, Wog, Wog, Wog, Wog, Wog, Wog, Wog, Wog, Wog, Wog, Wog, Wwg, Wog, Wwg, Wwg, Wog, Wog, Wog, Wog, Wog, Wog, Wog, Wog, Wog, Wog, Wog, Wog, Wog, Wog, Wog, Wog, Wog, Wog, Wog
Wog, Wog, Wog, Wog, Wog, Wog, Wog, Wog, Wog, Wog, Wog, Wog, Wog, Wog, Wog, Wog, Wog, Wog, Wog, Wog, Wog, Wog, Wog, Wog, Wog, Wog, Wog, Wog, Wog, Wog, Wog, Wog, Wog, Wog, Wog, Wog, Wog, Wog, Wog, Wog, Wog, Wog
Wog, Wog, Wog, Wog, Wog, Wog, Wog, Wog, Wog, Wog, Wog, Wog, Wog, Wog, Wog, Wog, Wog, Wog, Wog^Yf, Wog, Wog, Wog, Wog, Wog, Wog, Wog, Wog, Wog, Wog, Wog, Wog, Wog, Wog, Wog, Wog, Wog, Wog, Wog, Wog, Wog, Wog, Wog
Wog, Wog, Wog, Wog, Wog, Wog, Wog, Wog, Wog, Wog, Wog, Wog, Wog, Wog, Wog, Wog, Wog, Wog, Wog, Wog, Wog, Wog, Wog, Wog, Wog, Wog, Wog, Wog, Wog, Wog, Wog, Wog, Wog, Wog, Wog, Wog, Wog, Wog, Wog, Wog, Wog, Wog
Wog^Yf, Wog, Wog, Wog, Wog, Wog, Wog, Wog, Wog, Wog, Wog, Wog, Wog, Wog, Wog, Wog, Wog, Wog, Wog, Wog, Wog, Wog, Wog, Wog, Wog, Wog, Wog, Wog, Wog, Wog, Wog, Wog, Wog, Wog, Wwg, Wog, Wog, Wog, Wog, Wog, Wog, Wog
Wog, Wog, Wog, Wog, Wog, Wog, Wog, Wog, Wog, Wog, Wog, Wog, Wog, Wog^Vm, Wog, Wog, Wog, Wog, Wog, Wog, Wog, Wog, Wog, Wog, Wog, Wog, Wog, Wog, Wog, Wog, Wog, Wog, Wwg, Wwg, Ds, Wwg, Wog, Wog, Wog, Wog, Wog, Wog
Wog, Wog, Wog, Wog, Wog, Wog, Wog, Wog, Wog, Wog, Wog, Wog, Wog, Wog, Wog, Wog, Wog, Wog, Wog, Wog, Wog, Wog, Wog, Wog, Wog, Wog, Wog, Wog, Wog, Wog, Wwg, Wwg, Wwg, Wwg, Ds, Wog, Wwg, Wwg, Wog, Wog, Wog, Wog
Wog, Wog, Wwg, Wwg, Wog, Wog, Wog, Wog, Wog, Wog, Wog, Wog, Wog, Wog, Wog, Wog, Wog, Wog, Wog, Wog, Wog, Wog, Wog, Wog, Wog, Wog, Wog, Wog, Wog, Wog, Wwg, Ds, Ds, Ds, Ds, Wwg, Ds, Wwg, Wog, Wog, Wog, Wog
Wog, Wog, Wwg, Wwrg, Wog, Wog, Wog, Wog, Wog, Wog, Wog, Wog, Wog, Wog, Wog, Wog, Wog, Wog, Wwg, Wog, Wwg, Wog, Wog, Wog, Wog, Wog, Wog, Wog, Wog, Wwg, Ds, Ds, Gs^Ft, Gs^Ft, Gs^Ft, Ds, Ds, Wog, Wog, Wog, Wog, Wog
Wog, Wog, Wog, Wwg, Wog, Wog, Wog, Wog, Wog, Wog, Wog, Wog, Wog, Wog, Wog, Wog, Wog, Wwg, Ds, Ds^Ewsh, Wwg, Wog, Wog, Wog, Wog, Wog, Wog, Wog, Wog, Wwg, Ds, Gs^Ft, Gs, Gs^Ft, Gs^Ft, Gs, Ds, Ds, Wwg, Wog, Wog, Wog
Wog, Wog, Wog, Wog, Wog, Wog, Wog, Wog, Wog, Wog, Wog, Wog, Wog, Wog, Wog, Wog, Wog, Wwg, Wwg, Wog, Wog, Wog, Wog, Wog, Wog, Wog, Wog, Wog, Wog, Wwg, Wwg, Ds, Wwg, Ds, Ds, Ds, Wwg, Wwg, Wwg, Wog, Wog, Wog
Wog, Wog, Wog, Wog, Wog, Wog, Wog, Wog, Wog, Wog, Wog, Wog, Wog, Wog, Wog, Wog, Wog, Wog, Wog, Wog, Wog, Wog, Wog, Wog, Wog, Wog, Wog, Wog, Wog, Wog, Wog, Wwg, Wwg, Wwg, Wwg, Ds, Wwg, Wwg, Wog, Wog, Wog, Wog
Wog, Wog, Wog, Wog, Wog, Wog, Wog, Wog, Wog, Wog, Wog, Wog, Wog, Wog, Wog, Wog, Wog, Wog, Wog^Yf, Wog, Wog, Wog, Wog, Wog, Wog, Wog, Wog, Wog, Wog, Wog, Wog, Wog, Wog, Wog, Wog, Wwg, Wog, Wog, Wog, Wog, Wog, Wog
Wog, Wog, Wog, Wog, Wog, Wog, Wog^Yf, Wog, Wog, Wog, Wog, Wog, Wog, Wog, Wog, Wog, Wog, Wog, Wog, Wog, Wog, Wog, Wog, Wog, Wog, Wog, Wog, Wog, Wog, Wog, Wog, Wog, Wog, Wog, Wog^Yf, Wog, Wog, Wog, Wog, Wog, Wog, Wog
Wog, Wog, Wog, Wog, Wog, Wog, Wog, Wog, Wog, Wog, Wog, Wog, Wog, Wog, Wog, Wog, Wog, Wog, Wog, Wog, Wog, Wog, Wog, Wog, Wog, Wog, Wog, Wog, Wog, Wog, Wog, Wog, Wog, Wog, Wog, Wog, Wog, Wog, Wog, Wog, Wog, Wog
Wog, Wog, Wog, Wog, Wog, Wog, Wog, Wog, Wog, Wwg^Vm, Wog, Wog, Wog, Wog, Wog, Wog, Wwg, Wog, Wog, Wog, Wog, Wog, Wog, Wog, Wog, Wog, Wog, Wog, Wwg, Wog, Wog, Wog, Wog, Wog, Wog, Wog, Wog, Wog, Wog, Wog, Wog, Wog
Wog, Wog, Wog, Wog, Wog, Wog, Wog, Wog, Wog, Wog, Wog, Wog, Wwg, Wog, Wog, Wwg, Wwg, Wog, Wog, Wog, Wog, Wog, Wog, Wog, Wog, Wog, Wog, Wog, Wwrg, Wwg, Wog, Wog, Wog, Wog, Wog, Wog, Wog, Wog, Wog, Wog, Wog, Wog
Wog, Wog, Wog, Wog, Wog, Wog, Wog, Wog, Wog, Wog, Wwg, Wog, Wwg, Wwg, Wwg, Wwg, Ds, Wwg, Wwg, Wog, Wog, Wog, Wog, Wog, Wog, Wog, Wog, Wwg, Wwrg, Wog, Wog, Wog, Wog, Wog, Wog, Wog, Wog, Wog, Wog, Wog, Wog, Wog
Wog, Wog, Wog, Wog, Wog, Wog, Wog, Wog, Wog, Wwg, Wwg, Wwg, Ds, Gs, Gs, Wwg, Ds, Wwg, Wwg^Bw/r, Wwg, Wwg, Wwg, Wog, Wog, Wog, Wog, Wog, Wog, Wwrg, Wwg, Wog, Wog, Wog, Wog, Wog, Wog, Wog, Wog, Wog, Wog, Wog, Wog
Wog, Wog, Wog, Wog, Wog, Wog, Wog, Wog, Wog, Wwg, Ds, Ds, Gs, Ds, Ds, Ds, Gs, Ds, Ds, Ds, Ds^Edt, Wwg, Wog, Wog, Wog, Wog, Wog, Wog, Wwg, Wog, Wog, Wog, Wog, Wog, Wog, Wog, Wog, Wog, Wog, Wog, Wog, Wog
Wog, Wog, Wog, Wog, Wog, Wog, Wog, Wog, Wog, Wwg, Ds, Ds, Gs, Gs, Hh, Gs, Hh^Fms, Gs, Gs, Ds, Wwg, Wwg, Wog, Wog, Wog, Wog, Wog, Wog, Wog, Wog, Wog, Wog, Wog, Wog^Vm, Wog, Ds, Gs, Ds, Gs, Wog, Wog, Wog
Wog, Wog, Wog, Wog, Wog, Wog, Wog, Wog, Wwg, Wwg, Ds, Gs, Hh, Hh, 2 Khr, Hh, Hh, Gs, Ds, Ds, Wwg, Wog, Wog, Wog, Wog, Wog, Wog, Wog, Wog, Wog, Wog, Wog, Wog, Wog, Wog, Gs, Gs^Ft, Gs^Ft, Gs^Ft, Ds, Ds, Wog
Wog, Wog, Wog, Wog, Wog, Wog, Wog, Wog, Wwg, Ds, Ds, Gs, Gs, Hh, Gs, Gs, Ds, Ds, Wwg, Wwg, Wog, Wog, Wog, Wog, Wog, Wog, Wog, Wog, Wog, Wog^Yf, Wog, Wog, Wog, Wog, Wog, Ds, Gs^Ft, Gg^Do, Gs^Ft, Gs, Wog, Wog
Wog, Wog, Wog, Wog, Wog, Wog, Wog, Wog, Wwg, Ds, Ds, Gs, Ds, Hh, Ds, Gs, Ds, Wwg, Wog, Wog, Wog, Wog, Wog, Wog, Wog, Wog, Wog, Wog, Wog, Wog, Wog, Wog, Wog, Wog, Wog, Wog, Ds, Gs^Ft, Gs, Gs, Wog, Wog
Wog, Wog, Wog, Wog, Wog, Wog, Wog, Wog, Wog, Wog, Ds, Ds, Ds, Ds, Wwg, Ds, Ds, Wwg, Wog, Wog, Wog, Wog, Wog, Wog, Wog, Wog, Wog, Wog, Wog, Wog, Wog, Wog, Wog, Wog, Wog, Wog, Wog, Wog, Ds, Ds, Wog, Wog
Wog, Wog, Wog, Wog, Wog, Wog^Yf, Wog, Wog, Wog, Wwg, Wwg, Wwg, Wwg, Wwg, Wog, Wwg, Wwg, Wwg, Wog, Wog, Wog, Wog, Wog, Wog, Wog, Wog, Wog, Wog, Wog, Wog, Wwg, Wog, Wog, Wog, Wog, Wog, Wog, Wog, Wog, Wog, Wog, Wog
Wog, Wog, Wog, Wog, Wog, Wog, Wog, Wog, Wog, Wog, Wog, Wog, Wog, Wog, Wog, Wwg, Wog, Wog, Wog, Wog, Wog, Wog, Wog, Wog, Wog, Wog, Wog, Wog, Wwg, Wwg, Wwg, Wog, Wog, Wog, Wog, Wog, Wog, Wog, Wog, Wog, Wog, Wog
Wog, Wog, Wog, Wog, Wog, Wog, Wog, Wog, Wog, Wog, Wog, Wog, Wog, Wog, Wog, Wog, Wog, Wog, Wog, Wog, Wog, Wog, Wog, Wog, Wog, Wog, Wog, Ds, Ds, Gs, Ds, Wwg, Wog, Wog, Wog, Wog, Wog, Wog, Wog, Wog, Wog, Wog
Wog, Wog, Wog, Wog, Wog, Wog, Wog, Wog, Wog, Wog, Wog^Yf, Wog, Wog, Wog, Wog, Wog, Wog, Wog, Wog, Wog, Wog, Wog, Wog, Wog, Wog, Wog, Wog, Wwg, Gs^Es, Gg^Fet, Gs, Wwg, Wog, Wog, Wog, Wog, Wog, Wog, Wog, Wog, Wog, Wog
Wog, Wog, Wog, Wog, Wog, Wog, Wog, Wog, Wog, Wog, Wog, Wog, Wog, Wog, Wog, Wog, Wog, Wog, Wog, Wog, Wog, Wog, Wog, Wog, Wog, Wog, Wwg, Wwg, Wwg, Gs, Wwg, Wwg, Wog, Wog, Wog, Wog, Wog, Wog, Wog, Wog, Wog, Wog
Wog, Wog, Wog, Wog, Wog, Wog, Wog, Wog, Wog, Wog, Wog, Wog, Wog, Wog, Wog, Wog, Wog, Wog, Wog, Wog, Wog, Wog, Wog, Wog, Wog, Wog, Wog, Wwg, Wog, Wwg, Wog, Wwg, Wog, Wog, Wog, Wog, Wog, Wog, Wog, Wog, Wog, Wog
Wog, Wog, Wog, Wog, Wwrg, Wog, Wog, Wog, Wog, Wog, Wog, Wog, Wog^Vm, Wog, Wog, Wog, Wog, Wog, Wog, Wog, Wog, Wog, Wog, Wog, Wog, Wog, Wog, Wog, Wog, Wog, Wog, Wog, Wog, Wog, Wog, Wog, Wog, Wog, Wog, Wog, Wog, Wog
Wog, Wog, Wwg, Wwg, Wog, Wog, Wog, Wog, Wog, Wog, Wog, Wog, Wog, Wog, Wog, Wog, Wog, Wog, Wog, Wog, Wog, Wog, Wog, Wog, Wog, Wog, Wog, Wog, Wog, Wog, Wog, Wog, Wog, Wog, Wog, Wog, Wog, Wog, Wog, Wog, Wog, Wog
Wog, Wog, Wwg, Wwrg, Wog, Wog, Wog, Wog, Wog, Wog, Wog, Wog, Wog, Wog, Wog, Wog, Wog, Wog, Wog, Wog, Wog, Wog, Wog, Wog, Wog, Wog, Wog, Wog, Wog, Wog, Wog, Wog, Wog, Wog, Wog, Wog, Wog, Wog, Wog, Wog, Wog, Wog
Wog, Wog, Wog, Wog, Wog, Wog, Wog, Wog, Wog, Wog, Wog, Wog, Wog, Wog, Wog, Wog, Wog, Wog, Wog, Wog, Wog, Wog, Wog, Wog, Wog, Wog, Wog, Wog, Wog, Wog, Wog, Wog, Wog, Wog, Wog, Wog, Wog, Wog, Wog, Wog, Wwg, Wwg
Wog, Wog, Wog, Wog, Wog, Wog, Wog, Wog, Wog, Wog, Wog, Wog, Wog, Wog, Wog, Wog, Wog, Wog, Wog, Wog, Wog, Wog, Wog, Wog, Wog, Wog, Wog, Wog, Wog, Wog, Wog, Wog, Wog, Wog, Wog, Wog, Wog, Wog, Wog, Wog, Wwg, Wwg
Wog, Wog, Wog, Wog, Wog, Wog, Wog, Wog, Wog, Wog, Wog, Wog, Wog, Wog, Wog, Wog, Wog, Wog, Wog, Wog, Wog, Wog, Wog, Wog, Wog, Wog, Wog, Wog, Wog, Wog, Wog, Wog, Wog, Wog, Wog, Wog, Wog, Wog, Wwg, Wwg, Wwg, Wwg
