Iwr, Xoi, Xoi, Xoi, Xoi^Efs, Rrc, Rrc, Rrc^Eqf, Rrc^Eqf, Gg, Gg, Gg, Gg, Gg, Gg, Gg^Efm, Gg^Efm, Gg^Efm, Gg^Efm, Gg, Gg, Gg, Gg, Gg, Gg^Efm, Gg, Gg^Efm, Gg^Efm, Gg^Efm, Gg^Efm, Gg^Wm, Gg, Gg^Wm, Gg^Efm, Gg^Wm, Gg^Efm, Gg^Efm, Gg^Efm, Gg^Efm, Gg^Efm, Gg, Gs^Fp, Gs^Fp, Gs^Fp, Gs^Fp, Gs^Fp, Gs^Fp, Gs^Fp, Gs^Fp, Gs^Fp, Gs^Fp, Gs^Fp
Xoi, Iwr, Rr^Pw/, Xoi, Rrc, Rrc, Rrc, Rrc, Rrc^Eqf, Rrc^Eqf, Gg, Gg, Gg, Gg, Gg, Gg, Gg, Gg, Gg, Gg, Gg, Gg, Gg, Gg^Efm, Gg^Efm, Gg^Efm, Gg, Gg^Efm, Gg, Gg, Gg, Gg, Gg^Efm, Gg^Efm, Gg, Gg^Efm, Gg, Gg^Efm, Gg, Gg, Gg, Gs^Fp, Gs^Fp, Gs^Fp, Gs^Fp, Gs^Fp, Gs^Fmf, Gs^Fp, Gs^Fp, Gs^Fp, Gs^Fp, Gs^Fp
Xoi, Xoi^Efs, Rrc, Rrc, Rrc, Rrc, Rrc^Eqf, Rrc^Eqf, Gg, Gg, Gg^Efm, Gg, Gg, Gg, Gg, Gg^Vc, Gg, Gg, Gg, Gg, Gg, Gg, Gg, Gg^Efm, Gg, Gg, Gg, Gg, Gg, Gg, Gg, Gg^Efm, Gg^Efm, Gg^Efm, Gg, Gg, Gs^Fp, Gg, Gs^Fp, Gg, Gs^Fp, Gs^Fp, Gs^Fp, Gs^Fp, Gs^Fp, Gs^Fp, Gs^Fp, Gs^Fmf, Gs^Fp, Gs^Fp, Gs^Fp, Gs^Fp
Rrc, Rrc, Rrc, Rrc, Rrc^Eqf, Rrc^Pr/, Gg, Gg, Gg^Efm, Gg^Efm, Gg^Efm, Gg, Gg, Gg, Gg, Gg, Gg^Efm, Gg, Ce, Ce, Ce, Gg, Gg, Gg, Gg, Gg, Gs^Fp, Gg, Gs^Fp, Gs^Fp, Gs^Fp, Gg, Gg, Gg, Gg, Gg, Gs^Fp, Gg, Gs^Fp, Gs^Fp, Gs^Fp, Gs^Fp, Gs^Fp, Gs^Fp, Gs^Fp, Gg, Gs^Fp, Gs^Fp, Gs^Fp, Gg^Efm, Gs^Fp, Gg
Rrc^Eqf, Rrc, Rrc^Eqf, Rrc^Eqf, Gg, Gg, Gg, Gg^Efm, Gg^Efm, Gg^Efm, Gg^Efm, Gg, Gg, Gg, Gg^Efm, Gg^Efm, Gg, Gg, Ce, Ce, Ce, Gg, Gg, Gg, Gg, Gs^Fp, Gs^Fp, Gs^Fp, Gg, Gs^Fp, Gs^Fp, Gs^Fp, Gs^Fp, Gs^Fp, Gs^Fp, Gs^Fp, Gs^Fp, Gs^Fp, Gs^Fp, Gs^Fp, Gg^Efm, Gs^Fp, Gs^Fp, Gs^Fp, Gg, Gg, Gs^Fp, Gs^Fp, Gs^Fp, Gs^Fp, Gs^Fp, Gs^Fp
Gg, Rrc^Eqf, Gg, Gg, Gg, Gg, Gg, Gg^Efm, Gg^Efm, Gg^Efm, Gg, Gg, Gg, Gg, Gg, Gg^Efm, Gg^Efm, Gg, Gg, Ce, Gg, Gg, Gg, Gg, Gs^Fp, Gs^Fp, Gg, Gg, Gg, Gs^Fp, Gs^Fp, Gs^Fp, Gs^Fp, Gs^Fp, Gs^Fp, Gs^Fp, Gs^Fp, Gs^Fp, Gs^Fp, Gs^Fp, Gs^Fp, Gs^Fp, Gs^Fp, Gs^Fp, Gs^Fp, Gs^Fp, Gs^Fp, Gs^Fp, Gg^Efm, Gs^Fp, Gs^Fp, Gs^Fp
Gg, Gg, Gg, Gg, Gg, Gg, Gg^Efm, Gg^Efm, Gg^Efm, Gg^Efm, Gg, Gg, Ce, Gg, Gg, Gg^Efm, Gg^Efm, Gg, Gg, Gg, Gg, Gg, Gg, Gs^Fp, Gs^Fp, Gs^Fp, Gg, Gg^Efm, Gg, Gs^Fp, Gs^Fp, Gs^Fp, Gs^Fp, Gs^Fp, Gs^Fp, Gs^Fp, Gs^Fp, Gs^Fp, Gs^Fp, Gs^Fp, Gs^Fp, Gs^Fp, Gs^Fp, Gs^Fp, Gg, Gs^Fp, Gs^Fp, Gs^Fp, Gs^Fp, Gs^Fp, Gg, Gs^Fp
Gg, Gg, Gg^Efm, Gg^Efm, Gg, Gg, Gg, Gg^Efm, Gg, Gg, Gg, Ce, 2 Ket, Ce, Gg, Gg, Gg^Efm, Gg, Gg, Gg, Gg^Efm, Gg, Gg, Gg, Gg, Gg, Gg^Efm, Gg^Wm, Gg, Gg, Gs^Fp, Gg, Gg, Gg, Gg, Gs^Fp, Gg, Gg, Gs^Fp, Gs^Fp, Gs^Fp, Gs^Fp, Gs^Fp, Gs^Fp, Gs^Fp, Gs^Fp, Gs^Fp, Gs^Fp, Gs^Fp, Gs^Fp, Gs^Fp, Gs^Fp
Gg, Gg, Gg^Efm, Gg^Efm, Gg, Gg, Gg, Gg, Yp, Gg, Gg, Ce, Ce, Ce, Gg, Gg, Gg, Gg, Gg, Gg^Efm, Gg^Efm, Gg^Efm, Gg^Efm, Gg, Gg, Gg, Gg^Efm, Gg^Efm, Gg, Gg, Gg^Efm, Gg, Gg^Efm, Gg^Efm, Gg^Efm, Gg, Gg, Re, Re, Gs^Fp, Gs^Fp, Gs^Fp, Gs^Fp, Gg^Efm, Gs^Fp, Gs^Fp, Gs^Fp, Gg, Gg, Gs^Fp, Ww, Ww
Gg^Efm, Gg^Efm, Gg, Gg, Gg, Gg, Gg, Yp, Yp, Yp, Gg, Gg, Gg, Re, Re, Gg, Gg^Efm, Gg^Efm, Gg^Efm, Gg^Efm, Gg, Gg, Gg, Gg, Gg, Gg^Efm, Gg, Gg, Gg, Gg, Gg, Gg^Efm, Gg, Gg^Efm, Gg, Gg, Re, Re, Gg, Re, Gs^Fp, Gs^Fp, Gs^Fp, Gs^Fp, Gs^Fp, Gs^Fp, Gs^Fp, Gs^Fp, Ww, Ww, Gg, Gg
Gg, Gg, Gg, Gg, Gg, Gg, Gg, Yp, Yp, Yp, Gg, Gg, Gg, Gg, Gg, Re, Re, Gg^Efm, Gg, Gg^Efm, Gg, Gg, Re^Gvs, Gg, Re^Gvs, Gg, Re^Gvs, Gg, Re^Gvs, Gg^Vc, Re^Gvs, Gg, Gg, Gg, Re, Re, Gg, Gg, Gg, Gg, Gg, Gs^Fp, Gs^Fp, Gs^Fp, Gs^Fp, Gs^Fp, Ww, Ww, Gg, Gg, Gg^Efm, Gg
Gg, Gg, Gg, Gg, Yp, Yp, Yp, Gg, Gg, Gg, Gg, Gg, Gg, Gg, Gg, Gg, Gg, Re, Re, Gg, Re^Gvs, Re^Gvs, Re^Gvs, Re^Gvs, Re^Gvs, Re^Gvs, Re^Gvs, Re^Gvs, Re^Gvs, Re^Gvs, Re^Gvs, Re^Gvs, Re, Re, Gg, Gg, Gg^Efm, Gg^Efm, Gg, Gg, Gs^Fp, Gs^Fp, Gs^Fp, Gs^Fp, Ww, Ww, Gg, Gg, Gg^Efm, Gg^Efm, Gg, Gg
Gg^Efm, Gg, Gg, Gg, Yp, Yp, Yp, Gg, Yp, Yp, Yp, Gg, Gg, Gg, Gg^Efm, Gg^Efm, Gg, Gg, Gg, Re, Re, Re^Gvs, Re^Gvs, Re^Gvs, Re^Gvs, Re^Gvs, Re^Gvs, Re^Gvs, Re^Gvs, Re^Gvs, Re, Re, Gg, Gg, Gg, Gg, Gg, Gg, Gg, Gs^Fp, Gs^Fp, Gs^Fp, Gs^Fp, Ww, Ww, Gg, Gg, Gg, Gg, Gg, Hh, Hh
Gg^Efm, Gg^Efm, Gg, Gg, Gg, Yp, Gg, Gg, Yp, Yp, Yp, Gg, Gg, Gg^Efm, Gg, Gg, Gg, Gg, Gg, Gg, Gg, Re, Re, Re^Gvs, Re^Gvs, Re^Gvs, Re^Gvs, Re^Gvs, Re, Re, Gg, Gg, Gg, Gg, Gg, Gg, Gg, Gg, Gg, Gs^Fp, Gs^Fp, Gs^Fp, Ww, Ww, Gs^Fp, Gs^Fp, Gs^Fp, Gg, Gg, Gg, Hh, Hh
Gg, Gg^Efm, Gg, Gg, Gg, Gg, Gg, Gg, Gg, Yp, Gg, Gg, Gg^Efm, Gg^Efm, Gg, Gg, Gg^Vc, Gg^Efm, Gg^Efm, Gg, Gg, Gg, Gg, Re, Re, Re^Gvs, Re, Re, Gg, Gg, Gg, Gg, Gg^Efm, Gg, Gg^Efm, Gg^Efm, Gg, Gg, Gg, Gs^Fp, Gs^Fp, Ww, Gs^Fp, Gs^Fp, Gs^Fp, Gs^Fp, Gs^Fp, Gg, Gg, Hh, Gg, Hh
Gg, Gg, Gg, Gg, Gg, Gg, Gg, Gg, Gg, Gg, Gg, Gg, Gg, Gg, Gg, Gg, Gg, Gg^Efm, Gg, Gg, Gg, Gg, Gg^Efm, Gg, Gg, Re, Re, Gg, Gg^Efm, Gg^Efm, Gg, Gg, Gg^Efm, Gg^Efm, Gg, Gg, Gg, Gg, Gg, Gg, Ww, Ww, Gs^Fp, Gg^Fet, Gs^Fp, Gs^Fp, Gs^Fp, Gg, Gg^Efm, Gg, Gg^Efm, Gg^Efm
Gg, Gg, Gg, Gg, Gg^Efm, Gg^Efm, Gg, Gg, Gg^Vc, Gg, Gg, Gg, Gg, Gg, Gg, Gg, Gg^Efm, Gg^Efm, Gg, Gg, Gg^Efm, Gg^Efm, Gg, Gg, Re, Re, Re^Gvs, Re, Re, Gg, Gg, Gg, Gg, Gg, Gg, Gg, Gg^Efm, Gg, Ww, Ww, Gg, Gs^Fp, Gs^Fp, Gs^Fp, Gs^Fp, Gs^Fp, Gg, Gg, Gg, Gg^Efm, Gg, Gg^Efm
Gg^Efm, Gg^Efm, Gg^Efm, Gg^Efm, Gg^Efm, Gg, Gg, Gg, Gg, Gg, Gg, Gg, Gg, Gg, Gg^Efm, Gg^Efm, Gg, Gg, Gg, Gg^Efm, Gg^Efm, Gg, Re, Re, Re^Gvs, Re^Gvs, Re^Gvs, Re^Gvs, Re^Gvs, Re, Re, Gg, Gg, Gg, Gg, Gg^Efm, Gg^Efm, Gg^Efm, Ww, Gg, Gg, Gs^Fp, Gg, Gs^Fp, Gs^Fp, Gs^Fp, Gg, Gg, Gg, Gg, Gg, Gg^Efm
Gg^Efm, Gg^Efm, Gg^Efm, Gg^Efm, Gg, Gg, Gg, Gg, Gg, Gg, Gg, Gg, Gg, Gg, Gg^Efm, Gg^Efm, Gg, Gg, Gg, Gg, Re, Re, Re^Gvs, Re^Gvs, Re^Gvs, Re^Gvs, Re^Gvs, Re^Gvs, Re^Gvs, Re^Gvs, Re^Gvs, Re, Re, Gg, Gg, Gg^Efm, Gg, Ww, Gg^Efm, Gg, Gg, Gg, Gg, Gs^Fp, Gs^Fp, Gg, Gg, Gg, Gg, Gg, Gg, Gg
Gg^Efm, Gg^Efm, Gg, Gg, Gg, Gg, Gg, Gg, Gg^Efm, Gg, Gg^Efm, Gg, Gg, Gg, Gg, Gg, Gg, Gg, Re, Re, Re^Gvs, Re^Gvs, Re^Gvs, Re^Gvs, Re^Gvs, Re^Gvs, Re^Gvs, Re^Gvs, Re^Gvs, Re^Gvs, Re^Gvs, Re^Gvs, Re^Gvs, Re, Re, Gg, Gg, Ww, Gg, Gg, Gg^Efm, Gg, Gg, Gg, Gg, Gg, Gg, Gg, Gg, Gg, Gg, Gg
Gg, Gg, Gg, Gg^Wm, Gg^Efm, Gg^Efm, Gg^Efm, Gg^Efm, Gg^Efm, Gg^Efm, Gg^Efm, Gg^Efm, Gg^Efm, Gg, Gg, Gg, Re, Re, Re^Gvs, Re^Gvs, Re^Gvs, Re^Gvs, Gg, Re^Gvs, Re^Gvs, Re^Gvs, Re^Gvs, Re^Gvs, Re^Gvs, Re^Gvs, Re^Gvs, Re^Gvs, Gg, Gg, Gg, Re, Re, Ww, Gg, Gg^Efm, Gg^Efm, Gg^Efm, Gg, Gg, Re, Gg, Re, Gg, Re, Gg, Re, Gg
Gg, Gg, Gg^Efm, Gg^Efm, Gg^Efm, Gg^Efm, Gg, Gg, Gg, Gg^Efm, Gg, Gg, Gg, Gg, Re, Re, Gg, Gg, Gg, Gg, Gg, Gg, Ds, Gg, Gg, Re^Gvs, Gg, Gg^Vc, Gg, Gg, Gg, Gg, Gg, Gg, Gg^Efm, Gg, Gg, Ww^Bw\, Re, Gg, Gg, Gg, Re, Re, Gg, Re, Gg, Re, Gg^Vc, Re, Gg, Re
Gg, Gg, Gg, Gg^Efm, Gg, Gg, Ds, Gg, Gg, Gg, Gg, Gg, Re, Re, Gg, Gg, Gg, Gg, Ds, Gg, Ds, Ds, Ww, Ds, Ds, Gg, Gg, Gg, Gg, Gg, Gg, Gg, Gg^Efm, Gg^Efm, Gg^Efm, Gg^Efm, Gg, Ww, Gg, Re, Re, Re, Gg, Gg, Gg, Gg, Gg^Efm, Gg, Gg, Gg, Gg, Gg
Gg, Gg, Ds, Gg, Ds, Gg, Ds, Gg, Ds, Gg, Re, Re, Gg, Gg, Ds, Gg, Ds, Ds, Ds, Ds, Ww, Ww^Bw\, Ww, Ww, Ds, Gg, Gg, Gg, Gg^Efm, Gg^Efm, Gg, Gg, Gg^Efm, Gg^Efm, Gg^Efm, Gg^Efm, Gg, Ww, Ww, Gg, Re, Gg, Gg, Gg, Gg^Efm, Gg^Efm, Gg, Gg, Gg, Gg, Gg, Gg
Gg, Gg, Ds, Ds, Ww, Ds, Ww, Ds, Ds, Re, Ds, Re, Ds, Ds, Gg, Ds, Ds, Ww, Ww, Ww, Ww, Ww, Ww, Ww, Ds, Gg, Gg, Gg^Efm, Gg^Efm, Gg^Efm, Gg, Gg, Gg, Gg, Gg, Gg, Gg, Gg, Gg^Efm, Ww, Ww^Bw|, Gg, Gg, Gg, Gg^Efm, Gg, Gg, Gg, Gg^Efm, Gg^Efm, Gg^Efm, Gg^Efm
Ds, Ds, Ww, Ww, Ww, Ww, Wo, Ww, Ww, Ds, Ww, Ds, Ww, Ds, Ww, Ww, Ww, Ww, Wo, Wo, Wo, Wo, Ww, Ds, Ds, Gg, Gg^Efm, Gg^Efm, Gg, Gg, Gg, Gg, Gg, Gg, Gg, Gg, Gg, Gg, Gg, Gg^Efm, Re, Ww, Ww, Gg^Efm, Gg, Gg, Gg, Gg^Efm, Gg, Gg^Efm, Gg, Gg^Efm
Ww, Ww, Wo, Ww, Wo, Wo, Wo, Wo, Wo, Ww, Wo, Ww, Wo, Ww, Wo, Wo, Wo, Wo, Ww, Ww, Ww, Wo, Ww, Ds, Gg, Gg, Gg, Gg, Gg, Gg, Gg, Gg, Gg^Efm, Gg^Efm, Gg, Gg, Gg^Vc, Gg, Gg, Gg, Re, Gg, Gg, Ww, Gg, Gg, Gg, Gg, Gg, Gg, Gg, Gg
Wo, Wo, Wo, Wo, Wo, Wo, Wo, Wo, Wo, Wo, Wo, Wo, Wo, Wo, Wo, Wo, Ww, Ww, Ds, Ds, Ww, Wo, Ww, Ds, Ds, Gg, Gg, Gg, Gg, Gg, Gg, Gg^Efm, Gg, Gg, Gg, Gg, Gg, Gg, Gg, Gg, Re, Gg, Gg, Ww, Gg, Ds, Gg, Ds, Ds, Ds, Gg, Gg
Wo, Wo, Wo, Wo, Wo, Wo, Wo, Wo, Wo, Wo, Wo, Wo, Wo, Wo, Wo, Wo, Ww, Ds, Gs^Ft, Ds, Ww, Wo, Wo, Ww, Ds, Ds, Ds, Ds, Ds, Ds, Ds, Ds, Ds, Ds, Ds, Gg, Gg, Gg, Gg, Gg, Re, Ds, Ds, Ww, Ds, Ds, Ds, Gg, Gg^Wm, Ds, Ds, Ds
Wo, Wo, Wo, Wo, Wo, Wo, Wo, Wo, Wo, Wo, Wo, Wo, Wo, Wo, Wo, Wo, Ww, Ds, Gs^Ft, Ds, Ds, Ww, Wo, Ww, Ww, Ww, Ww, Ww, Ww, Ww^Bw\, Ww, Ww, Ww, Ww, Ww, Ds, Gg, Gg, Gg^Efm, Gg, Re, Ds, Ww, Ww, Ww, Ds, Ww^Bw\, Ww, Ww, Ww, Ww, Ww
Wo, Wo, Wo, Wo, Wo, Wo, Wo, Wo, Wo, Wo, Wo, Wo, Wo, Wo, Wo, Wo, Ww, Ds, Ds, Gg, Ds, Ww, Ww, Wo, Wo, Wo, Wo, Ww, Wo, Ww, Ww, Ww, Ww, Ww, Ds, Ds, Gg, Gg, Gg^Efm, Gg^Efm, Re, Ds, Ww, Ww, Ww, Ww, Wo, Ww, Ww, Ww, Ww, Ww
Wo, Wo, Wo, Wo, Wo, Wo, Wo, Wo, Wo, Wo, Wo, Wo, Wo, Wo, Wo, Wo, Ww, Ww, Ds, Gg, Gg, Ds, Ds, Ww, Ww, Wo, Wo, Wo, Ww, Wo, Wo, Wo, Wo, Ww, Ww, Ds, Ds, Gg, Gg, Gg^Efm, Re, Ds, Ww, Wo, Wo, Wo, Wo, Wo, Ww, Wo, Wo, Wo
Wo, Wo, Wo, Wo, Wo, Wo, Wo, Wo, Wo, Wo, Wo, Wo, Wo, Wo, Wo, Wo, Ww, Ds, Ds, Gs^Ft, Gs^Fp, Gg, Gg, Ds, Ds, Ww, Ww, Ww, Ds, Ww, Ww, Wo, Wo, Wo, Ww, Ds, Ds, Gg, Gg, Gg, Re, Ds, Ds, Ww, Ww, Wo, Wo, Wo, Wo, Wo, Wo, Wo
Wo, Wo, Wo, Wo, Wo, Wo, Wo, Wo, Wo, Wo, Wo, Wo, Wo, Wo, Wo, Wo, Wo, Ww, Ww, Ds, Gs^Fp, Gs^Fp, Gg^Efm, Gg^Ve, Gg, Ds, Ds, Ds, Gs^Fp, Ds, Ww, Wo, Wo, Wo, Wo, Ww, Ww, Ds, Ds, Gg, Re, Gg, Gg, Ds, Ww, Wo, Wo, Wo, Wo, Wo, Wo, Wo
Wo, Wo, Wo, Wo, Wo, Wo, Wo, Wo, Wo, Wo, Wo, Wo, Wo, Wo, Wo, Wo, Wo, Wo, Ww, Ds, Ds, Gg, Ds, Gg, Gg^Fet, Gg, Gg, Gs^Fds, Gg, Ds, Ds, Ww, Wo, Wo, Wo, Wo, Wo, Ww, Ds, Gg, Re, Gg, Gg^Vc, Ds, Ds, Ww, Wo, Wo, Wo, Wo, Wo, Wo
Wo, Wo, Wo, Wo, Wo, Wo, Wo, Wo, Wo, Wo, Wo, Wo, Wo, Wo, Ww, Wo, Wo, Wo, Wo, Ww, Ww, Ds, Ds, Gs^Ft, Gg, Gg, Gg^Efm, Gg^Efm, Gg, Ds, Ds, Ww, Wo, Wo, Wo, Wo, Ww, Ww, Ds, Gg, Re, Gg, Gg, Ds, Ds, Ww, Wo, Wo, Wo, Wo, Wo, Wo
Wo, Wo, Wo, Wo, Wo, Wo, Wo, Wo, Wo, Wo, Wo, Wo, Ww, Ww, Ds, Ww, Ww, Wo, Wo, Ww, Ww, Ww, Ds, Ds, Gs^Ft, Gg, Gs^Fds, Gg, Gs^Fds, Gg, Ds, Ww, Wo, Wo, Wo, Wo, Ww, 1 Ds, Re, Re, Gg, Gg, Gg, Ds, Ww, Ww, Wo, Wo, Wo, Wo, Wo, Wo
Wo, Wo, Wo, Wo, Wo, Wo, Wo, Wo, Wo, Wo, Wo, Wo, Ww, Ds, Gg, Ds, Ds, Ww, Wo, Wo, Ww, Ww, Ww, Ds, Ds, Gg, Ds, Gs^Fds, Ds, Ds, Ds, Ww, Ww, Wo, Wo, Ww, Ww, Ds, Gg, Gg, Gg, Gg, Ds, Ds, Ww, Wo, Wo, Wo, Wo, Wo, Wo, Wo
Wwr, Wo, Wo, Wo, Wo, Wo, Wo, Wo, Wo, Wo, Wo, Wo, Ww, Ds, Gs, Gs^Ft, Ds, Ww, Ww, Wo, Wo, Ww, Wo, Ww, Ww, Ds, Ww, Ds, Ww, Ww, Ww, Ww, Wo, Wo, Wo, Wo, Ww, Ds, Gg, Gg^Efm, Gg^Efm, Gg, Ds, Ds, Ww, Ww, Wo, Wo, Wo, Wo, Wo, Wo
Wwr, Wwr, Wo, Wo, Wo, Wo, Wo, Wo, Wo, Wo, Wo, Ww, Ds, Gs^Ft, Gs, Gs^Ft, Ds, Ds, Ww, Wo, Wo, Wo, Wo, Wo, Wo, Ww, Wo, Ww, Wo, Wo, Wo, Wo, Wo, Wo, Ww, Ww, Ds, Ww, Ds, Gg, Gg, Gg, Ds, Ww, Wo, Wo, Wo, Wo, Wo, Wo, Wo, Wo
Wwr, Wwr, Wo, Wo, Wo, Wo, Wo, Wo, Wo, Wo, Wo, Ww, Ww, Ds, Ds, Ds, Ww, Ww, Ww, Wo, Wo, Wo, Wo, Wo, Wo, Wo, Wo, Wo, Wo, Wo, Wo, Wo, Wo, Wo, Ww, Ds, Ds, Ds, Gg, Gg, Gg^Efm, Gg, Ds, Ww, Wo, Wo, Wo, Wo, Wo, Wo, Wo, Wo
Wwr, Wo, Wo, Wo, Wo, Wo, Wo, Wo, Wo, Wo, Wo, Wo, Ww, Ds, Ww, Ww, Ww, Wo, Wo, Wo, Wo, Wo, Wo, Wo, Wo, Wo, Wo, Wo, Wo, Wo, Wo, Wo, Wo, Ww, Ds, Ds, Gg, Gg, Gg^Vc, Gg, Gg, Gg, Ds, Ww, Wo, Wo, Wo, Wo, Wo, Wo, Wo, Wo
Wwr, Wo, Wo, Wo, Wo, Wo, Wo, Wo, Wo, Wo, Wo, Wo, Wo, Ww, Wo, Wo, Wo, Wo, Wo, Wo, Wo, Wo, Wo, Wo, Wo, Wo, Wo, Wo, Wo, Wo, Wo, Wo, Ww, Ww, Ds, Gg, Gg, Gg, Gg, Gg, Gg, Ds, Ww, Ww, Wo, Wo, Wo, Wo, Wo, Wo, Wo, Wo
Wwr, Wo, Wo, Wo, Wo, Wo, Wo, Wo, Wo, Wo, Wo, Wo, Wo, Wo, Wo, Wo, Wo, Wo, Wo, Wo, Wo, Wo, Wo, Wo, Wo, Wo, Wo, Wo, Wo, Wo, Wo, Wo, Ww, Ds, Gg, Gg, Gg^Efm, Gg, Gg^Efm, Gg, Ds, Ds, Ww, Ww, Wo, Wo, Wo, Wo, Wo, Wo, Wo, Wo
Wwr, Wwr, Wo, Wo, Wo, Wo, Wo, Wo, Wo, Wo, Wo, Wo, Wo, Wo, Wo, Wo, Wo, Wo, Wo, Wo, Wo, Wo, Wo, Wo, Wo, Wo, Wo, Wo, Wo, Wo, Wo, Ww, Ww, Ds, Ds, Gg^Efm, Gg, Gg^Efm, Gg^Efm, Gg, Ds, Ww, Ww, Wo, Wo, Wo, Wo, Wo, Ww, Wo, Wo, Wo
Wo, Wo, Wo, Wo, Wo, Wo, Wo, Wo, Wo, Wo, Wo, Wo, Wo, Wo, Wo, Wo, Wo, Wo, Wo, Wo, Wo, Wo, Wo, Wo, Wo, Wo, Wo, Wo, Wo, Wo, Wo, Wo, Ww, Wwr, Wwr, Ds, Ds, Gg, Gg, Gg, Ds, Ww, Wo, Wo, Wo, Wo, Wo, Ww, Mm, Ww, Wo, Wo
Wo, Wo, Wo, Wo, Wo, Wo, Wo, Wo, Wo, Wo, Wo, Wo, Wo, Wo, Wo, Wo, Wo, Wo, Wo, Wo, Wo, Wo, Wo, Wo, Wo, Wo, Wo, Wo, Wo, Wo, Wo, Wo, Ww, Wwr, Wwr, Ds, Wwr, Ds, Ds, Ds, Ww, Ww, Wo, Wo, Wo, Wo, Wo, Ww, Ww, Ww, Wo, Wo
Wo, Wo, Wo, Wo, Wo, Wo, Wo, Wo, Wo, Wo, Wo, Wo, Wo, Wo, Wo, Wo, Wo, Wo, Wo, Wo, Wo, Wo, Wo, Wo, Wo, Wo, Wo, Wo, Wo, Wo, Wo, Wo, Wo, Ww, Ww, Wwr, Ww, Wwr, Wwr, Wwr, Wwr, Ww, Wo, Wo, Wo, Wo, Wo, Wo, Wo, Wo, Wo, Wo
Wo, Wo, Wo, Wo, Wo, Wo, Wo, Wo, Wo, Wo, Wo, Wo, Wo, Wo, Wo, Wo, Wo, Wo, Wo, Wo, Wo, Wo, Wo, Wo, Wo, Wo, Wo, Wo, Wo, Wo, Wo, Wo, Wo, Wo, Wo, Ww, Wo, Ww, Ww, Wwr, Ww, Ww, Wo, Wo, Wo, Wo, Wo, Wo, Wo, Wo, Wo, Wo
