border_size=1
usage=map

Mm, Mm, Mm, Mm, Mm, Mm, Hh, Gg, Re, Gg, Gg, Hh, Mm, Mm, Mm, Mm, Mm, Mm, Mm, Mm, Mm, Mm, Mm, Mm, Mm, Mm, Mm, Mm, Mm, Mm, Mm, Mm, Mm, Mm, Mm, Mm, Mm, Mm, Mm, Ww, Mm, Mm, Mm, Mm, Mm, Mm, Mm, Mm, Mm, Mm, Mm, Mm
Mm, Mm, Mm, Mm, Mm, Mm, Hh, Gg^Efm, Re, Gg, Gg, Hh, Mm, Mm^Xm, Mm^Xm, Mm, Mm, Mm, Mm, Mm, Mm, Mm, Mm, Mm, Mm, Mm, Mm, Mm, Mm, Mm, Mm, Mm, Mm, Mm, Mm, Mm, Mm, Mm, Ww, Ww, Mm, Mm, Mm, Mm, Mm^Xm, Mm, Mm, Mm, Mm, Mm, Mm, Mm
Mm, Mm, Mm^Xm, Mm, Mm, Hh, Gg, Re, Re, Gg, Hh, Hh, Mm, Mm, Mm, Mm^Xm, Mm, Mm^Xm, Mm^Xm, Mm^Xm, Mm, Mm, Mm, Mm, Mm, Mm, Mm, Mm^Xm, Mm, Mm^Xm, Mm^Xm, Mm^Xm, Mm, Mm, Mm, Mm, Ww, Ww, Mm, Mm, Mm, Mm, Mm^Xm, Mm^Xm, Mm, Mm, Mm, Hh, Hh, Hh, Hh, Hh
Mm, Mm, Mm, Mm, Hh, Hh, Gg, Re, Gg, Gg, Gg, Hh, Hh, Mm, Mm, Mm, Mm, Mm, Mm, Mm^Xm, Mm, Mm, Hh, Mm, Hh, Mm, Mm, Mm, Mm, Mm, Mm, Mm, Mm, Mm, Mm, Mm, Ww, Mm, Mm, Mm, Mm, Mm^Xm, Mm, Mm, Mm, Mm, Hh, Hh, Gg, Gg, Gg, Gg
Mm, Mm, Mm, Mm, Hh, Gg, Gg, Gg, Re, Gg, Gg^Efm, Gg, Hh, Mm, Mm, Mm, Mm, Mm, Mm, Mm, Mm, Mm, Hh, Hh, Hh, Mm, Hh, Mm, Hh, Mm, Mm, Mm, Mm, Mm, Mm, Mm, Ww, Mm, Mm, Hh, Hh, Mm, Mm, Mm, Mm, Mm, Mm, Hh, Gg, Gg^Efm, Gg^Efm, Gg
Hh, Hh, Gg, Hh, Hh, Gg, Gg, Gg, Re, Gg^Efm, Gg^Efm, Gg, Hh, Hh, Hh, Mm, Hh, Hh, Hh, Hh, Mm, Hh, Hh, Gg, Gg, Hh, Gg, Hh, Gg, Hh, Hh, Mm, Mm, Mm, Mm, Mm, Ww, Hh, Hh, Hh, Hh, Mm, Mm, Mm, Mm, Mm, Hh, Hh, Gg, Gg^Efm, Gg, Gg
Hh, Hh, Hh, Hh, Gg, Gg, Gg^Efm, Gg, Re, Gg, Gg^Efm, Gg^Efm, Gg, Gg, Gg, Hh, Gg, Gg, Gg, Hh, Hh, Hh, Hh, Gg, Gg^Efm, Gg, Hh, Hh, Gg, Hh, Mm, Mm, Hh, Mm, Hh, Mm, Ww, Hh, Gg, Gg, Gg, Hh, Mm, Mm, Mm, Hh, Gg, Hh, Gg, Gg, Gg, Gg
Gg, Gg, Gg, Hh, Gg, Gg^Efm, Gg, Gg, Re, Gg, Gg, Gg^Efm, Gg^Efm, Gg^Efm, Gg^Efm, Gg, Gg, Gg^Efm, Gg^Efm, Gg, Gg, Gg, Gg, Gg, Gg^Edb, Gg^Edb, Gg, Gg, Gg, Hh, Hh, Hh, Gg^Efm, Hh, Gg^Efm, Ww, Gg, Hh, Hh, Gg^Efm, Gg, Hh, Hh, Mm, Hh, Hh, Gg, Gg, Gg^Efm, Gg, Gs^Fp, Gs^Fp
Gg^Efm, Gg^Efm, Gg, Hh, Gg, Gg^Efm, Gg^Efm, Gg, Re, Re, Gg, Gg^Efm, Gg, Gg^Efm, Gg, Gg, Gg, Gg, Gs^Fdw, Gg, Gs^Fdw, Gg, Gs^Fmw, Gg, Gs^Fmw, Gg, Gs^Fmw, Gg, Gg, Gg, Gg^Efm, Gg^Efm, Gg, Gg^Efm, Ww, Ww, Gg, Gg, Gg, Gg, Gg, Gg, Gg, Hh, Gg, Gg, Gg, Gg^Efm, Gg, Gg, Gs^Fp, Gs^Fp
Gg, Gg^Efm, Gg^Efm, Gg, Gg, Gg, Gg, Gg, Gg, Re, Gg, Gg, Gg^Efm, Gg, Gg, Gg, Gs^Fdw, Gs^Fdw, Gs^Fmw, Gs^Fmw, Gs^Fmw, Gs^Fdw, Gs^Fmw, Gs^Fmw, Gs^Fmw, Gs^Fmw, Gs^Fdw, Gs^Fdw, Gs^Fdw, Gg, Gg, Gg, Gg, Gg, Ww, Gg, Gg, Gg, Gg^Efm, Gg^Efm, Gg, Gg, Gg, Gg, Gg, Gg, Gg^Efm, Gg^Efm, Gg, Gs^Fp, Gs^Fp, Gs^Fp
Gg, Gg^Efm, Gg, Gg, Hh^Fdw, Gg, Hh, Gg, Gg, Re, Gg, Gg, Gg^Efm, Gg, Gg, Gg, Gs^Fdw, Gs^Fmw, Gs^Fdw, Gs^Fdw, Gs^Fdw, Gs^Fmw, Gs^Fdw, Gs^Fdw, Gs^Fdw, Gs^Fdw, Gs^Fmw, Gs^Fdw, Gg, Gg, Gg, Gg^Efm, Gg, Gg, Gg, Ww^Bw/, Gg, Gg, Gg, Gg^Efm, Gg^Efm, Gg, Gg^Efm, Gg^Efm, Gg, Gg, Gg, Gg, Gg, Gs^Fp, Gs^Fp, Gs^Fmw
Gg, Gg, Hh^Fdw, Hh^Fdw, Hh^Fdw, Hh^Fdw, Hh, Gg, Gg, Re, Gg, Gg, Gg, Gg, Gg, Gg, Gs^Fdw, Gs^Fdw, Gs^Fdw, Gs^Fdw, Gs^Fdw, Gs^Fdw, Gs^Fdw, Gs^Fdw, Gs^Fdw, Gs^Fdw, Gg, Gs^Fdw, Gg, Gg^Efm, Gg, Gg^Efm, Gg^Efm, Gg, Gg, Ww, Gg, Gg, Gg^Ve, Gg, Gg, Gg, Gg, Gg^Efm, Gg, Gg, Gs^Fmw, Gg, Gg, Gs^Fmw, Gs^Fmw, Gs^Fp
Gg, Gg, Gg, Hh^Fdw, Gg, Hh^Fdw, Hh^Fdw, Gg, Gg, Re, Gg, Gg, Gg, Gg, Gg^Ve, Gg, Gg, Gs^Fdw, Gg, Gs^Fdw, Gg^Efm, Gs^Fmw, Gg, Gg, Re, Gg, Re, Gg, Re, Gg, Gg, Gg, Gg, Gg^Efm, Gg, Ww, Gg, Gg, Gg, Gg, Gg, Gg, Ww, Gg, Gg, Gs^Fmw, Gs^Fmw, Gg, Gg^Efm, Gg, Gg, Gs^Fmw
Ww, Gg, Gg, Gg, Gg, Gg, Gg, Gg, Gg, Gg, Re, Gg, Gg, Gg, Gg, Gg, Gg^Efm, Gg, Gg^Efm, Gg, Gg, Gg, Re, Re, Gg, Re, Gg, Re, Gg, Re, Re, Gg, Gg, Gg, Gg, Ww, Ww, Ww, Ww, Ww^Bw|r, Ww, Ww, Gs^Fdw, Ww, Ww, Gg, Gg, Gg, Gg, Gg, Gg, Gg
Gg, Ww, Ww, Ww, Ww, Ww, Ww, Ww, Ww, Ww, Ww, Gg, Ww, Gg, Gg, Gg, Gg^Efm, Gg, Gg^Efm, Gg, Re, Re, Gs^Fmw, Gs^Fmw, Gs^Fmw, Gg, Gs^Fmw, Gg, Gg, Gg, Gg, Re, Gg, Gg^Efm, Gg^Efm, Gg^Efm, Gg^Efm, Gg, Gg, Gg, Gs^Fdw, Gs^Fdw, Gs^Fdw, Gs^Fdw, Gg, Ww, Gg, Gg, Ql, Ql, Gg, Gg
Gg, Gg, Gg, Gg, Gg, Gg, Gg, Gg^Efm, Gg, Re, Gg, Ww, Gg, Ww, Ww, Gg, Gg, Gg^Efm, Gg, Re, Gg, Gg, Gs^Fmw, Gs^Fmw, Gs^Fdw, Gs^Fmw, Gs^Fdw, Gs^Fdw, Gs^Fdw, Gg, Gs^Fdw, Gg, Gg, Re, Re, Gg, Gg, Gg^Efm, Gs^Fdw, Gs^Fdw, Gs^Fdw, Gs^Fdw, Gs^Fdw, Gg, Gg, Ww, Ww, Gg, Gg, Gg, Gg, Gg
Gs^Fms, Gg, Gg, Gg, Gg^Efm, Gg, Gg, Gg, Gg, Re, Re, Gg, Gg, Ww, Ww, Gg, Gg, Gg^Efm, Gg, Re, Gg, Gs^Fmw, Gs^Fmw, Gs^Fmw, Gs^Fdw, Gs^Fdw, Gs^Fdw, Gs^Fdw, Gs^Fmw, Gs^Fdw, Gs^Fdw, Gg, Gg, Gg, Gg, Re, Gg, Gg, Gs^Fdw, Gs^Fdw, Gg, Gs^Fdw, Gg, Gs^Fdw, Gg, Gg, Gg, Ww, Gg^Efm, Gg^Efm, Gg, Gg
Gs^Fms, Gg, Gg, Gg, Gg^Efm, Gg^Efm, Gg, Gg, Gg, Gg, Re, Gg, Gg^Efm, Gg, Gg, Ww, Gg, Gg^Efm, Gg, Re, Gg, Gg, Gg^Efm, Gs^Fdw, Gs^Fdw, Gs^Fmw, Gs^Fdw, Gs^Fdw, Gs^Fdw, Gs^Fdw, Gs^Fmw, Gs^Fdw, Gs^Fdw, Gg^Efm, Gg^Efm, Gg, Re, Gg, Gg, Gg, Gg^Efm, Gg, Gg, Gg, Gg^Efm, Gg, Gg, Ww, Gg, Gg^Efm, Dd, Gg
Gs^Fms, Gs^Fms, Gs^Fms, Gg, Gg, Gg^Efm, Gg, Gg, Gg, Gg, Re, Gg, Gg, Gg^Efm, Ww, Ww, Gg^Efm, Gg^Efm, Gg, Re, Gg, Gg, Gs^Fdw, Gs^Fdw, Gs^Fdw, Gs^Fdw, Gs^Fdw, Gs^Fdw, Gs^Fdw, Gs^Fdw, Gs^Fdw, Gs^Fdw, Gs^Fdw, Gg, Gg^Efm, Gg^Efm, Re, Gg, Gg, Gg, Gg^Efm, Gg^Efm, Gg^Efm, Gg^Efm, Gg, Gg^Efm, Gg, Ww, Ww, Gg, Dd, Dd
Gs^Fms, Gs^Fms, Gs^Fms, Gg, Gg, Gg, Gg^Efm, Gg, Gg, Gg, Chr, Chr, Chr, Gg, Gg, Ww, Ww, Gg, Re, Re, Gg, Gg, Gs^Fdw, Gs^Fdw, Gs^Fdw, Gs^Fdw, Gs^Fdw, Gs^Fdw, Re, Gs^Fdw, Gs^Fdw, Gs^Fmw, Gs^Fdw, Gg^Ve, Gg, Gg, Re, Gg, Gg, Gg^Efm, Gg^Efm, Gg^Efm, Gg, Gg, Gg, Gg^Efm, Gg, Gg, Dd, Ww, Ww, Dd
Gs^Fms, Gs^Fms, Gs^Fmw, Gg, Gg, Gg, Gg, Gg, Gg^Efm, Gg, Chr, 1 Khr, Chr, Gg, Gg, Ww, Ww^Bw/r, Ww^Bw/r, Gg, Gg, Gg^Efm, Gg, Gg, Gs^Fdw, Gs^Fdw, Gs^Fmw, Gs^Fdw, Gs^Fdw, Gs^Fdw, Gs^Fdw, Gs^Fdw, Gs^Fdw, Gs^Fdw, Gs^Fdw, Gs^Fdw, Gg, Gg, Re, Re, Gg, Gg, Gg^Efm, Gg^Edb, Gg^Edb, Gg, Gg^Efm, Gg, Dd, Dd, Dd, Dd, Ww
Gs^Fmw, Gs^Fdw, Gs^Fdw, Gs^Fdw, Gg, Gg^Efm, Gg^Efm, Gg, Gg, Gg, Gg, Chr, Gg, Re, Re, Re, Gg, Ww, Ww, Gg^Efm, Gg^Efm, Gg, Gs^Fdw, Gs^Fdw, Gs^Fdw, Gs^Fdw, Gs^Fdw, Gs^Fdw, Gs^Fdw, Gs^Fdw, Re^Ybv, Gs^Fdw, Gs^Fdw, Gs^Fdw, Gs^Fdw, Gg, Gs^Fdw, Gg, Gg^Efm, Re, Re, Gg, Gg^Edb, Gg^Edb, Co, Co, Co, Dd, Dd, Dd, Dd, Dd
Gs^Fdw, Gs^Fdw, Gg, Gs^Fdw, Gs^Fdw, Gg, Gg, Gg, Gg, Gg, Gg, Gg, Gg, Gg, Gg, Gg, Gg, Ww, Ww, Gg, Gg, Gg, Gs^Fdw, Gs^Fdw, Gs^Fdw, Gs^Fdw, Gs^Fdw, Gs^Fdw, Ql, Gs^Fdw, Gs^Fdw, Gs^Fdw, Gs^Fdw, Gs^Fdw, Gs^Fdw, Gs^Fdw, Gg, Gg, Gg, Gg^Efm, Gg^Efm, Re, Re, Re, Co, 2 Ko, Co, Dd, Dd, Dd, Dd, Dd
Gs^Fdw, Gs^Fp, Gs^Fp, Gs^Fdw, Gg, Gg, Gg, Gg, Gg, Gg, Gg^Efm, Gg, Gg, Gg, Gg^Efm, Gg, Gg, Ww, Gg, Gg, Gg, Gs^Fdw, Gs^Fdw, Gs^Fdw, Gs^Fdw, Gs^Fdw, Gs^Fdw, Gs^Fdw, Gs^Fdw, Gs^Fdw, Gs^Fdw, Gs^Fdw, Gs^Fdw, Gs^Fdw, Gs^Fdw, Gs^Fdw, Gg, Gg, Gg, Gg^Efm, Gg^Efm, Gg, Gg, Gg, Re, Co, Dd, Dd, Dd, Dd, Dd, Dd
Gs^Fdw, Gs^Fdw, Gs^Fdw, Gs^Fdw, Gs^Fdw, Gg, Gg, Gg^Efm, Gg, Gg, Gg, Gg, Gg, Gg, Gg^Efm, Gg^Efm, Gg, Ww, Gg, Gg, Gg, Gs^Fdw, Gs^Fdw, Gs^Fdw, Gs^Fdw, Gs^Fdw, Gs^Fdw, Gs^Fdw, Gs^Fdw, Gs^Fdw, Gs^Fdw, Gs^Fdw, Gs^Fdw, Gs^Fdw, Gs^Fdw, Gg, Gg, Gg, Ql, Gg, Gg, Gg, Re, Re, Gg, Dd, Dd, Dd, Dd, Dd, Dd, Dd
Gs^Fdw, Gs^Fmw, Gs^Fdw, Gs^Fmw, Gs^Fdw, Gg^Efm, Gg, Gg^Efm, Gg, Gg, Gg, Gg, Gg, Gg, Gg^Efm, Gg, Gg, Ww, Gg, Gg, Gg, Gs^Fdw, Gs^Fdw, Gs^Fdw, Gs^Fdw, Gs^Fdw, Gs^Fdw, Gs^Fdw, Gs^Fdw, Gs^Fdw, Gs^Fdw, Gs^Fdw, Gs^Fdw, Gs^Fdw, Gg, Gg, Gg, Gg, Gg, Ql, Gg, Re, Gg, Gg^Efm, Dd, Dd, Dd, Dd, Dd, Dd, Dd, Dd
Gs^Fmw, Gs^Fdw, Gs^Fdw, Gs^Fdw, Gg^Efm, Gg, Gg, Gg^Efm, Gg^Efm, Gg, Gg, Gg^Ve, Gg, Gg^Efm, Gg, Gg, Gg, Ww, Gg, Gg, Gg^Edb, Gs^Fdw, Gs^Fdw, Gs^Fdw, Gs^Fdw, Ql, Gs^Fdw, Gs^Fdw, Gs^Fmw, Gs^Fmw, Gs^Fdw, Gs^Fdw, Gs^Fdw, Gs^Fdw, Gg, Gg^Efm, Gg, Gg, Gg, Gg, Re, Re, Gg, Dd, Dd, Dd, Dd, Dd, Dd, Dd, Dd^Dc, Dd
Gs^Fdw, Gs^Fdw, Gg, Gg, Cud, Gg, Gg, Gg, Gg, Gg, Gg, Gg, Re, Gg, Re, Re, Re, Ww, Gg, Gg, Gg, Gg, Gs^Fdw, Gs^Fdw, Gs^Fdw, Gs^Fdw, Gs^Fdw, Gs^Fdw, Gs^Fdw, Gs^Fdw, Gg^Efm, Gg^Efm, Gg, Gg, Gg^Efm, Gg^Efm, Gg, Gg, Re, Re, Gg, Gg, Dd, Dd, Dd, Dd, Dd, Dd, Dd, Dd, Dd, Dd
Gs^Fdw, Gs^Fdw, Gg, Gg, Cud, Wo, Wo, Re, Re, Gg, Re, Re, Re, Re, Re, Re, Gg, Ww, Gg, Gg, Gg, Gg, Gs^Fdw, Gs^Fdw, Gs^Fdw, Gs^Fdw, Gg, Gg, Gg, Gg, Gg^Efm, Gg, Gg^Efm, Gg^Efm, Gg, Gg, Re, Re, Gg, Gg, Gg, Gg^Efm, Dd, Dd, Dd, Dd, Dd, Dd, Dd, Dd, Dd, Dd
Gs^Fdw, Gg, Gg, Cud, Wo, Cud, Wo, Wo, Wo, Re, Re, Re, Re, Re, Gg, Gg, Gg, Ww, Gg, Gg, Gg, Gg, Gs^Fdw, Gs^Fdw, Gs^Fdw, Gs^Fdw, Gg, Gg^Efm, Gg, Gg, Gg, Gg, Gg, Gg, Re, Re, Gg, Re, Re, Gg^Efm, Gg, Dd, Dd, Dd, Ql, Ql, Dd, Dd, Dd, Dd, Dd, Dd
Gg, Gg, Gg^Efm, Cud, Wo, Wo, Wo, Wo, Wo, Re, Re, Re, Re, Gg, Gg^Edb, Gg, Gg, Ww, Gg, Gg, Gg, Gg, Gs^Fdw, Gs^Fdw, Gg, Gg, Gg, Gg, Gg^Efm, Gg^Efm, Gg, Gg, Re, Re, Gg, Gg, Gg, Gg, Gg^Ve, Re, Re, Dd, Dd, Dd, Dd, Dd, Dd, Dd^Edb, Dd, Dd^Dc, Dd, Dd
Re, Gg, Gg^Efm, Gg, Gg, Wo, Wo, Wo, Gg, Re, Re, Re, Gg, Gg, Gg^Edb, Gg, Gg, Ww, Gg, Gg, Gg, Gg, Gs^Fdw, Gs^Fdw, Gg, Gg, Gg^Efm, Gg, Gg^Efm, Gg, Re, Re, Gg, Gg^Efm, Gg^Efm, Gg, Gg, Gg, Gg, Ds, Ds, Re, Re, Dd, Re, Dd, Hd, Dd, Re, Dd, Dd, Dd
Re, Re, Re, Gg, Gg^Efm, Gg, Gg, Ww, Ww, Gg, Re, Re, Gg, Gg, Gg, Gg, Ww, Ww, Gg, Gg, Gg, Gs^Fdw, Gs^Fdw, Gg, Gg^Efm, Gg^Efm, Gg, Gg, Re, Re, Gg, Gg, Gg, Gg, Gg^Efm, Gg^Efm, Ds, Ds, Ds, Ds, Dd, Dd, Dd, Re, Dd, Re, Re, Re, Hd, Re, Re, Dd
Gg, Re, Re, Re, Re, Gg^Efm, Gg, Gg, Ww, Gg, Gg, Gg, Gg^Efm, Gg^Efm, Gg, Gg, Ww^Bw\, Gg, Gg, Gg, Gg, Gg, Gs^Fdw, Gg, Gg, Gg^Efm, Gg, Gg, Re, Gg, Gg, Ql, Gg, Gg, Ds, Ds, Ds, Ds, Dd, Dd, Dd, Dd, Dd, Dd^Dc, Dd, Dd, Hd, Hd, Hd, Dd, Dd, Re
Gg, Re, Re, Re, Re, Re, Re, Gg, Gg, Ww^Bw/r, Gg, Gg, Gg^Efm, Gg^Efm, Gg, Ww, Gg, Gg, Gg, Gg, Gg, Gg, Gs^Fdw, Gg, Gg, Gg^Efm, Gg, Gg, Re, Gg, Gg, Gg, Ds, Ds, Ds, Ds, Dd, Dd, Dd, Dd^Edb, Dd, Dd, Dd, Dd, Dd, Hd, Dd, Hd, Ds, Ds, Ds, Dd
Gg, Re, Re, Re, Ql, Re, Re, Gg, Gg^Efm, Ww, Ww, Ww, Ww, Ww, Ww, Ww, Ww, Ww, Re, Gg, Re, Gs^Fdw, Gg, Gs^Fmw, Gg, Gg^Efm, Gg^Efm, Gg, Re, Gg, Gg^Efm, Gg, Ds, Ds^Esd, Ds, Ds, Dd, Dd, Dd, Dd, Dd, Dd, Ds, Ds^Edp, Dd, Dd, Dd, Dd, Dd, Dd, Dd, Dd
Gg, Re, Ql, Ql, Re, Re, Re, Gg, Ww, Ww, Gg, Gg, Re, Re, Re, Re, Ww, Ww, Re, Re, Re, Re, Gg^Efm, Gg, Gg, Gg, Gg, Gg, Re, Gg, Gg, Gg, Ds, Ds, Dd, Dd, Ds, Dd, Ds, Dd, Ql, Ql, Dd, Ds, Dd, Dd^Esd, Dd, Dd, Ql, Ql, Dd, Dd
Gg, Re, Re, Re, Re, Re, Gg, Gg, Ww, Gg, Gg^Efm, Re, Re, Re, Re, Re, Re, Re, Re, Re, Re, Re, Gg, Gg, Gg, Gg, Gg, Gg, Co, Gg, Gg, Ds, Dd, Dd, Dd, Ds, Dd, Dd, Dd, Dd, Dd, Dd, Dd, Ds, Dd, Dd, Dd, Dd, Dd, Dd, Dd, Dd
Gg, Gg, Gg, Re, Gg, Gg, Gg, Gg, Ww, Gg, Gg, Re, Re, Re, Gg, Re, Gg, Re, Gg, Gg, Gg, Gg, Gg, Gg^Efm, Gg, Gg, Gg, Co, 3 Ko, Co, Gg, Ds, Dd, Dd, Ql, Dd, Ql, Ql, Dd, Dd, Ql, Dd, Dd, Dd, Dd, Re^Vct, Dd, Ds, Dd, Dd, Dd, Dd
Gg, Gg, Gg, Gg^Efm, Gg^Efm, Gg^Efm, Gg, Gg, Ww, Gg^Efm, Gg, Gg, Gg^Efm, Gg, Gg, Gg, Gg, Gg^Ve, Gg, Gg, Gg, Gg, Gg, Gg^Efm, Gg, Gg, Re, Co, Co, Co, Ds, Ds, Dd, Ql, Ql, Ql, Dd, Dd, Dd, Dd, Ql, Ql, Dd, Dd, Dd, Dd, Dd, Ds, Dd, Ql, Dd, Dd
Gg, Gg^Efm, Gg, Gg, Ww, Gg, Re, Re, Ww, Re, Re, Gg, Gg, Gg^Efm, Gg, Gg, Gg, Gg, Gg, Gg^Efm, Gg, Ql, Gg, Gg, Re, Re, Gg, Gg, Gg, Gg, Ds, Dd, Dd, Ql, Ql, Ql, Dd, Ds, Dd, Dd, Dd, Dd, Dd, Ds, Dd, Dd, Dd, Dd, Dd, Dd, Dd, Dd
Ww, Ww, Ww, Ww, Re, Ww, Ww, Ww, Ww, Re, Re, Re, Gg, Gg, Gg, Gg, Gg, Gg, Gg, Gg, Gg, Gg, Re, Re, Gg, Gg, Gg, Gg, Ds, Ds, Dd, Dd, Dd, Ql, Ql, Ql, Dd, Dd, Dd, Dd, Dd, Dd, Ql, Ql, Ql, Ql, Ql, Ql, Yl, Dd, Dd, Dd
