Xu, Xu, Xu, Xu, Xu, Xu, Xu, Xu, Xu, Xu, Xu, Xu, Xu, Xu, Xu, Xu, Xu, Xu, Xu, Xu, Xu, Uu, Uu, Uu, Uu, Xu, Xu, Xu, Xu, Xu, Xu, Xu, Xu, Xu, Xu, Xu, Xu, Xu, Xu, Xu, Xu, Xu, Xu, Xu, Xu, Xu, Xu, Xu, Xu
Xu, Xu, Xu, Xu, Xu, Xu, Xu, Xu, Xu, Xu, Xu, Xu, Xu, Xu, Xu, Xu, Xu, Xu, Xu, Xu, Xu, Uu^Vud, Cud, 1 Kud, Cud, Xu, Xu, Xu, Xu, Xu, Xu, Xu, Xu, Xu, Xu, Xu, Xu, Xu, Xu, Xu, Xu, Xu, Xu, Xu, Xu, Xu, Xu, Xu, Xu
Xu, Xu, Xu, Xu, Xu, Xu, Xu, Xu, Uu, Xu, Xu, Xu, Xu, Xu, Rd, Uu, Tb^Tf, Uu, Uu, Uu, Uu, Xu, Cud, Cud, Cud, Cud, Xu, Xu, Xu, Xu, Xu, Xu, Xu, Xu, Xu, Xu, Xu, Xu, Xu, Xu, Xu, Xu, Xu, Xu, Xu, Xu, Xu, Xu, Xu
Xu, Xu, Xu, Xu, Xu, Xu, Xu, Xu, Uu, Uu, Rd, Uu, Uu, Rd, Ur, Rd, Tb^Tf, Tb^Tf, Tb^Tf, Tb^Tf, Uu, Xu, Uu, Ur, Uu, Xu, Xu, Xu, Xu, Xu, Xu, Xu, Xu, Xu, Xu, Xu, Xu, Xu, Xu, Xu, Xu, Xu, Xu, Xu, Xu, Xu, Xu, Xu, Xu
Xu, Xu, Xu, Xu, Xu, Xu, Xu, Uu, Uu, Rd, Uu, Rd, Uu, Ur, Xu, Ur, Ur, Uu, Rd, Uu, Uu, Xu, Uu, Ur, Uu, Uu, Rd, Xu, Xu, Xu, Uu, Xu, Uu, Xu, Xu, Xu, Xu, Xu, Xu, Xu, Xu, Xu, Xu, Xu, Xu, Xu, Xu, Xu, Xu
Xu, Xu, Xu, Xu, Xu, Xu, Xu, Uu, Uu, Re, Re, Uu, Xu, Uu, Xu, Uu, Xu, Uu, Rd, Tb^Tf, Xu, Xu, Uu, Ur, Uu, Rd, Rd, Uu, Uu, Uu, Uu, Uu, Uu, Uu, Re, Xu, Xu, Xu, Xu, Xu, Xu, Xu, Xu, Xu, Xu, Xu, Xu, Xu, Xu
Xu, Xu, Xu, Xu, Xu, Xu, Uu, Uu, Uu, Ur, Uu, Xu, Uu^Vu, Xu, Uu^Vu, Xu, Xu, Rd, Rd, Uu, Xu, Xu, Uu, Ur, Re, Uu, Xu, Uu^Vud, Uu, Uu, Rd, Rd, Ur, Uu, Re, Xu, Xu, Xu, Xu, Xu, Xu, Xu, Xu, Xu, Xu, Xu, Xu, Xu, Xu
Xu, Xu, Xu, Xu, Uu, Uu, Uu, Tb^Tf, Ur, Ur, Uu, Xu, Rd, Xu, Rd, Uu, Xu, Uu, Uu, Xu, Xu, Uu^Vud, Uu, Ur, Re, Xu, Xu, Uu, Uu, Rd, Uu, Ur, Uu, Uu, Re, Xu, Xu, Xu, Xu, Xu, Xu, Xu, Xu, Xu, Xu, Xu, Xu, Xu, Xu
Xu, Xu, Xu, Xu, Tb^Tf, Uu, Rd, Re, Rd, Rd, Uu, Xu, Rd, Uu, Rd, Xu, Uu, Uu, Uu, Xu, Uu, Uu, Re, Uu, Uu, Uu, Uu^Vud, Xu, Xu, Uu, Re, Ur, Uu, Uu, Re, Xu, Xu, Xu, Xu, Xu, Xu, Xu, Xu, Xu, Xu, Xu, Xu, Xu, Xu
Xu, Xu, Xu, Xu, Uu, Uu, Uu, Rd, Uu, Uu, Xu, Xu, Uu, Rd, Uu, Xu, Xu, Uu^Vu, Uu, Xu, Uu, Re, Ur, Ur, Uu, Uu, Xu, Xu, Uu, Rd, Uu, Ur, Uu, Uu, Re, Re, Xu, Xu, Xu, Xu, Xu, Xu, Xu, Xu, Xu, Xu, Xu, Xu, Xu
Xu, Xu, Xu, Uu, Xu, Uu, Uu, Uu, Rd, Tb^Tf, Uu, Uu, Re, Uu, Uu, Xu, Xu, Uu, Uu, Xu, Uu^Vud, Uu, Ur, Rd, Uu, Uu, Xu, Uu, Uu, Rd, Rd, Uu, Uu, Uu^Vud, Uu, Xu, Xu, Xu, Xu, Xu, Xu, Xu, Xu, Xu, Xu, Xu, Xu, Xu, Xu
Xu, Xu, Xu, Xu, Uu, Rd, Uu, Uu, Uu^Vud, Uu, Re, Re, Ur, Uu, Uu, Uu, Uu, Xu, Xu, Xu, Xu, Rd, Ur, Uu, Xu, Uu^Vu, Xu, Uu^Vud, Uu, Uu, Uu, Rd, Rd, Uu, Uu, Xu, Xu, Xu, Xu, Xu, Xu, Xu, Xu, Xu, Xu, Xu, Xu, Xu, Xu
Xu, Xu, Xu, Uu, Uu, Uu, Uu, Rd, Rd, Uu, Rd, Uu, Ur, Uu, Uu, Uu, Rd, Uu, Uu, Xu, Uu, Uu, Ur, Uu, Xu, Xu, Xu, Xu, Xu, Xu, Uu, Rd, Uu, Uu, Rd, Uu, Xu, Xu, Xu, Xu, Xu, Xu, Xu, Xu, Xu, Xu, Xu, Xu, Xu
Xu, Xu, Xu, Xu, Xu, Xu, Uu, Uu, Uu, Rd, Rd, Uu, Rd, Ur, Ur, Uu, Uu, Rd, Uu, Uu, Xu, Uu, Ur, Uu, Xu, Uu^Vud, Xu, Uu^Vud, Uu, Xu, Re, Uu, Re, Uu, Uu, Uu, Xu, Xu, Xu, Xu, Xu, Xu, Xu, Xu, Xu, Xu, Xu, Xu, Xu
Xu, Xu, Xu, Xu, Xu, Xu, Xu, Xu, Uu, Uu, Rd, Uu, Re, Re, Rd, Ur, Ur, Rd, Uu, Xu, Uu^Vu, Rd, Ur, Uu, Xu, Urc^Ii, Xu, Uu, Uu, Re, Uu, Ur, Uu, Uu, Uu, Xu, Xu, Xu, Xu, Xu, Xu, Xu, Xu, Xu, Xu, Xu, Xu, Xu, Xu
Xu, Xu, Xu, Xu, Xu, Xu, Xu, Xu, Xu, Uu, Re, Re, Re, Re, Uu, Uu, Uu, Uu, Uu, Xu, Uu, Rd, Uu, Xu, Uu, Uu, Uu, Xu, Xu, Uu, Rd, Ur, Uu, Uu, Xu, Xu, Xu, Xu, Xu, Xu, Xu, Xu, Xu, Xu, Xu, Xu, Xu, Xu, Xu
Xu, Xu, Xu, Xu, Xu, Xu, Xu, Xu, Xu, Uu, Uu, Uu, Uu, Uu, Uu, Uu, Xu, Uu, Xu, Xu, Rd, Rd, Re, Uu, Rd, Rd, Rd, Uu^Vud, Xu, Uu, Rd, Rd, Uu, Xu, Xu, Xu, Xu, Xu, Xu, Xu, Xu, Xu, Xu, Xu, Xu, Xu, Xu, Xu, Xu
Xu, Xu, Xu, Xu, Xu, Xu, Xu, Xu, Xu, Xu, Xu, Uu, Uu, Uu, Xu, Uu^Vud, Xu, Xu, Uu, Xu, Rd, Rd, Rd, Re, Uu^Vud, Rd, Rd, Uu, Uu^Vud, Xu, Xu, Uu, Uu, Xu, Xu, Xu, Xu, Xu, Xu, Xu, Xu, Xu, Xu, Xu, Xu, Xu, Xu, Xu, Xu
Xu, Xu, Xu, Xu, Xu, Xu, Xu, Xu, Xu, Xu, Xu, Uu, Xu, Xu, Uu, Xu, Uu, Uu, Uu, Rd, Rd, Uu, Uu, Rd, Uu, Rd, Re, Uu, Uu, Xu, Uu, Uu, Xu, Xu, Xu, Xu, Xu, Xu, Xu, Xu, Xu, Xu, Xu, Xu, Xu, Xu, Xu, Xu, Xu
Xu, Xu, Xu, Xu, Xu, Xu, Xu, Xu, Xu, Xu, Xu, Xu, Uu, Uu, Uu, Uu, Ur, Ur, Rd, Uu, Uu, Uu, Xu, Xu, Cud, Uu, Rd, Uu, Uu, Uu, Xu, Xu, Xu, Xu, Xu, Xu, Xu, Xu, Xu, Xu, Xu, Xu, Xu, 3 Kud, Cud, Cud, Xu, Xu, Xu
Xu, Xu, Xu, Xu, Xu, Xu, Xu, Xu, Xu, Xu, Uu^Vud, Uu, Uu, Uu, Ur, Ur, Rd, Uu, Uu, Uu, Xu, Uu^Vud, Xu, Xu, Kud, Cud, Re, Rd, Uu, Uu, Xu, Xu, Xu, Xu, Xu, Xu, Xu, Xu, Xu, Xu, Xu, Xu, Cud, Cud, Rd, Uu, Uu^Vud, Xu, Xu
Xu, Xu, Xu, Xu, Xu, Xu, Xu, Xu, Xu, Xu, Uu, Uu, Uu, Rd, Re, Re, Uu, Xu, Xu, Xu, Xu, Xu, Uu, Xu, Xu, Cud, Tb^Tfi, Re, Urc^Ii, Uu^Vud, Xu, Xu, Xu, Xu, Xu, Xu, Xu, Xu, Xu, Xu, Xu, Xu, Rd, Uu, Rd, Uu, Xu, Xu, Xu
Xu, Xu, Xu, Xu, Xu, Xu, Xu, Xu, Xu, Xu, Uu^Vud, Uu, Uu, Rd, Rd, Uu, Uu, Xu, Xu, Uu, Uu, Uu, Rd, Uu, Uu, Xu, Rd, Rd, Uu, Xu, Xu, Xu, Xu, Xu, Xu, Xu, Xu, Xu, Xu, Xu, Xu, Uu, Rd, Uu, Uu, Rd, Xu, Xu, Xu
Xu, Xu, Xu, Xu, Xu, Xu, Xu, Xu, Xu, Xu, Xu, Uu, Uu, Uu, Uu, Rd, Rd, Uu, Rd, Re, Uu, Rd, Rd, Uu, Uu, Xu, Rd, Rd, Uu, Uh, Xu, Xu, Xu, Xu, Xu, Xu, Xu, Xu, Xu, Xu, Xu, Uu^Vud, Uu, Uu, Ur, Ur, Uu^Vud, Xu, Xu
Xu, Xu, Xu, Xu, Xu, Xu, Xu, Xu, Xu, Xu, Xu, Xu, Rd, Rd, Uu, Uu, Xu, Uu, Uue, Uu, Uu, Rd, Uu, Re, Rd, Uu, Uu, Re, Uu, Uh, Xu, Xu, Xu, Xu, Xu, Xu, Xu, Xu, Xu, Xu, Xu, Uu, Rd, Ur, Uu, Uu, Xu, Xu, Xu
Xu, Xu, Xu, Xu, Xu, Xu, Xu, Xu, Xu, Xu, Xu, Xu, Uu^Vud, Uu, Uu, Uu^Vud, Xu, Xu, Xu, Xu, Uu, Uu, Uu, Uu, Uu^Vud, Re, Ur, Re, Uu, Uh, Xu, Xu, Xu, Xu, Xu, Xu, Xu, Xu, Xu, Xu, Uu, Uu, Rd, Ur, Ur, Uu, Xu, Xu, Xu
Xu, Xu, Xu, Xu, Xu, Xu, Xu, Xu, Xu, Xu, Xu, Xu, Xu, Uu, Uu^Vud, Xu, Xu, Xu, Uu, Xu, Xu, Uu^Vu, Uu, Uu, Uu, Uu, Ur, Uu, Xu, Uh, Xu, Xu, Xu, Xu, Xu, Xu, Xu, Xu, Xu, Xu, Rd, Rd, Qxu, Tb^Tf, Ur, Uu, Re, Xu, Xu
Xu, Xu, Xu, Xu, Xu, Xu, Xu, Xu, Xu, Xu, Xu, Xu, Xu, Xu, Xu, Xu, Xu, Uu, Uu, Uu, Uu, Xu, Xu, Uu, Rd, Uu, Ur, Uu, Uu, Xu, Xu, Xu, Xu, Xu, Xu, Xu, Uu, Uu^Vud, Uu, Uu, Qxu, Qxu, Qxu, Uu, Ur, Uu, Re, Xu, Xu
Xu, Xu, Xu, Xu, Xu, Xu, Xu, Xu, Xu, Xu, Xu, Xu, Xu, Xu, Xu, Xu, Uu, Uu, Rd, Rd, Xu, Uu, Uu, Rd, Re, Re, Rd, Uu, Uu, Xu, Xu, Xu, Xu, Xu, Xu, Uu, Uu, Uu, Rd, Uu, Rd, Qxu, Uu, Uu, Ur, Uu, Xu, Xu, Xu
Xu, Xu, Xu, Xu, Xu, Xu, Xu, Xu, Xu, Xu, Xu, Xu, Xu, Xu, Xu, Xu, Uu, Rd, Uu, Rd, Re, Uu, Uu, Uu, Uu, Uu, Xu, Rd, Re, Uu, Xu, Xu, Xu, Xu, Uu, Uu, Rd, Rd, Tb^Tf, Rd, Uu, Uu, Uu, Ur, Uu, Uu, Xu, Xu, Xu
Xu, Xu, Xu, Xu, Xu, Xu, Xu, Xu, Xu, Xu, Xu, Xu, Xu, Xu, Xu, Xu, Uu, Rd, Xu, Xu, Ur, Uu, Xu, Uu, Xu, Xu, Xu, Xu, Uu, Uh, Re, Uh, Urb, Xu, Xu, Uu, Xu, Tb^Tf, Re, Re, Uu, Uu^Vud, Rd, Rd, Re, Uu^Vu, Xu, Xu, Xu
Xu, Xu, Xu, Xu, Xu, Xu, Xu, Xu, Xu, Xu, Xu, Xu, Xu, Xu, Xu, Xu, Uu, Uu, Xu, Ur, Uu, Uu, Xu, Xu, Xu, Xu, Xu, Xu, Xu, Uu, Uu^Vu, Uu, Re, Ur, Ur, Xu, Uh, Uue, Uu, Uu, Ur, Ur, Rd, Re, Re, Re, Xu, Xu, Xu
Xu, Xu, Xu, Xu, Xu, Xu, Xu, Xu, Xu, Xu, Xu, Xu, Xu, Xu, Xu, Xu, Xu, Uu, Re, Ur, Ur, Xu, Xu, Xu, Xu, Xu, Xu, Xu, Xu, Xu, Xu, Xu, Xu, Ur, Ur, Xu, Ur, Uh, Xu, Ur, Rd, Rd, Uu, Re, Uu, Xu, Xu, Xu, Xu
Xu, Xu, Xu, Xu, Xu, Xu, Xu, Xu, Xu, Xu, Xu, Xu, Xu, Xu, Xu, Xu, Xu, Xu, Uu, Uu, Ur, Uu, Xu, Xu, Xu, Xu, Xu, Xu, Xu, Xu, Xu, Ql, Ql, Xu, Xu, Uu^Ii, Xu, Xu, Xu, Uu, Uu, Uu, Re, Re, Xu, Xu, Xu, Xu, Xu
Xu, Xu, Xu, Xu, Xu, Xu, Xu, Xu, Xu, Xu, Xu, Xu, Xu, Xu, Xu, Xu, Xu, Xu, Uu, Uu^Vud, Re, Uu, Xu, Xu, Xu, Xu, Xu, Xu, Xu, Xu, Xu, Ql, Ql, Ql, Xu, Ur, Ur, Xu, Xu, Uu, Rd, Re, Uu, Xu, Xu, Xu, Xu, Xu, Xu
Xu, Xu, Xu, Xu, Xu, Xu, Xu, Xu, Xu, Xu, Xu, Xu, Xu, Xu, Xu, Xu, Xu, Uu, Rd, Uu, Rd, Uu, Uu, Xu, Xu, Xu, Xu, Xu, Xu, Xu, Xu, Ql, Ql, Ql, Xu, Ur, Ur, Xu, Xu, Xu, Xu, Uu, Xu, Xu, Xu, Xu, Xu, Xu, Xu
Xu, Xu, Xu, Xu, Xu, Xu, Xu, Xu, Xu, Xu, Xu, Xu, Xu, Xu, Xu, Xu, Xu, Uu^Vud, Rd, Rd, Uu, Uu, Re, Xu, Xu, Xu, Xu, Xu, Xu, Xu, Xu, Xu, Xu, Ql, Rd, Ur, Rd, Xu, Uu, Xu, Uu, Xu, Xu, Xu, Xu, Xu, Xu, Xu, Xu
Xu, Xu, Xu, Xu, Xu, Xu, Xu, Xu, Xu, Xu, Xu, Xu, Xu, Xu, Xu, Xu, Xu, Rd, Rd, Uu, Re, Re, Xu, Xu, Xu, Xu, Xu, Xu, Xu, Xu, Xu, Xu, Uu, Rd, Ur, Ur, Rd, Rd, Re, Uu, Uu, Uu, Xu, Xu, Xu, Xu, Xu, Xu, Xu
Xu, Xu, Xu, Xu, Xu, Xu, Xu, Xu, Xu, Xu, Xu, Xu, Xu, Xu, Xu, Xu, Xu, Uu, Uu^Vud, Uu, Rd, Xu, Xu, Xu, Xu, Xu, Xu, Xu, Rr, Rr^Edb, Uu, Uu, Ur, Ur, Uu, Uu, Uu, Uu, Uu, Uu, Rd, Rd, Xu, Xu, Xu, Xu, Xu, Xu, Xu
Xu, Xu, Xu, Xu, Xu, Xu, Xu, Xu, Xu, Xu, Xu, Xu, Xu, Xu, Xu, Xu, Xu, Xu, Xu, Rd, Rd, Xu, Uu, Xu, Xu, Xu, Xu, Rr^Edb, Xu, Rr^Edb, Xu, Re, Uu, Uu, Xu, Xu, Uu, Uu, Rd, Qxu, Qxu, Uu, Xu, Xu, Xu, Xu, Xu, Xu, Xu
Xu, Xu, Xu, Xu, Xu, Xu, Xu, Xu, Xu, Xu, Xu, Xu, Xu, Xu, Xu, Xu, Xu, Xu, Uu, Rd, Rd, Uu, Re, Xu, Xu, Xu, Xu, Xu, Xu, Xu, Xu, Xu, Xu, Xu, Xu, Xu, Xu, Uu, Ur, Qxu, Rd, Re, Xu, Xu, Xu, Xu, Xu, Xu, Xu
Xu, Xu, Xu, Xu, Xu, Xu, Xu, Xu, Xu, Xu, Xu, Xu, Xu, Xu, Xu, Xu, Xu, Xu, Rd, Rd, Re, Re, Rd, Uu, Uu, Xu, Xu, Xu, Xu, Xu, Xu, Xu, Xu, Xu, Xu, Xu, Xu, Uu, Re, Ur, Rd, Uu, Xu, Xu, Xu, Xu, Xu, Xu, Xu
Xu, Xu, Xu, Xu, Xu, Xu, Xu, Xu, Xu, Xu, Xu, Xu, Xu, Xu, Xu, Xu, Xu, Uu, Rd, Re, Uu^Vud, Uu, Rd, Rd, Ur, Uu, Uu^Vu, Xu, Uu, Xu, Xu, Xu, Xu, Xu, Xu, Xu, Xu, Uu, Uu, Ur, Uu, Uu, Xu, Xu, Xu, Xu, Xu, Xu, Xu
Xu, Xu, Xu, Xu, Xu, Xu, Xu, Xu, Xu, Xu, Xu, Xu, Uu, Xu, Uu, Xu, Uu, Uu, Rd, Rd, Rd, Rd, Uu, Uu, Xu, Ur, Ur, Uu, Re, Xu, Xu, Xu, Xu, Xu, Xu, Xu, Xu, Xu, Uu^Vu, Ur, Uu^Vu, Uu, Xu, Xu, Xu, Xu, Xu, Xu, Xu
Xu, Xu, Xu, Xu, Xu, Xu, Xu, Xu, Xu, Xu, Xu, Cud, Cud, Uu, Uu, Uu, Rd, Re, Uu, Uu, Uu, Uu, Xu, Xu, Xu, Re, Re, Ur, Uu, Uu, Xu, Xu, Xu, Xu, Xu, Xu, Xu, Xu, Xu, Uu, Xu, Xu, Xu, Xu, Xu, Xu, Xu, Xu, Xu
Xu, Xu, Xu, Xu, Xu, Xu, Xu, Xu, Xu, Xu, Xu, Cud, 2 Kud, Cud, Uu, Rd, Uu, Uu, Xu, Uu, Uu^Vu, Uu, Xu, Xu, Xu, Xu, Xu, Uu, Ur, Rd, Xu, Xu, Xu, Xu, Xu, Xu, Xu, Xu, Xu, Xu, Xu, Xu, Xu, Xu, Xu, Xu, Xu, Xu, Xu
Xu, Xu, Xu, Xu, Xu, Xu, Xu, Xu, Xu, Xu, Xu, Xu, Xu, Cud, Uu, Uu, Xu, Uu, Xu, Xu, Xu, Xu, Xu, Xu, Xu, Xu, Xu, Uu, Ur, Rd, Uu, Xu, Xu, Xu, Xu, Xu, Xu, Xu, Xu, Xu, Xu, Xu, Xu, Xu, Xu, Xu, Xu, Xu, Xu
Xu, Xu, Xu, Xu, Xu, Xu, Xu, Xu, Xu, Xu, Xu, Xu, Xu, Xu, Xu, Xu, Xu, Xu, Xu, Xu, Xu, Xu, Xu, Xu, Xu, Xu, Xu, Xu, Ur, Uu, Uu^Vu, Xu, Xu, Xu, Xu, Xu, Xu, Xu, Xu, Xu, Xu, Xu, Xu, Xu, Xu, Xu, Xu, Xu, Xu
Xu, Xu, Xu, Xu, Xu, Xu, Xu, Xu, Xu, Xu, Xu, Xu, Xu, Xu, Xu, Xu, Xu, Xu, Xu, Xu, Xu, Xu, Xu, Xu, Xu, Xu, Xu, Xu, Ur, Xu, Xu, Xu, Xu, Xu, Xu, Xu, Xu, Xu, Xu, Xu, Xu, Xu, Xu, Xu, Xu, Xu, Xu, Xu, Xu
Xu, Xu, Xu, Xu, Xu, Xu, Xu, Xu, Xu, Xu, Xu, Xu, Xu, Xu, Xu, Xu, Xu, Xu, Xu, Xu, Xu, Xu, Xu, Xu, Xu, Xu, Xu, Xu, Ur, Uu, Xu, Xu, Xu, Xu, Xu, Xu, Xu, Xu, Xu, Xu, Xu, Xu, Xu, Xu, Xu, Xu, Xu, Xu, Xu
Xu, Xu, Xu, Xu, Xu, Xu, Xu, Xu, Xu, Xu, Xu, Xu, Xu, Xu, Xu, Xu, Xu, Xu, Xu, Xu, Xu, Xu, Xu, Xu, Xu, Xu, Xu, Xu, Uu, Uu, Uu, Xu, Xu, Xu, Xu, Xu, Xu, Xu, Xu, Xu, Xu, Xu, Xu, Xu, Xu, Xu, Xu, Xu, Xu
Xu, Xu, Xu, Xu, Xu, Xu, Xu, Xu, Xu, Xu, Xu, Xu, Xu, Xu, Xu, Xu, Xu, Xu, Xu, Xu, Xu, Xu, Xu, Xu, Xu, Xu, Xu, Xu, Uu, Uu, Uu, Xu, Xu, Xu, Xu, Xu, Xu, Xu, Xu, Xu, Xu, Xu, Xu, Xu, Xu, Xu, Xu, Xu, Xu
