border_size=1
usage=map

Gg, Gg, Gg, Gg, Gg, Gg, Gg, Gg, Gg, Gg, Gg, Gg, Gg, Gg, Gg, Ww, Ww, Gg, Gg, Gg, Gg, Gg, Gg, Gg, Gg, Hh, Hh, Hh, Hh, Hh, Hh, Gg, Gg, Gg, Gg, Gg, Hh, Hh, Hh, Hh, Gg, Gg, Gg, Gg, Gg^Efm, Gg, Gg, Gg, Gg, Gg, Gg, Gg
Gg, Gg, Gg, Gg, Gg, Gg, Hh, Gg, Gg, Gg, Gg^Efm, Gg^Efm, Gg^Efm, Gg, Gg, Ww, Ww, Gg, Gg, Gg^Efm, Gg, Gg, Gg, Gg, Gg, Hh, Hh, Hh, Hh, Hh, Hh, Gg, Gg, Gg^Efm, Gg, Gg, Hh, Hh, Mm, Hh, Gg, Gg, Gg, Gg^Efm, Gg, Gg, Gg, Gg, Gg, Gg^Efm, Gg, Gg
Gg, Gg^Efm, Gg, Hh, Hh, Gg^Wm, Hh, Hh, Gg, Gg, Gg, Gg^Efm, Gg, Gg, Gg, Gg, Gg, Ww, Gg, Gg, Gg^Efm, Gg, Gg, Hh, Hh, Hh, Hh, Hh^Fds, Hh, Hh, Hh, Gg, Gg, Gg^Efm, Gg, Gg, Hh, Hh, Hh, Hh, Gg, Gg, Gg, Gg, Gg, Gg, Gg, Gg, Gg^Efm, Gg, Gg^Efm, Gg
Gg, Gg, Gs^Fp, Hh, Hh, Hh, Hh, Hh, Hh, Gg, Gg, Gg, Ce, Ce, Ce, Gg, Gg, Ww, Ww, Gg, Gg, Gg, Gg^Efm, Gg, Gg^Edb, Gg, Gg, Hh, Gg, Gg, Gg^Efm, Gg, Gg, Gg, Gg, Hh, Hh, Hh, Gg, Gg, Gg, Gg, Gg, Gg^Wm, Gg, Gg, Gg, Gg^Efm, Gg, Gg, Gg, Gg
Gg, Gg, Gg, Hh, Hh, Hh, Hh, Hh, Gg, Gg, Gg, Gg, Ce, 2 Ke, Ce, Gg, Gg, Ww, Ww, Gg, Gg, Gg, Gg^Efm, Gg, Gg, Gg^Efm, Gg, Gg, Gg, Gg, Gg, Gg, Gg, Gg, Ww, Gg, Gg, Gg, Gg^Efm, Gg^Efm, Gg, Gg^Efm, Gg, Gg, Gg, Gg, Gg, Gg, Gg, Gg^Efm, Gg, Gg
Gg, Gg^Efm, Gg, Hh, Hh, Hh, Hh, Hh, Hh, Hh, Gg, Gg, Gg, Ce, Gg, Gg, Gg, Gg, Gg, Ww^Bw/, Ww, Gg, Gg, Gg, Gg, Gg, Ww, Gg, Ww, Gg, Ww, Ww, Ww, Ww, Ww, Gg, Gg, Gg^Edb, Gg, Gg, Co, Gg, Gg, Gg^Efm, Gg^Efm, Gg, Gg, Gg^Vh, Gg, Gg, Gg^Es, Gg
Gg, Gg, Gg, Gg, Gg, Gg, Gg, Gg, Gg, Gg, Gg, Gg, Gg, Gg, Gg, Gg, Gg, Gg, Gg, Gg, Gg, Ww, Ww, Ww, Ww, Ww, Gg, Ww, Gg, Ww, Gg, Gg, Gg, Gg, Gg, Ww, Gg, Gg^Edb, Gg, Co, 3 Ko, Co, Gg, Gg^Efm, Gg^Efm, Gg, Gg, Gg, Gg^Efm, Gg, Gg, Gg
Gg, Gg, Gg, Gg, Gg, Gg, Gg, Gg, Gg^Efm, Gg, Gg, Gg^Efm, Gg, Gg, Gg, Gg^Es, Gg, Gg, Gg, Gg, Gg, Gg, Gg, Gg, Gg, Gg, Hh, Hh, Hh, Gg, Hh, Hh, Gg, Gg, Gg, Ww, Ww, Gg, Gg, Co, Co, Co, Gg, Gg, Gg, Gg, Gg, Gg, Gg^Efm, Gg^Efm, Gg, Gg
Gg, Gg, Hh, Hh, Gg, Gg, Gg, Gg, Gg, Gg, Gg, Gg, Gg, Gg, Gs^Fp, Gg, Gg, Gg, Gg, Hh, Hh, Hh, Hh, Hh, Hh, Hh, Hh, Hh, Hh, Hh, Hh, Hh, Hh, Gg, Gg, Gg, Gg, Ww, Ww, Gg, Gg, Gg, Gg, Gg, Gg, Gg, Gg, Gg^Efm, Gg, Gg, Hh, Hh
Hh, Hh, Hh, Hh, Hh, Gg, Hh, Gg, Hh, Gg, Gg, Gg, Gg, Gg, Gg, Gs^Fp, Gg, Gg, Gg, Gg, Hh, Hh, Hh, Hh, Hh^Fds, Hh, Mm, Hh, Hh, Hh, Hh, Hh, Hh, Gg, Hh, Gg, Gg, Gg, Gg, Ww^Bw|, Ww, Ww, Ww, Ww, Ww, Gg, Gg, Gg, Hh, Hh, Hh, Hh
Hh, Hh, Hh, Hh, Gg, Hh, Hh, Hh, Gg, Gg, Gg, Gg, Gg^Vh, Gg, Gg, Gg, Gg, Gg, Gg, Gg, Hh, Hh, Hh, Hh^Fds, Hh, Hh^Fds, Hh^Fds, Mm, Hh, Hh, Hh, Hh, Gg, Hh, Hh, Hh, Hh, Hh, Hh, Gg, Gg, Gg, Gg, Ww, Gg, Gg, Hh, Hh, Hh, Hh, Hh^Fds, Hh^Fds
Hh, Hh, Hh, Hh, Hh, Hh, Hh, Hh, Gg, Gg, Gg, Gg, Gg, Gg, Gg, Gg, Gg, Gg, Gg, Hh, Hh, Hh, Hh, Hh, Gg, Hh, Hh, Hh^Fds, Hh, Hh, Gg, Gg, Gg, Gg, Hh, Hh, Hh, Hh^Fp, Hh, Hh, Hh, Gg, Gg, Ww, Gg, Hh, Hh, Hh, Mm, Hh^Fds, Hh^Fds, Hh
Hh, Hh, Hh, Hh, Hh, Hh^Fp, Hh, Gg, Gg, Gg, Gg, Gg, Gg^Efm, Gg, Gg^Efm, Gg, Gg^Efm, Gg, Gg, Gg, Gg, Gg, Gg, Gg, Gg, Hh, Hh, Hh, Hh, Hh, Gg, Gg, Gg, Gg, Gg, Hh, Gg, Hh, Gg, Hh, Gg, Hh, Gg, Ww, Gg, Hh, Hh, Hh, Hh, Hh^Fds, Hh^Fds, Hh
Gg, Gg, Gg, Gg, Gg, Hh, Gg, Gg, Gg, Gg, Gg^Efm, Gg^Efm, Gg^Efm, Gg^Efm, Gg, Gg^Efm, Gg, Gg, Gg^Efm, Gg, Gg, Gg, Gg, Gg, Gg, Gg, Gg, Hh, Gg, Hh, Gg^Efm, Gg^Efm, Gg^Efm, Gg, Gg, Gg, Gg, Gg, Gg, Gg, Gg, Gg, Gg, Ww^Bw/, Gg, Gg, Gg, Hh, Hh, Hh, Hh, Hh
Gg, Gg, Gg, Gg, Gg, Gg^Efm, Gg, Gg, Gg^Efm, Gg^Efm, Gg^Efm, Gg^Efm, Gg^Efm, Gg^Efm, Gg, Gg, Gg, Gg, Gg, Gg, Gg^Efm, Gg^Efm, Gg, Gs^Fp, Gs^Fp, Gg, Gg^Efm, Gg, Gg, Gg, Gg, Gg, Gg, Gg, Gg, Gg, Gg, Gg^Vh, Gg, Gg, Gg, Gg, Gg, Ww, Ww, Gg, Gg, Gg, Hh, Hh, Hh, Hh
Gs^Fp, Gg, Gg, Gg, Gg, Gg, Gg^Efm, Gg, Gg, Gg, Gg^Efm, Gg^Efm, Gg, Gg, Gg, Gg^Vh, Gg, Gg, Gg, Gg, Gg, Gg, Gs^Fp, Gs^Fp, Gs^Fp, Gg, Gg, Gg, Gg, Gg, Gg, Gg, Gg, Gg, Gg, Gg, Gg, Gg, Gg, Gg, Gg^Efm, Gg, Gs^Fp, Gg, Gg, Ww, Ww, Gg, Gg, Hh, Gg, Gg
Gs^Fp, Gs^Fp, Gg, Gg, Gg, Gg, Gg^Efm, Gg, Gg^Efm, Gg^Efm, Gg, Gg, Gg, Gg, Gg, Gg, Gg, Gg, Gg, Gg, Gg^Efm, Gg, Gg^Efm, Gs^Fp, Gg, Gg, Gg, Gg, Gg, Gg, Gg, Gg, Gg^Edb, Gg^Efm, Gg, Gg, Gg, Gg, Gg^Efm, Gg^Efm, Gg^Efm, Gg, Gg, Gg, Gg, Ww, Ww, Ww, Gg, Gg, Gg, Gg
Gs^Fp, Gs^Fp, Gg, Gg, Gg, Gg^Efm, Gg^Efm, Gg^Efm, Gg, Gg, Gg, Gg, Gg, Gg, Gg, Gg, Hh, Gg, Gg, Gg, Gg, Gg^Efm, Gg^Efm, Gg^Efm, Gg, Gg, Ce, Ce, Ce, Gg, Gg, Gg, Gg, Gg^Efm, Gg^Efm, Gg^Efm, Gg^Efm, Gg^Efm, Gg, Gg^Efm, Gg, Gg, Gg, Gg^Efm, Gg, Gg, Gg, Ww, Ww, Gg, Gg, Gg
Gs^Fp, Gs^Fp, Gs^Fp, Gg, Gg, Gg, Gg, Gg^Efm, Gg, Gg, Hh, Hh, Hh, Gg, Hh, Hh, Gg, Gg, Gg^Efm, Gg^Efm, Gg, Gg^Efm, Gg^Efm, Gg^Efm, Gg, Gg, Ce, 1 Ke, Ce, Gg, Gg, Gg, Gg^Efm, Gg, Gg, Gg, Gg^Efm, Gg^Efm, Gg^Efm, Gg^Efm, Gg, Gg, Gg, Gg, Gg, Gg, Gg, Gg, Gg, Ww, Ww, Gg
Gs^Fp, Gs^Fp, Gs^Fp, Gg, Gg, Gg, Gg, Gg, Gg, Gg, Hh, Hh, Hh^Fp, Hh, Hh, Gg, Gg, Gg, Gg^Efm, Gg^Efm, Gg^Efm, Gg, Gg, Gg, Gg, Gg, Gg, Ce, Gg, Gg, Gg, Gg, Gg, Gg^Efm, Gg^Efm, Gg^Efm, Gg^Efm, Gg^Efm, Gg^Efm, Gg, Gg, Gg^Vh, Gg, Gg, Gg^Efm, Gg, Gg^Efm, Gg, Gg, Gg, Gg, Ww
Gs^Fp, Gs^Fp, Gs^Fp, Gg, Gg, Gg^Vh, Gg, Gg, Gg, Gg, Hh, Hh, Hh, Hh, Hh, Gg, Gg, Gg, Gg^Efm, Gg^Efm, Gg^Efm, Gg, Gg, Gg, Gg, Gg, Gg, Gg, Gg, Gg, Gg, Gg^Efm, Gg, Gg^Efm, Gg, Gg^Efm, Gg^Efm, Gg, Gg^Efm, Gg, Gg, Gg, Gg, Gg, Gg^Efm, Gg^Efm, Gg^Efm, Gg^Efm, Gg^Efm, Gg, Gg, Ww
Gs^Fp, Gs^Fp, Gs^Fp, Gs^Fp, Gg, Gg, Gg, Gg, Gg, Gg, Gg, Hh, Hh, Hh, Gg, Gg, Gg, Gg, Gg, Gg^Efm, Gg, Gg, Gg, Gg, Gg, Gg, Gg, Gg^Efm, Gg, Gg, Gg, Gg, Gg, Gg^Efm, Gg^Efm, Gg^Efm, Gg, Gg^Efm, Gg, Gg, Gg, Gg, Gg, Gg^Efm, Gg, Gg^Efm, Gg, Gg, Gg, Gg, Gg, Gg
Gs^Fp, Gs^Fp, Gg, Gg, Gg, Gg, Gg^Efm, Gg, Gg, Gg, Gg, Gg, Gg^Efm, Gg, Gg, Gg, Gg, Gg, Gg, Gg, Gg^Vh, Gg, Gg, Gg^Efm, Gg^Efm, Gg^Efm, Gg, Gg, Gg, Gg, Gs^Fp, Gg, Gg, Gg, Gg, Gg, Gg, Gg, Gg, Gg, Gg, Gg, Gs^Fp, Gg, Gg, Gg, Gs^Fp, Gg, Gg, Gg, Gg^Es, Gg
Gs^Fp, Gs^Fp, Gg, Gg, Gg, Gg^Efm, Gg, Gg, Gg, Gg^Efm, Gg, Gg^Efm, Gg^Efm, Gg, Gg, Gg^Efm, Gg^Efm, Gg^Efm, Gg, Gg, Gg, Gg, Gg, Gg^Efm, Gg, Gg, Gg, Gg, Gs^Fp, Gs^Fp, Gs^Fp, Gs^Fp, Gs^Fp, Gg, Gs^Fp, Gs^Fp, Gs^Fp, Gg, Gg^Efm, Gg, Gg, Gs^Fp, Gg, Gs^Fp, Gg, Gs^Fp, Gs^Fp, Gs^Fp, Gs^Fp, Gg, Gg^Efm, Gg^Efm
Gg, Gg, Gg, Gg^Efm, Gg^Efm, Gg, Gg, Gg, Gg, Gg, Gs^Fp, Gg, Gs^Fp, Gg, Gg, Gg, Gg, Gg, Gg, Gg, Gg, Gg^Efm, Gg^Efm, Gg, Gg, Gg, Gg, Gg, Gs^Fp, Gs^Fp, Gs^Fp, Gs^Fp, Gs^Fp, Gs^Fp, Gs^Fp, Gs^Fp, Gs^Fp, Gg, Gs^Fp, Gg, Gg, Gg, Gg^Efm, Gs^Fp, Gs^Fp, Gs^Fp, Gs^Fp, Gs^Fp, Gg, Gg, Gg^Efm, Gg
Gg, Gg, Gg, Gg^Efm, Gg, Gg, Gg, Gg, Gs^Fp, Gs^Fp, Gs^Fp, Gs^Fp, Gs^Fp, Gs^Fp, Gg, Gg^Es, Gs^Fp, Gs^Fp, Gs^Fp, Gg, Gg, Gg, Gg, Gg, Gs^Fp, Gg, Gs^Fp, Gs^Fp, Gs^Fp, Gs^Fp, Gs^Fp, Gs^Fp, Gs^Fp, Gs^Fmf, Gs^Fp, Gs^Fp, Gs^Fp, Gs^Fp, Gs^Fp, Gs^Fp, Gg, Gs^Fp, Gs^Fp, Gg, Gg, Gg, Gg, Gg, Gg, Gg, Gg, Gg^Efm
Gg, Gg, Gg, Gg, Gs^Fp, Gg, Gs^Fp, Gs^Fp, Gs^Fp, Gs^Fp, Gs^Fmf, Gs^Fp, Gs^Fp, Gs^Fp, Gs^Fp, Gs^Fp, Gs^Fp, Gs^Fp, Gs^Fp, Gg, Gs^Fp, Gs^Fp, Gs^Fp, Gs^Fp, Gs^Fp, Gs^Fp, Gs^Fp, Gs^Fp, Gs^Fp, Gs^Fp, Gs^Fp, Gs^Fp, Gs^Fp, Gs^Fp, Gs^Fp, Gs^Fp, Gs^Fmf, Gs^Fp, Gs^Fp, Gs^Fp, Gs^Fp, Gs^Fp, Gs^Fp, Gs^Fp, Gs^Fp, Gs^Fp, Gs^Fp, Gs^Fp, Gs^Fp, Gg, Gg, Gg
Gg, Gg, Gs^Fp, Gs^Fp, Gs^Fp, Gs^Fp, Gs^Fmf, Gs^Fmf, Gs^Fmf, Gs^Fmf, Gs^Fp, Gs^Fp, Gs^Fp, Gs^Fp, Gs^Fp, Gs^Fp, Gs^Fp, Gs^Fp, Gs^Fp, Gs^Fp, Gs^Fmf, Gs^Fp, Gs^Fp, Gs^Fp, Gs^Fp, Gs^Fmf, Gs^Fp, Gs^Fp, Gs^Fp, Cv, Cv, Cv, Gs^Fp, Gs^Fp, Gs^Fp, Gs^Fp, Gs^Fp, Gs^Fp, Gs^Fp, Gs^Fp, Gs^Fp, Gs^Fp, Gs^Fp, Gs^Fp, Gs^Fp, Gs^Fp, Gs^Fp, Gs^Fp, Gs^Fp, Gg, Gg, Gg
Gs^Fp, Gs^Fp, Gs^Fp, Gs^Fp, Gs^Fp, Gs^Fp, Gs^Fp, Gs^Fp, Gs^Fp, Gs^Fp, Gs^Fp, Gs^Fp, Gs^Fp, Gs^Fp, Gs^Fp, Gs^Fp, Gg^Ve, Gs^Fp, Gs^Fp, Gs^Fp, Gs^Fmf, Gs^Fp, Gs^Fp, Gs^Fp, Gs^Fp, Gs^Fp, Gs^Fp, Gs^Fp, Gs^Fp, Gs^Fp, 4 Kv, Gs^Fp, Gs^Fp, Gs^Fp, Gs^Fp, Gs^Fp, Gs^Fp, Gs^Fp, Gs^Fp, Gs^Fp, Gg^Ve, Gs^Fp, Gs^Fp, Gs^Fp, Gs^Fmf, Gs^Fmf, Gs^Fmf, Gs^Fp, Gs^Fp, Gg, Gg, Gg
Gs^Fp, Gs^Fp, Gs^Fp, Gs^Fp, Gs^Fp, Gs^Fp, Gs^Fp, Gs^Fp, Hh^Fp, Gs^Fp, Gs^Fp, Gs^Fp, Gs^Fp, Gs^Fp, Gs^Fmf, Gs^Fp, Gs^Fp, Gs^Fp, Gs^Fp, Gs^Fp, Gs^Fp, Gs^Fmf, Gs^Fp, Gs^Fp, Gg^Ve, Gs^Fp, Gs^Fp, Gs^Fp, Gs^Fp, Gs^Fp, Gs^Fp, Gs^Fp, Gs^Fmf, Gs^Fp, Gs^Fp, Gs^Fp, Hh, Gs^Fp, Gs^Fp, Gs^Fp, Gs^Fp, Gs^Fp, Gs^Fp, Gs^Fp, Gs^Fp, Gs^Fmf, Gs^Fp, Gs^Fp, Gs^Fp, Gs^Fp, Gs^Fp, Gs^Fp
Gs^Fp, Gs^Fp, Gs^Fp, Gs^Fp, Gs^Fp, Gs^Fp, Hh^Fp, Hh^Fp, Gs^Fp, Gs^Fp, Gs^Fp, Gs^Fp, Gs^Fp, Gs^Fp, Gs^Fp, Gs^Fp, Gs^Fp, Gs^Fp, Gs^Fp, Gs^Fp, Gs^Fp, Gs^Fp, Gs^Fp, Gs^Fp, Gs^Fp, Gs^Fp, Gs^Fp, Gs^Fp, Gs^Fp, Gs^Fp, Gs^Fp, Gs^Fp, Gs^Fp, Gs^Fp, Gs^Fp, Gs^Fp, Gs^Fp, Gs^Fp, Gs^Fp, Gs^Fp, Gs^Fp, Gs^Fp, Gs^Fp, Gs^Fp, Hh^Fp, Gs^Fp, Hh^Fp, Hh^Fp, Hh^Fp, Gs^Fp, Gs^Fp, Gs^Fp
Gs^Fmf, Gs^Fp, Gs^Fp, Gs^Fp, Gs^Fp, Gs^Fp, Gs^Fp, Hh^Fp, Gs^Fp, Gs^Fp, Gs^Fp, Gs^Fp, Hh, Gs^Fp, Gs^Fp, Gs^Fp, Gs^Fp, Gs^Fp, Gs^Fmf, Gs^Fp, Gs^Fp, Gs^Fp, Gs^Fp, Gs^Fp, Gs^Fp, Gs^Fp, Gs^Fp, Gs^Fp, Gs^Fp, Gs^Fp, Gs^Fp, Gs^Fp, Gs^Fp, Gs^Fp, Gs^Fp, Gs^Fp, Gs^Fp, Gs^Fp, Gs^Fp, Gs^Fp, Gs^Fp, Gs^Fp, Gs^Fp, Hh^Fp, Gs^Fp, Hh^Fp, Hh^Fp, Hh^Fp, Hh^Fp, Gs^Fp, Gs^Fp, Gs^Fp
Gs^Fmf, Gs^Fp, Gs^Fp, Gs^Fp, Gs^Fmf, Gs^Fp, Gs^Fp, Gs^Fp, Gs^Fp, Gg^Ve, Gs^Fp, Gs^Fp, Hh, Gs^Fp, Gs^Fp, Gs^Fp, Hh^Fp, Gs^Fp, Gs^Fp, Gs^Fp, Gs^Fp, Gs^Fp, Gs^Fp, Gs^Fp, Gs^Fp, Hh, Hh, Gs^Fp, Gs^Fp, Gs^Fp, Gs^Fp, Gs^Fp, Gs^Fp, Gs^Fp, Gs^Fp, Gs^Fp, Gs^Fp, Gs^Fmf, Gs^Fp, Gs^Fp, Gs^Fp, Gs^Fp, Gs^Fp, Gs^Fp, Gs^Fp, Hh^Fp, Hh^Fp, Hh^Fp, Gs^Fp, Gs^Fp, Gs^Fp, Gs^Fp
Gs^Fmf, Gs^Fp, Gs^Fp, Gs^Fp, Gs^Fmf, Gs^Fmf, Gs^Fp, Gs^Fp, Gs^Fp, Gs^Fp, Gs^Fp, Hh, Gs^Fp, Gs^Fp, Gs^Fp, Hh^Fp, Hh^Fp, Hh^Fp, Gs^Fp, Gs^Fp, Gs^Fp, Gg^Ve, Gs^Fp, Gs^Fp, Gs^Fp, Hh, Hh, Gs^Fp, Gs^Fp, Gs^Fmf, Gs^Fp, Gs^Fp, Gs^Fp, Gg^Ve, Gs^Fp, Gs^Fp, Ds, Gs^Fp, Ds, Gs^Fp, Ds, Ds, Ds, Gs^Fp, Gs^Fp, Hh^Fp, Gs^Fp, Gs^Fp, Gs^Fp, Gs^Fmf, Gs^Fp, Gs^Fp
Gs^Fp, Gs^Fp, Gs^Fp, Gs^Fp, Gs^Fp, Gs^Fmf, Gs^Fp, Gs^Fp, Gs^Fp, Gs^Fp, Gs^Fp, Gs^Fp, Gs^Fp, Gs^Fp, Gs^Fp, Gs^Fp, Gs^Fp, Hh^Fp, Gs^Fp, Gs^Fp, Gs^Fp, Gs^Fp, Gs^Fp, Gs^Fp, Gs^Fp, Gs^Fp, Gs^Fp, Gs^Fp, Gs^Fp, Gs^Fmf, Gs^Fp, Gs^Fp, Ds, Gs^Fp, Gs^Fp, Ds, Ww, Ds, Ww, Ds, Ww, Ww, Ds, Gs^Fp, Gs^Fp, Gs^Fp, Gs^Fp, Gs^Fp, Gs^Fp, Gs^Fp, Gs^Fp, Gs^Fp
Gs^Fp, Gs^Fp, Gs^Fp, Gs^Fp, Gs^Fp, Gs^Fp, Gs^Fp, Gs^Fp, Gs^Fp, Ds, Ds, Ds, Ds, Gs^Fp, Gs^Fp, Gs^Fp, Gs^Fp, Gs^Fp, Gs^Fp, Gs^Fp, Gs^Fp, Gs^Fp, Gs^Fp, Gs^Fp, Gs^Fp, Gs^Fp, Gs^Fp, Gs^Fp, Hh, Gs^Fp, Gs^Fp, Gs^Fp, Ds, Gs^Fp, Ds, Ds, Ww, Ww, Ww, Ww, Ww, Ww, Ww, Ds, Gs^Fp, Gs^Fp, Gs^Fp, Ds, Ds, Gs^Fp, Gs^Fp, Gs^Fp
Ds, Ds, Ds, Ds, Ds, Ds, Ds, Ds, Ds, Ds, Ds, Ww, Ds, Ds, Ds, Ds, Ds, Ds, Gs^Fp, Gs^Fp, Gs^Fmf, Gs^Fp, Gs^Fp, Ds, Ds, Ds, Ds, Ds, Ds, Ds, Ds, Ds, Ww, Ds, Ds, Ww, Ww, Ww, Ww, Ww, Ww, Ww, Ds, Ds, Ds, Ds, Ds, Ds, Ww, Ds, Ds, Ds
Ww, Ww, Ww, Ww, Ds, Ds, Ww, Ww, Ww, Ww, Ww, Ww, Ww, Ww, Ww, Ww, Ww, Ds, Ds, Gs^Fp, Gs^Fp, Gs^Fp, Gs^Fp, Ds, Ww, Ww, Ww, Ds, Ww, Wo^Bw|, Ww, Ww, Ww, Ww, Ww, Ww^Bw\, Ww^Bw\, Ww, Ww, Ww, Ww, Ww, Ww, Ww, Ww, Ds, Ww, Ww, Ww, Ww, Ww, Ww
Ww, Ww, Wo, Ww, Wo, Ww, Wo, Ww, Ww, Ww, Ww, Ww, Ww, Ww, Ww, Ww, Ww, Ww, Wo, Ds, Ds, Gs^Fp, Ds, Ds, Ww, Ww, Ww, Ww, Ww, Wo^Bw|, Ww, Ww, Ww, Ww, Ww, Ww, Wo, Ww^Bw\, Ww^Bw\, Ww^Vm, Ww, Ww, Ww, Ww, Ww, Ww, Ww, Ww, Ww, Ww, Ww, Ww
Wo, Wo, Wo, Wo, Ww, Wo, Wo, Ww, Wo, Wo, Wo, Ww, Wo, Ww, Wo, Ww, Wo, Wo, Ww, Ds, Ww^Bw|, Ds, Wo, Ww, Wo, Ww, Wo, Wo, Wo, Wo^Bw|, Wo, Wo, Wo, Ww, Ww, Ww, Wo, Wo, Wo, Ww^Bw\, Ww^Bw\, Ww, Wo, Ww, Wo, Ww, Wo, Wo, Wo, Wo, Wo, Wo
Ww, Ww, Ww, Ww, Ww, Ww, Ww, Wo, Wo, Wo, Ww, Wo, Ww, Wo, Ww, Wo, Ww, Wo, Wo, Ww^Vm, Ww^Bw|, Wo, Ww, Wo, Ww, Wo, Ww, Wo, Ww, Wo^Bw|, Ww, Wo, Ww, Wo, Wo, Wo, Wo, Ww, Ww, Ww, Ds, Ds, Ww, Wo, Wo, Wo, Ww, Ww, Ww, Ww, Ww, Ww
Ww, Ww, Ww, Ww, Ww, Ww, Ww, Ww^Vm, Ww, Ww, Ww, Ww, Ww, Ww, Ww, Ww, Ww, Ww, Ww, Wo, Ds, Ww, Ds, Ww, Ww, Ww, Ww^Vm, Ww, Ww, Wo^Bw|, Ww, Ww, Ww, Ww, Ww, Ww, Ww, Ww, Ds, Ds, Ds, Ds, Ww, Ww, Ww, Ww^Vm, Ww, Ww, Ww, Ww, Ww, Ww
Ww, Ww, Ww, Ww, Ds, Ww, Ww, Ww, Ww, Ww, Ww, Ww, Ww, Ww, Ww, Ww, Ww, Ww, Ww, Ds, Gs^Fdw, Ds, Ww, Ww, Ww, Ww, Ds, Ww, Ww, Wo^Bw|, Ww, Ww, Ww, Ww, Ww, Ww, Ww, Ds, Gs^Fdw, Gs^Fdw, Gs^Fdw, Ds, Ds, Ww, Ds, Ww, Ww, Ds, Ww, Ww, Ww, Ww
Ds, Ds, Ds, Ds, Ds, Ds, Ds, Ds, Ww, Ww, Ww, Ds, Ds, Ds, Ds, Ds, Ds, Ds, Ds, Ds, Gs^Fdw, Ds, Ds, Ds, Ds, Ds, Ds, Ds, Ds, Ds, Ds, Ds, Ds, Ds, Ds, Ds, Ds, Ds, Gs^Fdw, Gs^Fp, Gs^Fp, Gs^Fdw, Ds, Ds, Ds, Ww, Ds, Ds, Ds, Ds, Ds, Ds
Gs^Fdw, Gs^Fdw, Gs^Fdw, Gs^Fp, Gs^Fp, Gs^Fp, Gs^Fdw, Ds, Ds, Ww, Ww, Ww, Ds, Gs^Fp, Gs^Fp, Gs^Fdw, Gs^Fdw, Gs^Fdw, Gs^Fdw, Gs^Fdw, Gs^Fp, Gs^Fdw, Gs^Fp, Gs^Fdw, Gs^Fdw, Gs^Fdw, Gs^Fdw, Gs^Fdw, Gs^Fdw, Gs^Fdw, Gs^Fdw, Gs^Fdw, Gs^Fdw, Gs^Fdw, Gs^Fdw, Gs^Fdw, Gs^Fdw, Gs^Fdw, Gs^Fmw, Gs^Fp, Gs^Fp, Gs^Fdw, Gs^Fdw, Gs^Fdw, Gs^Fdw, Ds, Gs^Fdw, Gs^Fdw, Gs^Fdw, Gs^Fdw, Gs^Fdw, Gs^Fdw
Gs^Fdw, Gs^Fmw, Gs^Fmw, Gs^Fmw, Gs^Fp, Gs^Fp, Gs^Fp, Gs^Fdw, Ds, Ww, Ww, Ww, Ds, Gs^Fp, Gs^Fdw, Gs^Fp, Gs^Fp, Gs^Fp, Gs^Fp, Gs^Fp, Gs^Fp, Gs^Fp, Hh, Gs^Fp, Gs^Fp, Gs^Fdw, Gs^Fmw, Gs^Fdw, Gs^Fmw, Gs^Fmw, Gs^Fmw, Gs^Fmw, Gs^Fmw, Gs^Fmw, Gs^Fdw, Gs^Fdw, Gs^Fp, Gs^Fmw, Gs^Fmw, Gs^Fmw, Gs^Fmw, Gs^Fp, Gs^Fp, Gs^Fp, Gs^Fp, Gs^Fdw, Gs^Fp, Gs^Fmw, Gs^Fmw, Gs^Fdw, Gs^Fmw, Gs^Fmw
Gs^Fdw, Gs^Fmw, Gs^Fmw, Gs^Fmw, Gs^Fdw, Gs^Fp, Gs^Fp, Gs^Fp, Gs^Fp, Ds, Ds, Ds, Gs^Fp, Gs^Fp, Gs^Fdw, Gs^Fp, Gs^Fp, Gs^Fp, Gs^Fp, Gs^Fp, Gs^Fp, Hh, Gs^Fp, Gs^Fp, Gs^Fp, Gs^Fmw, Gs^Fmw, Gs^Fmw, Xu, Uu^Ii, Uu^Ii, Gs^Fmw, Gs^Fmw, Gs^Fmw, Gs^Fp, Gs^Fp, Gs^Fp, Gs^Es, Gs^Fmw, Gs^Fmw, Gs^Fp, Gs^Fp, Gs^Fp, Gs^Fp, Gg^Ve, Gs^Fp, Gs^Fp, Gs^Fp, Gs^Fp, Gs^Fmw, Gs^Fmw, Gs^Fmw
Gs^Fdw, Gs^Fp, Gs^Fp, Gs^Fdw, Gs^Fp, Gs^Fdw, Gs^Fp, Gs^Fp, Gs^Fp, Gs^Fp, Gs^Es, Gs^Fp, Gg^Ve, Gs^Fp, Gs^Fdw, Gs^Fdw, Gs^Fp, Gs^Fp, Gs^Fp, Gs^Fp, Gs^Fp, Gs^Fp, Gs^Fp, Gs^Fp, Gs^Fp, Gs^Fmw, Gs^Fmw, Xu, Uu, Uu^Ii, Xu, Xu, Gs^Fp, Gs^Fmw, Gs^Fp, Gs^Fp, Gs^Fp, Gs^Fp, Gs^Fp, Gs^Fp, Gs^Fp, Gs^Fp, Gs^Fp, Gs^Fp, Gs^Fp, Gs^Fp, Gs^Fp, Gs^Fp, Gs^Fp, Gs^Fp, Gs^Fmw, Gs^Fmw
Gs^Fdw, Gs^Fp, Gs^Fp, Gs^Fp, Gs^Fp, Gs^Fp, Gs^Fp, Gs^Fp, Gs^Fdw, Gs^Fp, Gs^Fp, Gs^Fp, Gs^Fp, Gs^Fp, Gs^Fp, Gs^Fp, Gs^Fp, Gs^Fp, Gs^Fp, Xu, Xu, Xu, Xu, Xu, Xu, Xu, Xu, Xu, Uu, Uu, Xu, Xu, Xu, Xu, Xu, Gs^Fp, Gs^Fp, Gs^Fp, Gg^Ve, Gs^Fp, Gs^Fp, Gs^Fdw, Gs^Fp, Gs^Fp, Gs^Fp, Gs^Fp, Gs^Fp, Gs^Fp, Gs^Fdw, Gs^Fp, Gs^Fmw, Gs^Fmw
Gs^Fp, Gs^Fp, Gs^Fdw, Gs^Fp, Gs^Fdw, Gs^Fp, Gs^Fp, Gs^Fp, Gs^Fdw, Gs^Fdw, Gs^Fdw, Gs^Fp, Gs^Fp, Gs^Fp, Gs^Fp, Gs^Fp, Gs^Fp, Gs^Fp, Xu, Xu, Qxu, Uu, Uu^Vu, Uu, Uu, Xu, Uu, Uu, Uu, Uu, Uu, Uu, Uu, Uu^Vu, Xu, Gs^Fp, Gs^Fp, Gs^Fp, Gs^Fp, Gs^Fp, Gs^Fp, Gs^Fp, Gs^Fp, Gs^Fp, Gs^Fdw, Gs^Fp, Gs^Fp, Gs^Fdw, Gs^Fp, Gs^Fp, Gs^Fp, Gs^Fp
Gs^Fp, Gs^Fp, Gs^Fp, Gs^Fdw, Gs^Fp, Gs^Fdw, Gs^Fp, Gs^Fp, Gs^Fp, Gs^Fdw, Gs^Fp, Gs^Fp, Gs^Fp, Gs^Fp, Gs^Fp, Gs^Fdw, Gs^Fdw, Gs^Fp, Xu, Qxu, Uu, Uu, Uu, Uu, Uu, Uu, Uu, Uu, Uu, Uu, Uu, Uu^Uf, Uu^Uf, Uu, Uu, Xu, Gs^Fp, Gs^Fp, Gs^Fdw, Gs^Fp, Gs^Fp, Gs^Fp, Gs^Fp, Gs^Fp, Gs^Fp, Gs^Fp, Gs^Fp, Gs^Fp, Gs^Fp, Gs^Fp, Gs^Fp, Gs^Fp
Gs^Fp, Gs^Fp, Gs^Fp, Gs^Fp, Gs^Fp, Gs^Fp, Gs^Fp, Gs^Fp, Gs^Fp, Gs^Fp, Gs^Fp, Gs^Fp, Gs^Fdw, Gs^Fdw, Gs^Fdw, Gs^Fdw, Gs^Fdw, Gs^Fp, Xu, Qxu, Qxu, Uu, Uu, Uu, Uu, Uu, Uu, Uu, Uu, Uu, Uu, Uu, Uu, Uu, Uu, Xu, Xu, Gs^Fdw, Gs^Fdw, Gs^Fdw, Gs^Fdw, Gs^Fdw, Gs^Fp, Gs^Fp, Gs^Fp, Gs^Fp, Gs^Fp, Gs^Fp, Gs^Fp, Gs^Fp, Gs^Fp, Gs^Fp
