Hd, Hd, Hd, Qlf, Qlf, Qlf, Qlf, Qlf, Hd, Hd, Qlf, Hd, Hd, Hd, Hd, Hd, Hd, Ww, Hd, Hd, Md^Xm, Qlf, Md, Md, Md^Xm, Md, Hd, Hd, Hd, Hd, Qlf, Hd, Hd, Qlf, Qlf, Hd, Qlf, Md, Md, Md, Md, Md, Md, Md, Hd, Hd, Hd, Hd, Dd, Dd, Re, Gs^Fdw, Gs^Fdw, Gs^Fdw, Dd, Qlf, Qlf, Qlf, Qlf, Qlf, Qlf, Qlf
Qlf, Hd, Qlf, Qlf, Qlf, Qlf, Qlf, Dd, Qlf, Qlf, Qlf, Hd, Hd, Hd, Hd, Hd, Hd, Hd, Md, Md, Md^Xm, Qlf, Qlf, Qlf, Qlf, Md, Hd, Hd, Hd, Qlf, Hd, Hd, Hd, Hd, Hd, Hd, Hd, Qlf, Qlf, Qlf, Qlf, Md, Hd, Hd, Hh^Vhh, Hd, Gs^Fdw, Gs^Fdw, Dd, Dd, Gs^Fdw, Re, Dd, Gs^Fdw, Gs^Fdw, Qlf, Dd^Vda, Dd, Dd, Qlf, Qlf, Qlf
Qlf, Qlf, Qlf, Qlf, Qlf, Qlf, Qlf, Qlf, Hd, Hd, Hd, Hd, Hd, Hd, Hd, Hd, Hd, Hd, Hd, Hd, Md, Md^Xm, Md^Xm, Qlf, Md, Qlf, Qlf, Hh^Vc, Qlf, Qlf, Hd, Hd, Hd, Hd, Hd, Hd, Hd, Hd, Hd, Hd, Qlf, Qlf, Hd, Hd, Hd, Gs^Fdw, Gs^Fdw, Gs^Fdw, Dd^Vdt, Dd, Dd, Re, Re, Dd, Dd, Qlf, Hd, Qlf, Dd, Qlf, Qlf, Qlf
Qlf, Hh^Vhh, Hd, Qlf, Qlf, Qlf, Qlf, Qlf, Hd, Hd, Hd, Hd, Hd, Hd, Hd, Hd, Hd, Md, Md^Xm, Md^Xm, Md^Xm, Md, Md, Md^Xm, Md, Md, Qlf, Qlf, Hd, Qlf, Hd, Hd, Hd, Hd, Hd, Hd, Hd, Hd, Hd, Hd, Hd, Qlf, Hd, Hd, Gs^Fdw, Gs^Fdw, Gs^Fdw, Qlf, Qlf, Dd, Dd, Dd, Re, Dd, Dd, Qlf, Hd, Qlf, Dd^Vda, Qlf, Qlf, Qlf
Re, Hd, Hd, Hd, Hd, Qlf, Hh^Vhh, Qlf, Hd, Hd, Hd, Hd, Hd, Md, Md, Md, Md^Xm, Md, Md, Md, Md, Md^Xm, Md^Xm, Md, Md, Md, Hd, Hd, Hd, Hd, Hd, Hd, Hd, Hd, Hd, Hd, Hd, Hd, Hd, Hd, Hd, Qlf, Qlf, Dd^Vda, Qlf, Gs^Fdw, Qlf, Qlf, Dd, Qlf, Qlf, Qlf, Re, Dd, Hd, Dd, Hd, Hd, Md, Qlf, Md, Qlf
Re, Hd, Qlf, Hd, Qlf, Qlf, Hd, Hd, Hd, Hd, Hd, Hd, Md, Md^Xm, Md, Md, Md^Xm, Md, Md^Xm, Md, Md^Xm, Md, Md, Md, Md, Md, Hd, Hd, Hd, Hd, Hd^Yc, Hd^Yc, Hd, Hd, Hd, Hd, Tb^Tf, Hd, Hd, Hd, Hd, Dd, Dd, Qlf, Gs^Fdw, Qlf, Qlf, Dd, Dd, Qlf, Qlf, Qlf, Qlf, Dd, Qlf, Hd, Md, Md, Md, Md, Md, Md
Re, Hd, Qlf, Qlf, Hd, Hd, Hd, Hd, Hd, Hd, Hd, Hd, Hd, Hd, Md, Hd, Md, Md^Xm, Md, Md^Xm, Md, Md, Md, Md, Md, Hd, Hd, Hd, Hd, Hd^Yc, Hd, Hd, Hd, Hd, Qlf, Qlf, Qlf, Gs^Fdw, Qlf, Dd, Dd, Dd, Dd^Do, Dd, Dd, Qlf, Dd, Dd, Dd, Dd, Re, Qlf, Dd, Dd, Qlf, Dd^Vda, Md, Md, Md, Md, Md, Md
Hd, Re, Qlf, Hd, Hd, Hd, Hd, Hd, Hd, Hd, Hd, Hd, Hd, Hd, Hd, Hd, Md, Md, Md^Xm, Md^Xm, Md, Qlf, Qlf, Qlf, Qlf, Qlf, Hd, Hd, Hd, Hd^Yc, Hd, Hd, Hd, Qlf, Hd, Dd, Hd, Qlf, Hd, Qlf, Qlf, Dd, Dd, Dd, Dd, Dd^Dc, Dd, Dd^Yc, Dd, Dd, Re, Qlf, Dd, Dd, Qlf, Hd, Qlf, Qlf, Md, Md, Md, Qlf
Qlf, Re, Qlf, Ce, Ce, Ce, Hd, Hd, Hd, Hd, Hd, Hd, Hd, Hd, Hd, Hd, Hd, Hd, Md^Xm, Qlf, Qlf, Qlf, Qlf, Qlf, Qlf, Hh^Vhh, Hd, Hd, Hd^Yc, Hd^Yc, Hd, Dd, Hd, Qlf, Hd, Hd, Hd, Hd, Hd, Qlf, Dd^Vda, Qlf, Dd, Dd, Dd, Dd, Dd, Dd^Yc, Re, Re, Gs^Fdw, Qlf, Qlf, Gs^Fdw, Qlf, Qlf, Md, Md, Md, Md, Md, Md
Qlf, Qlf, Qlf, Ce, 1 Ke, Hd, Hd, Hd, Hd, Hd, Hd, Hd, Hh^Vc, Hd, Hd, Hd, Hd, Hd, Md, Qlf, Qlf, Qlf, Qlf, Qlf, Qlf, Qlf, Hd, Hd, Hd, Dd, Hd, Hd, Dd^Vda, Qlf, Hd, Hd, Hd, Hd, Hd, Hd, Hd, Qlf, Qlf, Dd, Qlf, Dd, Dd, Dd^Yc, Re^Yc, Dd, Gs^Fdw, Gs^Fdw, Dd, Qlf, Hd, Md, Md, Md, Qlf, Md, Md, Md
Qlf, Hd, Ce, Ce, Hd, Hd, Hd, Hd, Hd, Hd, Hd, Qlf, Qlf, Hd, Hd, Hd, Hd, Hd, Hd, Hd, Qlf, Qlf, Qlf, Qlf, Qlf, Qlf, Qlf, Hd, Dd, Dd, Dd, Hd, Gs^Fdw, Qlf, Hd, Hd, Hd, Hd, Hd, Hd, Hd, Hd, Hd, Qlf, Dd, Qlf, Qlf, Dd, Re, Dd^Yc, Gs^Fdw, Gs^Fdw, Dd, Hd, Hd, Md, Md, Md, Md, Md, Md, Md
Hd, Re, Hd, Hd, Hd, Hd, Hd, Hd, Hh^Vhh, Qlf, Qlf, Qlf, Qlf, Qlf, Hd, Hd, Hd, Hd, Hd, Qlf, Qlf, Qlf, Qlf, Qlf, Hh, Hh, Qlf, Hd, Gs^Fdw, Gs^Fdw, Gs^Fdw, Gs^Fdw, Hd, Qlf, Hd, Dd^Do, Hd, Hd, Hd, Hd, Hd, Hd, Hd, Hd, Dd, Dd, Dd, Qlf, Ch, Qlf, Qlf, Qlf, Qlf, Qlf, Qlf, Hd, Hd, Qlf, Md, Md, Md, Qlf
Qlf, Re, Re, Dd, Dd, Hd, Hd, Hd, Hd, Qlf, Qlf, Qlf, Qlf, Qlf, Qlf, Hd, Hd, Hd, Hd, Hd, Hd, Hh^Vhh, Hh, Hh, Hh, Hh, Qlf, Qlf, Qlf, Gs^Fdw, Gs^Fdw, Qlf, Qlf, Qlf, Hd, Hd, Hd, Hd, Hd, Hd, Hd, Hd, Hd, Hd, Hd, Dd, Dd, Re, Dd, Dd^Vda, Gs^Fdw, Qlf, Qlf, Gs^Fdw, Qlf, Hd, Hd, Hd, Hd, Md, Dd, Qlf
Dd, Qlf, Dd^Vdt, Re, Dd, Dd, Dd, Dd, Dd, Gs^Fdw, Hd, Qlf, Qlf, Hh^Vhh, Hd, Hd, Hd, Hd, Hd, Hd, Qlf, Qlf, Hh, Hh, Hh, Dd, Qlf, Qlf, Qlf, Gs^Fdw, Qlf, Qlf, Qlf, Qlf, Hd, Hd, Hd, Hd, Hd, Hd, Hd, Hd, Hd, Hd, Hd, Dd^Vdt, Re, Re, Dd, Gs^Fdw, Gs^Fdw, Gs^Fdw, Gs^Fdw, Dd, Qlf, Qlf, Qlf, Hd, Hd, Dd, Dd, Dd
Re, Qlf, Dd, Re, Dd, Dd, Dd^Dc, Dd, Dd, Gs^Fdw, Qlf, Qlf, Qlf, Hd, Hd, Hd, Hd, Dd, Hd, Dd, Hh, Qlf, Qlf, Qlf, Qlf, Qlf, Tb^Tf, Tb^Tf, Tb^Tf, Qlf, Gs^Fdw, Qlf, Gs^Fdw, Qlf, Hd, Hd, Hd, Hd, Hd, Hd, Hd, Hd, Hd, Hd, Hd, Hd, Re, Dd, Dd, Gs^Fdw, Gs^Fdw, Gs^Fdw, Dd, Qlf, Qlf, Qlf, Qlf, Qlf, Dd, Dd, Dd, Dd
Qlf, Qlf, Re, Re, Dd, Dd, Dd, Dd, Qlf, Qlf, Qlf, Qlf, Qlf, Hd, Hd, Gs^Fdw, Dd, Dd^Yc, Dd^Yc, Dd^Yc, Dd^Yc, Qlf, Qlf, Qlf, Qlf, Qlf, Qlf, Tb^Tf, Tb^Tf, Tb^Tf, Dd, Dd^Vda, Dd, Hd, Hd, Hd, Hd, Hd, Hd, Hd, Hd, Hd, Hd, Hd, Hd, Re, Hh, Gs^Fdw, Gs^Fdw, Gs^Fdw, Gs^Fdw, Gs^Fdw, Qlf, Qlf, Tb^Tf, Qlf, Dd, Dd, Dd, Dd, Dd, Dd
Qlf, Qlf, Qlf, Re, Re, Dd, Re, Dd, Qlf, Qlf, Gs^Fdw, Qlf, Qlf, Gs^Fdw, Qlf, Gs^Fdw, Qlf, Dd, Dd, Dd, Dd^Yc, Qlf, Qlf, Qlf, Qlf, Qlf, Dd, Tb^Tf, Tb^Tf, Tb^Tf, Dd, Gs^Fdw, Dd, Hd, Hd, Hd, Hd, Hd, Re, Hd, Hd, Hd, Hd, Hd, Hd, Re, Gs^Fdw, Gs^Fdw, Gs^Fdw, Dd^Do, Gs^Fdw, Gs^Fdw, Qlf, Tb^Tf, Tb^Tf, Cud, 2 Kud, Dd, Dd, Dd, Dd, Dd
Hd, Qlf, Qlf, Dd^Vda, Qlf, Re, Qlf, Re, Dd, Qlf, Qlf, Qlf, Qlf, Qlf, Qlf, Qlf, Qlf, Dd^Vdt, Qlf, Qlf, Qlf, Qlf, Qlf, Qlf, Qlf, Dd^Vda, Dd, Dd, Dd, Dd, Dd, Dd, Re, Re, Re, Re, Re, Re, Md, Re, Re, Hd, Re, Hd, Hh^Vhh, Re, Dd, Gs^Fdw, Re, Gs^Fdw, Qlf, Gs^Fdw, Qlf, Tb^Tf, Cud, Cud, Dd, Dd, Dd, Dd, Qlf, Dd
Hd, Dd, Dd, Qlf, Dd, Qlf, Qlf, Qlf, Qlf, Qlf, Qlf, Dd, Dd, Gs^Fdw, Gs^Fdw, Gs^Fdw, Dd, Qlf, Dd, Dd, Qlf, Qlf, Gs^Fdw, Qlf, Qlf, Dd, Qlf, Qlf, Qlf, Dd, Re, Re, Hd, Hd, Hd, Hd, Mm^Vc, Md, Md, Md, Hd, Re, Hd, Re, Re, Re, Re, Re, Qlf, Qlf, Re, Qlf, Re, Tb^Tf, Re, Re, Dd, Dd, Dd, Dd, Dd, Dd
Hd, Gs^Fdw, Gs^Fdw, Dd, Dd, Qlf, Dd, Re, Qlf, Dd^Vda, Qlf, Dd, Dd, Dd, Dd^Vda, Gs^Fdw, Dd, Dd, Dd, Dd, Qlf, Dd, Qlf, Qlf, Dd, Dd, Qlf, Qlf, Dd, Dd, Re, Hd, Hd, Hd, Hd, Hd, Md, Md, Md, Md, Md, Hd, Hd, Hd, Hd, Re, Gs^Fdw, Qlf, Dd, Gs^Fdw, Dd, Re, Dd, Re, Dd, Gs^Fdw, Gs^Fdw, Gs^Fdw, Gs^Fdw, Dd, Dd, Dd
Hd, Gs^Fdw, Dd, Dd, Dd, Dd, Dd, Re, Re, Qlf, Dd, Dd, Dd, Gs^Fdw, Gs^Fdw, Dd, Dd, Dd, Dd, Dd, Qlf, Dd, Qlf, Qlf, Dd, Dd, Qlf, Qlf, Re, Re, Hd, Hd, Hd, Hd, Hd, Hd, Md, Md, Md, Md, Md, Hd, Hd, Hd, Hd, Re, Re, Qlf, Gs^Fdw, Gs^Fdw, Gs^Fdw, Gs^Fdw, Gs^Fdw, Gs^Fdw, Gs^Fdw, Gs^Fdw, Gs^Fdw, Gs^Fdw, Gs^Fdw, Gs^Fdw, Dd^Vda, Dd
Hd, Gs^Fdw, Dd, Dd, Dd, Dd, Dd, Dd, Dd, Re, Re, Dd, Re, Re, Re, Dd, Re, Re, Re, Qlf, Qlf, Qlf, Hd, Hd, Re, Re, Re, Qlf, Dd, Hd, Hd, Hd, Hd, Hd, Hd, Md, Md, Md, Md, Md, Md, Hd, Hd, Hd, Hd, Hd, Gg, Qlf, Gs^Fdw, Dd, Dd, Gs^Fdw, Gs^Fdw, Dd, Gs^Fdw, Gs^Fdw, Gs^Fdw, Gs^Fdw, Gs^Fdw, Dd, Gs^Fdw, Gs^Fdw
