Mm, Mm, Gs, Gs, Gs, Gs, Gs, Gs, Mm, Mm, Gs, Gs, Mm, Mm, Mm, Mm, Mm, Gs, Mm, Mm, Mm^Xm, Gs, Mm^Xm, Mm^Xm, Mm, Mm^Xm, Mm, Mm, Mm, Mm, Gs, Mm, Mm, Gs, Gs, Mm, Gs, Mm^Xm, Mm^Xm, Mm^Xm, Mm^Xm, Mm^Xm, Mm^Xm, Mm, Mm, Mm, Mm, Mm, Hh, Hh, Rb, Hh, Hh, Hh^Fdf, Hh, Gs, Gs, Gs, Gs, Gs, Gs, Gs
Mm, Mm, Mm, Gs, Gs, Gs, Gs, Gs, Mm, Mm, Gs, Mm, Mm, Mm, Mm, Mm, Mm, Gs, Mm, Mm, Mm^Xm, Gs, Mm^Xm, Mm^Xm, Mm^Xm, Mm^Xm, Mm, Mm, Mm, Mm, Gs, Mm, Mm, Gs, Gs, Mm, Gs, Mm^Xm, Mm^Xm, Mm^Xm, Mm^Xm, Mm^Xm, Mm^Xm, Mm^Xm, Mm, Mm, Mm, Mm, Hh, Hh, Rb, Hh^Fdf, Hh^Fdf, Hh^Fdf, Hh, Gs, Gs, Gs, Gs, Gs, Gs, Gs
Gs, Mm, Gs, Gs, Gs, Gs, Gs, Hh, Gs, Gs, Gs, Mm, Mm, Mm, Mm, Mm, Mm, Mm, Mm^Xm, Mm^Xm, Mm^Xm, Gs, Gs, Gs, Gs, Mm^Xm, Mm, Mm, Mm, Gs, Mm, Mm, Mm, Mm, Mm, Mm, Mm, Gs, Gs, Gs, Gs, Mm^Xm, Mm, Mm, Mm^Vhh, Mm, Hh^Fdf, Hh^Fdf, Hh, Hh, Hh^Fdf, Rb, Hh, Hh^Fdf, Hh^Fdf, Gs, Hh^Vhh, Hh, Hh, Gs, Gs, Gs
Gs, Gs, Gs, Gs, Gs, Gs, Gs, Gs, Mm, Mm, Mm, Mm, Mm, Mm, Mm, Mm, Mm, Mm, Mm, Mm, Mm^Xm, Mm^Xm, Mm^Xm, Gs, Mm^Xm, Gs, Gs, Mm^Vc, Gs, Gs, Mm, Mm, Mm, Mm, Mm, Mm, Mm, Mm, Mm, Mm, Gs, Gs, Mm, Mm, Mm, Hh^Fdf, Hh^Fdf, Hh^Fdf, Hh^Vc, Hh, Hh, Rb, Rb, Hh, Hh, Gs, Mm, Gs, Hh, Gs, Gs, Gs
Gs, Mm^Vhh, Mm, Gs, Gs, Gs, Gs, Gs, Mm, Mm, Mm, Mm, Mm, Mm, Mm, Mm, Mm, Mm^Xm, Mm^Xm, Mm^Xm, Mm^Xm, Mm^Xm, Mm^Xm, Mm^Xm, Mm^Xm, Mm^Xm, Gs, Gs, Mm, Gs, Mm, Mm, Mm, Mm, Mm, Mm, Mm, Mm, Mm, Mm, Mm, Gs, Mm, Mm, Hh^Fdf, Hh^Fdf, Hh^Fdf, Gs, Gs, Hh, Hh, Hh, Rb, Hh, Hh, Gs, Mm, Gs, Hh^Vhh, Gs, Gs, Gs
Rb, Mm, Mm, Mm, Mm, Gs, Mm^Vhh, Gs, Mm, Mm, Mm, Mm, Mm, Mm^Xm, Mm^Xm, Mm^Xm, Mm^Xm, Mm^Xm, Mm^Xm, Mm^Xm, Mm^Xm, Mm^Xm, Mm^Xm, Mm^Xm, Mm^Xm, Mm^Xm, Mm, Mm, Mm, Mm, Mm, Mm, Mm, Mm, Mm, Mm, Mm, Mm, Mm, Mm, Mm, Gs, Gs, Gs^Vht, Gs, Hh^Fdf, Gs, Gs, Hh, Gs, Gs, Gs, Rb, Hh, Mm, Hh, Mm, Mm, Mm^Xm, Gs, Mm^Xm, Gs
Rb, Mm, Gs, Mm, Gs, Gs, Mm, Mm, Mm, Mm, Mm, Mm, Mm^Xm, Mm^Xm, Mm^Xm, Mm^Xm, Mm^Xm, Mm^Xm, Mm^Xm, Mm^Xm, Mm^Xm, Mm^Xm, Mm^Xm, Mm^Xm, Mm^Xm, Mm^Xm, Mm, Mm, Mm, Mm, Mm^Yc, Mm^Yc, Mm, Mm, Mm, Mm, Tb^Tf, Mm, Mm, Mm, Mm, Hh, Hh, Gs, Hh^Fdf, Gs, Gs, Hh, Hh, Gs, Gs, Gs, Gs, Hh, Gs, Mm, Mm^Xm, Mm^Xm, Mm^Xm, Mm^Xm, Mm^Xm, Mm^Xm
Rb, Mm, Gs, Gs, Mm, Mm, Mm, Mm, Mm, Mm, Mm, Mm, Mm, Mm, Mm^Xm, Mm, Mm^Xm, Mm^Xm, Mm^Xm, Mm^Xm, Mm^Xm, Mm^Xm, Mm^Xm, Mm^Xm, Mm^Xm, Mm, Mm, Mm, Mm, Mm^Yc, Mm, Mm, Mm, Mm, Gs, Gs, Gs, Hh^Fdf, Gs, Hh, Hh, Hh, Hh, Hh, Hh, Gs, Hh, Hh, Hh, Hh, Rb, Gs, Hh, Hh, Gs, Hh^Vhh, Mm^Xm, Mm^Xm, Mm^Xm, Mm^Xm, Mm^Xm, Mm^Xm
Mm, Rb, Gs, Mm, Mm, Mm, Mm, Mm, Mm, Mm, Mm, Mm, Mm, Mm, Mm, Mm, Mm^Xm, Mm^Xm, Mm^Xm, Mm^Xm, Mm^Xm, Gs, Gs, Gs, Gs, Gs, Mm, Mm, Mm, Mm^Yc, Mm, Mm, Mm, Gs, Mm, Hh, Mm, Gs, Mm, Gs, Gs, Hh, Hh, Hh, Hh, Hh, Hh, Hh^Yc, Hh, Hh, Rb, Gs, Hh, Hh, Gs, Mm, Gs, Gs, Mm^Xm, Mm^Xm, Mm^Xm, Ww
Gs, Rb, Gs, Ce, Ce, Ce, Mm, Mm, Mm, Mm, Mm, Mm, Mm, Mm, Mm, Mm, Mm, Mm, Mm^Xm, Gs, Gs, Gs, Gs, Gs, Gs, Mm^Vhh, Mm, Mm, Mm^Yc, Mm^Yc, Mm, Hh, Mm, Gs, Mm, Mm, Mm, Mm, Mm, Gs, Gs^Vht, Gs, Hh, Hh, Hh, Hh, Hh, Hh^Yc, Rb, Rb, Hh^Fdf, Gs, Gs, Hh^Fdf, Gs, Gs, Mm^Xm, Mm^Xm, Mm, Mm^Xm, Mm^Xm, Mm^Xm
Gs, Gs, Gs, Ce, 1 Ke, Mm, Mm, Mm, Mm, Mm, Mm, Mm, Mm^Vc, Mm, Mm, Mm, Mm, Mm, Mm^Xm, Gs, Gs, Gs, Gs, Gs, Gs, Gs, Mm, Mm, Mm, Hh, Mm, Mm, Hh^Vhh, Gs, Mm, Mm, Mm, Mm, Mm, Mm, Mm, Gs, Gs, Hh, Gs, Hh, Hh, Hh^Yc, Rb^Yc, Gs, Hh^Fdf, Hh^Fdf, Hh, Gs, Mm, Mm, Mm, Mm, Ww, Mm, Mm^Xm, Mm^Xm
Gs, Mm, Ce, Ce, Mm, Mm, Mm, Mm, Mm, Mm, Mm, Gs, Gs, Mm, Mm, Mm, Mm, Mm, Mm, Mm, Gs, Gs, Gs, Gs, Gs, Gs, Gs, Mm, Hh, Hh, Hh, Mm, Hh^Fdf, Gs, Mm, Mm, Mm, Mm, Mm, Ch, 2 Kh, Ch, Mm, Gs, Hh, Gs, Gs, Hh, Rb, Hh^Yc, Hh^Fdf, Hh^Fdf, Hh, Mm, Mm, Mm, Mm, Mm, Mm, Mm^Xm, Mm^Xm, Mm^Xm
Mm, Rb, Mm, Mm, Mm, Mm, Mm, Mm, Mm^Vhh, Gs, Gs, Gs, Gs, Gs, Mm, Mm, Mm, Mm, Mm, Gs, Gs, Gs, Gs, Gs, Mm, Mm, Gs, Mm, Hh^Fdf, Hh^Fdf, Hh^Fdf, Hh^Fdf, Hh, Gs, Mm, Hh^Vhh, Mm, Mm, Mm, Mm, Ch, Mm, Mm, Mm, Hh, Hh, Hh, Gs, Ch, Gs, Gs, Gs, Gs, Gs, Gs, Mm, Mm, Ww, Mm^Xm, Mm^Xm, Mm^Xm, Ww
Gs, Rb, Rb, Hh, Hh, Mm, Mm, Mm, Mm, Gs, Gs, Gs, Gs, Gs, Gs, Mm, Mm, Mm, Mm, Mm, Mm, Mm^Vhh, Mm, Mm, Mm, Mm, Gs, Gs, Gs, Hh^Fdf, Hh^Fdf, Gs, Gs, Gs, Mm, Mm, Mm, Mm, Mm, Mm, Mm, Mm, Mm, Mm, Mm, Hh, Hh, Rb, Hh, Hh^Vhh, Hh^Fdf, Gs, Gs, Hh^Fdf, Gs, Mm, Mm, Mm, Mm, Mm^Xm, Hh, Ww
Hh, Gs, Hh^Vc, Rb, Hh, Hh, Hh, Hh, Hh, Hh^Fdf, Mm, Gs, Gs, Mm^Vhh, Mm, Mm, Mm, Mm, Mm, Mm, Gs, Gs, Mm, Mm, Mm, Hh, Gs, Gs, Gs, Hh^Fdf, Gs, Gs, Gs, Gs, Mm, Mm, Mm, Mm, Mm, Mm, Mm, Mm, Mm, Mm, Mm, Hh^Vc, Rb, Rb, Hh, Hh^Fdf, Hh^Fdf, Hh^Fdf, Hh^Fdf, Hh, Gs, Gs, Gs, Mm, Mm, Hh, Hh, Hh
Re, Gs, Hh, Rb, Hh, Hh, Hh, Hh, Hh, Hh^Fdf, Gs, Gs, Gs, Mm, Mm, Mm, Mm, Hh, Mm, Hh, Mm, Gs, Gs, Gs, Gs, Gs, Tb^Tf, Tb^Tf, Tb^Tf, Gs, Hh^Fdf, Gs, Hh^Fdf, Gs, Mm, Mm, Mm, Mm, Mm, Mm, Mm, Mm, Mm, Mm, Mm, Mm, Rb, Hh, Hh, Hh^Fdf, Hh^Fdf, Hh^Fdf, Hh, Gs, Gs, Gs, Gs, Gs, Hh, Hh, Hh, Hh
Gs, Gs, Rb, Rb, Hh, Hh, Hh, Hh, Gs, Gs, Gs, Gs, Gs, Mm, Mm, Hh^Fdf, Hh, Hh^Yc, Hh^Yc, Hh^Yc, Hh^Yc, Gs, Gs, Gs, Gs, Gs, Gs, Tb^Tf, Tb^Tf, Tb^Tf, Hh, Hh^Vhh, Hh, Mm, Mm, Mm, Mm, Mm, Mm, Mm, Mm, Mm, Mm, Mm, Mm, Rb, Mm, Hh^Fdf, Hh^Fdf, Hh^Fdf, Hh^Fdf, Hh^Fdf, Gs, Gs, Tb^Tf, Gs, Hh, Hh, Hh, Hh, Hh, Hh
Gs, Gs, Gs, Rb, Rb, Hh, Rb, Hh, Gs, Gs, Hh^Fdf, Gs, Gs, Hh^Fdf, Gs, Hh^Fdf, Gs, Hh, Hh, Hh, Hh^Yc, Gs, Gs, Gs, Gs, Gs, Hh, Tb^Tf, Tb^Tf, Tb^Tf, Hh, Hh^Fdf, Hh, Mm, Mm, Mm, Mm, Mm, Rb, Mm, Mm, Mm, Mm, Mm, Mm, Rb, Hh^Fdf, Hh^Fdf, Hh^Fdf, Hh^Vhh, Hh^Fdf, Hh^Fdf, Gs, Tb^Tf, Tb^Tf, Tb^Tf, Tb^Tf, Hh, Hh, Hh, Hh, Hh
Mm, Gs, Gs, Gs^Vht, Gs, Rb, Gs, Rb, Hh, Gs, Gs, Gs, Gs, Gs, Gs, Gs, Gs, Gg^Vc, Gs, Gs, Gs, Gs, Gs, Gs, Gs, Gs^Vht, Hh, Hh, Hh, Hh, Hh, Hh, Rb, Rb, Rb, Rb, Rb, Rb, Mm^Xm, Rb, Rb, Mm, Rb, Mm, Hh^Vhh, Rb, Hh, Hh^Fdf, Rb, Hh^Fdf, Gs, Hh^Fdf, Gs, Tb^Tf, Tb^Tf, Tb^Tf, Hh, Hh, Hh, Hh, Gs, Hh
Mm, Hh, Hh, Gs, Hh, Gs, Gs, Gs, Gs, Gs, Gs, Hh, Hh, Hh^Fdf, Hh^Fdf, Hh^Fdf, Hh, Gs, Hh, Hh, Gs, Gs, Hh^Fdf, Gs, Gs, Hh, Gs, Gs, Gs, Hh, Rb, Rb, Mm, Mm, Mm, Mm, Mm^Vc, Mm^Xm, Mm^Xm, Mm^Xm, Mm, Rb, Mm, Rb, Rb, Rb, Rb, Rb, Gs, Gs, Rb, Gs, Rb, Tb^Tf, Rb, Rb, Hh, Hh, Hh, Hh, Hh, Hh
Mm, Hh^Fdf, Hh^Fdf, Hh, Hh, Gs, Hh, Rb, Gs, Gs^Vht, Gs, Hh, Hh, Hh, Hh^Vhh, Hh^Fdf, Hh, Hh, Hh, Hh, Gs, Hh, Gs, Gs, Hh, Hh, Gs, Gs, Hh, Hh, Rb, Mm, Mm, Mm, Mm, Mm, Mm^Xm, Mm^Xm, Mm^Xm, Mm^Xm, Mm^Xm, Mm, Mm, Mm, Mm, Rb, Hh^Fdf, Gs, Hh, Hh^Fdf, Hh, Rb, Hh, Rb, Hh, Hh^Fdf, Hh^Fdf, Hh^Fdf, Hh^Fdf, Hh, Hh, Hh
Mm, Hh^Fdf, Hh, Hh, Hh, Hh, Hh, Rb, Rb, Gs, Hh, Hh, Hh, Hh^Fdf, Hh^Fdf, Hh, Hh, Hh, Hh, Hh, Gs, Hh, Gs, Gs, Hh, Hh, Gs, Gs, Rb, Rb, Mm, Mm, Mm, Mm, Mm, Mm, Mm^Xm, Mm^Xm, Mm^Xm, Mm^Xm, Mm^Xm, Mm, Mm, Mm, Mm, Rb, Rb, Gs, Hh^Fdf, Hh^Fdf, Hh^Fdf, Hh^Fdf, Hh^Fdf, Hh^Fdf, Hh^Fdf, Hh^Fdf, Hh^Fdf, Hh^Fdf, Hh^Fdf, Hh^Fdf, Hh^Vhh, Hh
Mm, Hh^Fdf, Hh, Hh, Hh, Hh, Hh, Hh, Hh, Rb, Rb, Hh, Rb, Rb, Rb, Hh, Rb, Rb, Rb, Gs, Gs, Gs, Mm, Mm, Re, Re, Re, Gs, Hh, Mm, Mm, Mm, Mm, Mm, Mm, Mm^Xm, Mm^Xm, Mm^Xm, Mm^Xm, Mm^Xm, Mm^Xm, Mm, Mm, Mm, Mm, Mm, Gs, Gs, Hh^Fdf, Hh, Hh, Hh^Fdf, Hh^Fdf, Hh, Hh^Fdf, Hh^Fdf, Hh^Fdf, Hh^Fdf, Hh^Fdf, Hh, Gs^Fdw, Gs^Fdw
