border_size=1
usage=map

Ss          ,Ss          , Ss          , Ss          , Ss          , Ss          , Ss          , Ss          , Ss          , Ss          , Ss          , Ss          , Ss          , Ss          , Ss          , Ss          , Ss          , Ss          , Ss          , Ss          , Ss          , Ss          
Ss          ,Ss          , Ss          , Ss          , Ss          , Ss          , Ss          , Ss          , Ss          , Ss          , Ss          , Ss          , Ss          , Ss          , Ss          , Ss          , Ss          , Ss          , Ss          , Ss          , Ss          , Ss          
Ss          ,Ss          , Ss          , Ss          , Ss          , Ss          , Ss          , Ss          , Ss          , Ss          , Ss          , Ss          , Ss          , Ss          , Ss          , Ss          , Ss          , Ss          , Ss          , Ss          , Ss          , Ss          
Ss          ,Ss          , Ss          , Ss          , Ss          , Ss          , Ss          , Ss          , Ss          , Ss          , Ch          , Ss          , Ss          , Ss          , Ss          , Ss          , Ss          , Ss          , Ss          , Ss          , Ss          , Ss          
Ss          ,Ss          , Ss          , Ss          , Ss          , Ss          , Ss          , Ss          , Ss          , Ss          , Ch          , Ss          , Ss          , Ss          , Ss          , Ss          , Ss          , Ss          , Ss          , Ss          , Ss          , Ss          
Ss          ,Ss          , Ss          , Ss          , Ss          , Ss          , Ss          , Ss          , Ss          , Ss          , Ch          , Ss          , Ss          , Ss          , Ss          , Ss          , Ss          , Ss          , Ss          , Ss          , Ss          , Ss          
Ss          ,Ss          , Ss          , Ss          , Ss          , Ss          , Ss          , Ss          , Ch          , Ch          , Ch          , Ch          , Ch          , Ss          , Ss          , Ss          , Ss          , Ss          , Ss          , Ss          , Ss          , Ss          
Ss          ,Ss          , Ss          , Ch          , Ch          , Ss          , Ch          , Ch          , Ch          , Ch          , Kh          , Ch          , Ch          , Ch          , Ch          , Ss          , Ch          , Ch          , Ss          , Ss          , Ss          , Ss          
Ss          ,Ss          , Ss          , Ss          , Ss          , Ch          , Ch          , Ch          , Kh          , Kh          , 2 Ch        , Kh          , Kh          , Ch          , Ch          , Ch          , Ss          , Ss          , Ss          , Ss          , Ss          , Ss          
Ss          ,Ss          , Ss          , Ss          , Ss          , Ch          , Ch          , Kh          , Ch          , Ch          , Ch          , Ch          , Ch          , Kh          , Ch          , Ch          , Ss          , Ss          , Ss          , Ss          , Ss          , Ss          
Ss          ,Ss          , Ss          , Ss          , Ss          , Ch          , Ch          , Kh          , Ch          , Ch          , Ch          , Ch          , Ch          , Kh          , Ch          , Ch          , Ss          , Ss          , Ss          , Ss          , Ss          , Ss          
Ss          ,Ss          , Ss          , Ss          , Ss          , Ch          , Ch          , Kh          , Ch          , 3 Ch        , Ch          , 1 Ch        , Ch          , Kh          , Ch          , Ch          , Ss          , Ss          , Ss          , Ss          , Ss          , Ss          
Ss          ,Ss          , Ss          , Ss          , Ss          , Ch          , Ch          , Kh          , Kh          , Ch          , Ch          , Ch          , Kh          , Kh          , Ch          , Ch          , Ss          , Ss          , Ss          , Ss          , Ss          , Ss          
Ss          ,Ss          , Ss          , Ss          , Ch          , Ch          , Ch          , Ch          , Ch          , Kh          , Kh          , Kh          , Ch          , Ch          , Ch          , Ch          , Ch          , Ss          , Ss          , Ss          , Ss          , Ss          
Ss          ,Ss          , Ss          , Ch          , Ss          , Ss          , Ss          , Ch          , Ch          , Ch          , Ch          , Ch          , Ch          , Ch          , Ss          , Ss          , Ss          , Ch          , Ss          , Ss          , Ss          , Ss          
Ss          ,Ss          , Ss          , Ss          , Ss          , Ss          , Ss          , Ss          , Ss          , Ch          , Ch          , Ch          , Ss          , Ss          , Ss          , Ss          , Ss          , Ss          , Ss          , Ss          , Ss          , Ss          
Ss          ,Ss          , Ss          , Ss          , Ss          , Ss          , Ss          , Ss          , Ss          , Ss          , Ch          , Ss          , Ss          , Ss          , Ss          , Ss          , Ss          , Ss          , Ss          , Ss          , Ss          , Ss          
Ss          ,Ss          , Ss          , Ss          , Ss          , Ss          , Ss          , Ss          , Ss          , Ss          , Ch          , Ss          , Ss          , Ss          , Ss          , Ss          , Ss          , Ss          , Ss          , Ss          , Ss          , Ss          
Ss          ,Ss          , Ss          , Ss          , Ss          , Ss          , Ss          , Ss          , Ss          , Ss          , Ss          , Ss          , Ss          , Ss          , Ss          , Ss          , Ss          , Ss          , Ss          , Ss          , Ss          , Ss          
Ss          ,Ss          , Ss          , Ss          , Ss          , Ss          , Ss          , Ss          , Ss          , Ss          , Ss          , Ss          , Ss          , Ss          , Ss          , Ss          , Ss          , Ss          , Ss          , Ss          , Ss          , Ss          
Ss          ,Ss          , Ss          , Ss          , Ss          , Ss          , Ss          , Ss          , Ss          , Ss          , Ss          , Ss          , Ss          , Ss          , Ss          , Ss          , Ss          , Ss          , Ss          , Ss          , Ss          , Ss          
Ss          ,Ss          , Ss          , Ss          , Ss          , Ss          , Ss          , Ss          , Ss          , Ss          , Ss          , Ss          , Ss          , Ss          , Ss          , Ss          , Ss          , Ss          , Ss          , Ss          , Ss          , Ss          
