Rr, Gs, Gs^Ft, Gs^Ft, Gs, Gs^Ft, Gs^Ft, Gs^Ft, Gs^Ft, Gs, Gs, Gs, Gs, Gs, Gs^Ft, Rr, Gs, Gs^Ft, Ds, Ds, Ds, Ds, Ds, Ww, Ds, Ds, Ds, Ds, Gs^Ft, Gs^Ft, Gs^Ft, Gs^Ft, Gs^Ft, Gs^Ft, Gs^Ft, Gs^Ft, Gs^Ft, Gs, Gs, Gs, Gs^Ft, Gs^Ft, Gs^Ft, Gs^Ft, Gs^Ft, Gs^Ft, Gs^Ft, Gs^Ft, Gs^Ft, Gs^Ft, Gs^Ft, Gs^Ft, Ds, Gs, Gs, Gs^Ft, Gs^Ft
Gs, Rr, Gs^Ft, Gs^Ft, Rr, Gs^Ft, Gs^Ft, Gs^Ft, Gs^Ft, Gs, Gs, Gs, Gs, Gs, Gs^Ft, Rr, Gs, Gs^Ft, Ds, Ds, Ds, Ds, Ds, Ww, Ds, Ds, Ds, Ds, Gs^Ft, Gs^Ft, Gs^Ft, Gs^Ft, Gs^Ft, Gs^Ft, Gs^Ft, Gs^Ft, Gs^Ft, Gs, Xu, Ds, Gs^Ft, Gs^Ft, Gs^Ft, Gs^Ft, Gs^Ft, Gs^Ft, Gs^Ft, Gs^Ft, Gs^Ft, Gs^Ft, Gs^Ft, Gs^Ft, Ds, Gs, Gs, Gs^Ft, Gs^Ft
Gs, Rr, Rr, Rr, Rr, Gs^Ft, Gs^Ft, Gs^Ft, Gs^Ft, Gs^Ft, Gs, Gs, Gs, Gs^Ft, Gs^Ft, Rr, Ds, Ds, Ds, Ds, Ds, Ds, Ww, Ww, Ds, Ds, Ds, Ds, Gs^Ft, Gs^Ft, Gs^Fp, Gs^Fp, Gs^Fp, Gs^Fp, Gs^Ft, Gs^Ft, Xu, Xu, Uh, Xu, Xu, Ds, Gs^Ft, Gs^Ft, Gs, Gs, Gs, Gs^Ft, Gs^Ft, Gs^Ft, Gs^Ft, Gs^Ft, Gs, Gs, Gs, Gs^Ft, Gs^Ft
Gs^Ft, Gs^Ft, Gs^Ft, Ce, Ce, Ce, Gs, Gs, Gs^Ft, Gs^Ft, Gs^Ft, Gs, Gs, Gs, Rr, Rr, Gs, Gs, Ds, Ds, Ds, Ww, Ww, Ww, Ds, Ds, Ds, Ds, Gs^Ft, Gs^Fp, Gs^Ft, Gs^Ft, Gs^Ft, Gs^Ft, Gs^Ft, Gs^Ft, Ds, Uh^Ii, Xu, Qxu, Xu, Gs^Ft, Ds, Gs^Ft, Gs^Ft, Gs^Vht, Gs, Gs^Ft, Gs^Ft, Gs^Fp, Gs^Ft, Chr, Chr, Chr, Gs, Gs^Ft, Gs^Ft
Gs^Ft, Gs^Ft, Gs^Ft, Ce, 1 Ke, Ce, Gs, Gs, Gs, Gs, Rr^Vd, Gs, Gs^Ft, Ds, Rr, Gs^Ft, Gs, Gs, Ds, Ww, Ww, Ww, Wo, Ww, Ds, Ds, Gg^Efm, Gs^Ft, Gs^Ft, Gs^Fp, Gs^Fp, Gs^Ft, Gs^Fp, Gs^Fp, Gs^Ft, Gs^Fp, Gs^Fp, Gs^Ft, Gs^Ft, Xu, Gs^Ft, Gs^Ft, Gs^Ft, Gs^Ft, Gs^Ft, Gs^Ft, Gs^Ft, Gs^Ft, Rr, Gs^Fp, Rr, Chr, 3 Khr, Chr, Gs, Gs^Ft, Gs^Ft
Gs^Ft, Gs^Ft, Gs^Ft, Gs^Ft, Rr, Gs^Ft, Gs, Gs^Fp, Gs^Fp, Gs^Fp, Gs, Rr, Rr, Rr, Gs^Ft, Gs^Ft, Gs^Ft, Gs^Ft, Ds, Ww, Ww, Wo, Ww, Ww, Ds, Ds, Ds, Ds, Gs^Ft, Gs^Vht, Gs^Ft, Gs^Fp, Gs^Ft, Gs^Ft, Gs^Fp, Gs^Fp, Gs^Fp, Gs^Ft, Gs^Ft, Gs^Ft, Gs^Ft, Gg^Fet, Gs^Ft, Gs^Ft, Rr, Gs^Ft, Rr, Rr, Gs^Ft, Rr, Rr, Gs, Gs, Gs, Gs^Ft, Gs^Ft, Gs^Ft
Gs^Ft, Gs^Ft, Gs^Fp, Gs^Ft, Rr, Gs^Fp, Gs, Gs^Fp, Gs^Fp, Gs^Fp, Rr, Rr, Gs^Ft, Gs^Ft, Gs^Ft, Gs^Ft, Gs^Ft, Gs^Ft, Gs^Ft, Ds, Ww, Ww, Ww^Vm, Ww, Wo, Ww, Ww, Ds, Gs^Ft, Gs^Fp, Gs^Fp, Gs^Ft, Gs^Fp, Gs^Ft, Gs^Fp, Gs^Ft, Gs^Ft, Gs^Fp, Gs^Ft, Gs^Ft, Rr, Gs^Vht, Rr, Rr, Gs^Ft, Rr, Gs^Ft, Gs, Gs^Ft, Gs, Gs^Ft, Gs, Gs, Gs, Gs^Ft, Gs^Ft, Gs^Ft
Gs^Ft, Gs^Ft, Gs^Fp, Gs^Fp, Gs, Rr, Rr, Gs^Fp, Rr, Rr, Gs^Ft, Gs^Ft, Gs^Ft, Gs^Ft, Hh, Hh, Hh, Gs^Ft, Gs^Fp, Ds, Ww, Ww, Ww, Ww, Wo, Wo, Ww, Ds, Gs^Ft, Gs^Fp, Gs^Fp, Gs^Fp, Gs^Ft, Gs^Ft, Ds, Gs^Ft, Gs^Ft, Gs^Ft, Rr, Rr, Gs^Ft, Rr, Gs^Ft, Gg^Fet, Gs^Ft, Gs, Gs, Gs, Gs, Gs, Gs^Fp, Gs^Fp, Gs^Fp, Gs^Ft, Gs^Ft, Gs^Ft, Gs^Ft
Gs^Ft, Gs^Ft, Gs^Ft, Gs, Rr^Vd, Gs, Gs, Rr, Gg, Gs^Ft, Gs^Ft, Gs^Ft, Gs^Fp, Gs^Ft, Hh, Hh, Gs^Ft, Gs^Ft, Gs^Fp, Ds, Ds, Ww, Ww, Ww, Ww, Ww, Ds, Ds, Gs^Ft, Gs^Fp, Gs^Fp, Gs^Fp, Gs^Ft, Gg^Fet, Gs^Ft, Gs^Ft, Rr, Rr, Gs, Gs^Ft, Gs^Ft, Gs^Ft, Gs^Ft, Gs^Ft, Gs, Gs, Gs, Gs^Ft, Gs^Ft, Gs^Ft, Gs^Fp, Gs^Fp, Gs^Fp, Gs^Fp, Gs^Fp, Gs^Fp, Gs^Fp
Gs^Ft, Gs^Ft, Gs^Ft, Gs, Gs, Gs, Gs, Rr, Gs^Ft, Gs^Ft, Gs, Gs, Gs^Fp, Gs, Gs^Fp, Gs, Gs^Fp, Gs^Fp, Gs^Fp, Ds, Ds, Ww, Ds, Ds, Ds, Ds, Ds, Ds, Gs^Fp, Gs^Fp, Gs^Ft, Gs^Fp, Gs^Fp, Gs^Ft, Gs^Ft, Gs^Vht, Rr, Gs^Ft, Gs, Gs^Ft, Gs^Fp, Gs^Fp, Gs^Ft, Gs^Fp, Gs^Fp, Gs, Gs^Fp, Gs, Gs^Ft, Gs, Gs, Gs, Gs^Fp, Gs^Fp, Gs^Ft, Gs^Ft, Gs^Ft
Gs^Ft, Gs^Ft, Gs^Ft, Gs, Gs, Gs, Gs^Ft, Rr, Rr, Gs, Gs, Gs^Fp, Gs^Fp, Gs^Fp, Gs^Fp, Gs^Fp, Gs^Ft, Gs^Ft, Gs, Gs^Ft, Ds, Ds, Ds, Ds, Ds, Ds, Ds, Gg^Fet, Rr, Gs^Ft, Gs^Ft, Gs^Ft, Gs^Fp, Gs^Ft, Rr, Rr, Gs^Ft, Gs, Gs, Gs^Ft, Gs^Fp, Gs^Ft, Gs^Ft, Gs^Fp, Gs^Fp, Gs^Fp, Gs, Gs^Fp, Gs, Gs, Gs, Gs^Vht, Gs^Fp, Gs, Gs, Gs^Fp, Gs^Fp
Gs^Ft, Gs^Ft, Gs^Ft, Gs, Gs^Fp, Gs^Ft, Gs^Ft, Gs^Ft, Rr, Gs, Gs^Ft, Gs^Ft, Gs^Ft, Gs^Ft, Gs, Gs, Gs^Ft, Gs, Gs, Gs^Ft, Gs, Ds, Ds, Gs^Ft, Gg^Fet, Ds, Rr, Rr, Gs^Vht, Rr, Rr, Rr, Gs^Fp, Gs^Fp, Gs^Fp, Gg^Efm, Gs^Ft, Gs^Fp, Gs^Ft, Gs^Ft, Gs^Fp, Gs^Ft, Gs^Ft, Gs^Fp, Gs^Fp, Gs, Gs^Fp, Gs^Fp, Gs, Gs, Gs^Fp, Gs^Fp, Gs^Fp, Gs, Gs^Fp, Gs^Fp, Gs^Fp
Gs, Gs, Gs^Fp, Gs^Fp, Gs^Ft, Gs^Ft, Rr, Rr, Rr, Chr, Gs^Ft, Gs^Ft, Gs^Ft, Gs^Ft, Gs^Ft, Gs, Gs, Gs, Gs, Ds, Gs, Gs^Ft, Gs, Gs^Ft, Gs^Ft, Rr, Gs^Fp, Gs^Ft, Gs^Ft, Gs^Ft, Gs^Ft, Gs^Ft, Gs^Fp, Gs^Ft, Gs^Ft, Gs^Ft, Gs^Ft, Gs^Fp, Gs^Fp, Gs^Fp, Gs^Fp, Gs^Fp, Gs^Fp, Gs^Ft, Gs, Gs^Fp, Gs, Gs, Gs, Hh, Gs, Gs^Fp, Gs, Gs^Fp, Gs^Ft, Gs^Ft, Gs^Ft
Gs, Gs, Gs^Fp, Gs^Fp, Gs^Ft, Gs^Ft, Rr, Gs^Ft, Gs^Ft, Rr, Rr, Rr, Rr, Rr, Ds, Gs^Ft, Gs^Ft, Gs^Ft, Gs^Fp, Ds, Gs^Ft, Gs^Ft, Gs^Ft, Gs^Ft, Rr, Gs^Fp, Gs, Gs, Gs^Ft, Gs^Ft, Gs^Ft, Gs^Fp, Gs^Fp, Gs^Fp, Gs^Ft, Gs^Ft, Gs^Ft, Gs^Ft, Gg^Fet, Gs^Fp, Gs^Ft, Gs^Fp, Gs^Fp, Gs^Ft, Gs^Fp, Gs^Fp, Gs, Gs^Ft, Gs^Fp, Gs, Gs^Ft, Gs^Ft, Gs, Gs^Ft, Gs^Ft, Ds, Ds
Gs, Gs, Gs^Fp, Gs, Gs, Rr, Rr, Gs^Ft, Gs^Ft, Gs^Ft, Gs^Ft, Ds, Ds, Rr, Rr, Gs^Ft, Gs^Fp, Gs^Fp, Gs^Fp, Gs^Fp, Gs^Ft, Gs^Fp, Gs^Fp, Gs^Fp, Gs^Ft, Gs, Gs^Fp, Gs, Gs^Fp, Gs, Gs^Fp, Gs^Ft, Gs^Ft, Gs^Ft, Gs^Ft, Gs^Ft, Gs^Ft, Hh, Mm^Xm, Hh, Mm^Xm, Hh, Gs^Ft, Gs^Ft, Gs^Ft, Gs^Fp, Gs^Ft, Gs^Ft, Gs^Fp, Gs^Ft, Gs^Ft, Gs^Ft, Gs^Vht, Gs^Ft, Gs^Ft, Gs^Ft, Gs^Ft
Gs^Fp, Gs^Fp, Gs^Fp, Gs, Rr, Rr, Gs^Fp, Ds, Gs^Fp, Gs^Vht, Gs^Ft, Ds, Ds, Gg^Fet, Ds, Rr, Rr, Gs^Vht, Rr, Rr, Rr, Gs^Ft, Rr, Gs^Ft, Gs, Gs, Gs^Fp, Gs^Fp, Gs^Fp, Gs^Fp, Gs, Gs^Ft, Gs^Ft, Gs^Fp, Gs^Fp, Gs^Ft, Gs^Ft, Hh, Mm, Mm^Xm, Mm^Xm, Hh, Gs^Vht, Gs^Ft, Gs^Ft, Gs^Ft, Gs^Ft, Gs^Ft, Gs^Ft, Gs^Fp, Gs^Fp, Gs^Ft, Gs^Ft, Gs^Ft, Gs^Ft, Ds, Ds
Gs^Fp, Gs^Fp, Gs, Rr, Gs, Ds, Ds, Ds, Ds, Ds, Gs^Fp, Gs^Fp, Gs^Fp, Ds, Gs^Fp, Gs^Ft, Rr, Rr, Gs^Ft, Khr, Chr, Rr, Gs^Ft, Gs^Ft, Gs^Fp, Gs^Fp, Gs, Gs^Fp, Gs^Vht, Gs, Gs, Gs^Ft, Gs^Fp, Gs^Ft, Gs^Fp, Gs^Fp, Gs^Ft, Gs^Ft, Gs^Ft, Hh, Mm^Xm, Hh, Gs^Ft, Gs^Ft, Gs^Ft, Gs^Ft, Gs^Ft, Gs^Ft, Gs, Gs^Fp, Gs^Fp, Gs^Fp, Ds, Ds, Ds, Gs^Ft, Gs^Ft
Gs^Fp, Gs^Fp, Rr, Rr, Gs, Gs, Gs^Fp, Gs, Ds, Ds, Gs^Fp, Ds, Ds, Gs^Fp, Gs^Fp, Gs^Ft, Gs^Ft, Rr, Gs^Ft, Chr, Chr, Gs^Ft, Gs^Ft, Gs^Ft, Gs^Ft, Gs^Ft, Gs, Gs^Ft, Gs^Ft, Gs^Ft, Gs^Ft, Gs^Ft, Gs^Fp, Gs^Ft, Gs^Fp, Gs^Fp, Gs^Fp, Gs^Ft, Hh, Hh, Mm^Xm, Mm, Mm, Gs^Ft, Gs, Gs^Ft, Gs^Ft, Ds, Ds, Gs^Fp, Gs^Ft, Gs^Fp, Gs^Fp, Gs, Gs, Gs^Ft, Gs^Ft
Gs, Gs, Rr, Ss, Ss, Gs, Gs^Fp, Gs, Gs, Ds, Ds, Ds, Gg^Fet, Ds, Gs^Ft, Gs^Fp, Gs^Fp, Rr, Gs^Ft, Chr, Gs^Ft, Gs^Ft, Gs^Ft, Gs^Ft, Gs^Fp, Gs^Ft, Gs^Ft, Gs^Ft, Gs^Ft, Gs^Ft, Gs^Ft, Gs, Gs^Fp, Gs^Fp, Gs^Ft, Gs^Ft, Gs^Fp, Gs^Ft, Hh, Mm^Xm, Mm^Xm, Mm, Mm, Gs^Ft, Gs^Ft, Gg^Fet, Ds, Ds, Gs^Ft, Gs^Fp, Gs^Fp, Gs^Fp, Gs^Fp, Gs^Fp, Gs^Ft, Gs^Ft, Gs^Ft
Rr, Rr, Gs, Gs, Gs, Gs^Fp, Gs, Gs^Ft, Gs^Ft, Gs^Ft, Ds, Ds, Ds, Ds, Gs^Ft, Gs^Fp, Chr, Rr, Gs^Ft, Gs^Ft, Gg^Fet, Gs^Ft, Gs^Fp, Gs^Ft, Gs^Fp, Gs^Ft, Gs^Ft, Gs^Ft, Gs, Gs, Gs^Fp, Gs^Fp, Gs^Fp, Gs^Fp, Gs^Fp, Gs^Fp, Gs^Fp, Gs^Ft, Hh, Mm, Hh, Mm, Mm, Gs^Ft, Gs^Ft, Ds, Ds, Ds, Ds, Gs^Ft, Gs^Ft, Gs^Ft, Gs^Ft, Gs^Fp, Gs^Ft, Gs^Ft, Gs^Ft
Ds, Ds, Ss, Ss, Gs, Gs^Fp, Gs^Fp, Gs^Fp, Gs^Vht, Gs^Ft, Ds, Ds, Ds, Gs^Ft, Gs^Ft, Gs^Ft, Gs^Ft, Rr, Gs^Ft, Gs^Ft, Gs^Ft, Gs^Fp, Gs^Fp, Gs^Fp, Gs^Ft, Gs^Ft, Gs^Ft, Gs^Ft, Gs, Gs, Gs^Fp, Gs^Ft, Gs^Ft, Gs^Fp, Gs^Fp, Gs^Fp, Gs^Fp, Gs^Fp, Gs^Fp, Hh, Hh, Hh, Gs^Ft, Gs^Ft, Gs^Ft, Ds, Ww, Ww, Ds, Gs^Ft, Gs^Ft, Gs^Ft, Gs^Ft, Gs^Fp, Gs^Ft, Gs^Ft, Gs^Ft
Gs, Gs, Gs, Ss, Gs, Gs^Fp, Gs^Fp, Gs^Fp, Gs^Ft, Gs^Ft, Ds, Ds, Gs, Gs, Gs, Gs^Ft, Gs^Ft, Rr, Gs^Ft, Gs^Ft, Gs^Fp, Gs^Ft, Gs^Ft, Gs^Ft, Gs^Ft, Gs^Ft, Gs^Ft, Gs, Gs, Gs, Gs, Gs^Ft, Gs^Fp, Gs^Fp, Gs^Fp, Gs^Fp, Gs^Fp, Gs^Fp, Gs^Ft, Gs^Ft, Hh, Gs^Ft, Gs^Ft, Gs^Ft, Gs^Ft, Ww, Ww, Ww, Ds, Gs^Fp, Gs^Vht, Gs^Fp, Gs^Ft, Gs^Fp, Gs^Ft, Gs^Ft, Gs^Ft
Gs^Ft, Gs^Ft, Gs, Gs, Gs^Fp, Gs^Fp, Gs^Fp, Gs^Fp, Gs^Ft, Gs^Ft, Ds, Ds, Gs, Gs, Gs, Gs^Ft, Gs^Ft, Rr, Gs^Ft, Gs^Fp, Gs^Fp, Gs^Fp, Gs^Ft, Gs^Ft, Gs^Ft, Gs^Ft, Gs, Gs^Ft, Gs^Ft, Gs^Ft, Gs^Ft, Gs^Ft, Gs^Fp, Gs^Fp, Gs^Ft, Gs^Ft, Gs^Ft, Gs^Ft, Gs^Ft, Gs^Ft, Gs^Fp, Gs^Ft, Gs^Ft, Gs^Ft, Ds, Ww, Ww^Vm, Ww, Ds, Gs^Fp, Gs^Fp, Gs^Ft, Gs^Ft, Gs^Fp, Gs^Ft, Gs^Ft, Gs^Ft
Gs^Ft, Gs^Ft, Gs^Ft, Gs^Fp, Gs^Ft, Gs^Ft, Gs^Ft, Gs^Fp, Gs^Ft, Gs^Ft, Ds, Ds, Ds, Ds, Ds, Ds, Gs^Ft, Rr, Gs^Ft, Gs^Ft, Gs^Ft, Gs^Fp, Gs, Gs, Gs^Ft, Gs^Ft, Gs^Ft, Gs^Ft, Gs^Ft, Gs^Ft, Gs^Ft, Gs^Ft, Gs^Ft, Gs^Fp, Gs^Fp, Gs^Ft, Gs^Ft, Gs^Ft, Gs^Fp, Gs^Fp, Gs^Ft, Gs, Gs, Gs, Ds, Ww, Ww, Ww, Ww, Ds, Ds, Gs^Ft, Gs^Fp, Gs^Fp, Gs^Ft, Gs^Ft, Gs^Ft
Gs^Ft, Gs^Ft, Gs^Ft, Gs^Fp, Gs^Fp, Gs^Ft, Gs, Gs^Ft, Ds, Ds, Ds, Ww, Wwf, Ww, Ww, Ww, Gg^Fet, Rr, Gs^Ft, Gs^Ft, Gs^Ft, Gs^Ft, Gs, Gs^Vht, Gs, Gs^Ft, Gs^Ft, Gs^Ft, Gs^Ft, Gs^Ft, Gs^Fp, Gs, Gs, Gs, Gs^Vht, Gs^Ft, Gs^Ft, Gs^Ft, Gs^Fp, Gs, Gs, Gs, Gs, Gs, Ds, Ds, Ww, Ww, Ww, Ds, Gs^Fp, Gs^Fp, Gs^Ft, Gs^Ft, Gs^Ft, Gs^Ft, Gs^Ft
Gs^Ft, Gs^Ft, Gs^Fp, Gs^Fp, Gs^Ft, Gs^Fp, Gs, Gs^Fp, Gs^Fp, Ds, Ww, Ww, Ww, Wwf, Ww, Ds, Ds, Rr, Chr, Gs^Fp, Gs^Fp, Gs^Ft, Gs^Fp, Gs, Gs^Ft, Gs^Ft, Gs^Fp, Gs^Fp, Gs^Fp, Gs^Fp, Gs^Ft, Ds, Ds, Ss, Gs, Gs, Ds, Gs^Fp, Gs, Gs, Ss, Ss, Gs, Gs^Ft, Gs^Ft, Ds, Ds, Ww, Ww, Ds, Gs^Fp, Gs^Fp, Gs^Ft, Gs^Ft, Gs^Ft, Gs^Ft, Gs^Ft
Gs^Ft, Gs^Ft, Gs^Fp, Gs^Ft, Gs^Fp, Gs, Gs, Gs, Gs^Fp, Ds, Ds, Ww, Ww, Wwf, Wwf, Ds, Ds, Rr, Rr, Gs^Ft, Gs^Fp, Gs^Fp, Gs^Fp, Gs^Fp, Gs^Ft, Gs^Fp, Gs^Ft, Gs^Fp, Gs^Ft, Gs^Ft, Gs^Ft, Ds, Ss, Ss, Ss, Ds, Ds, Gs, Ss, Gs^Ft, Gs^Ft, Gs, Gs^Ft, Gs^Ft, Gs^Ft, Gs^Ft, Ds, Ds, Ww^Bw\r, Gs^Fp, Ds, Ds, Gs^Ft, Gs^Ft, Gs^Ft, Gs^Ft, Gs^Ft
Gs^Ft, Gs^Ft, Gs^Fp, Gs^Ft, Gs, Gs^Fp, Gs^Fp, Gs, Gs^Fp, Ds, Ds, Ds, Ww, Ww, Ww, Ds, Ds, Gs^Ft, Gs^Ft, Rr, Gs^Fp, Gs^Fp, Gs^Fp, Gs^Fp, Gs^Ft, Gs^Fp, Gs^Fp, Gs^Ft, Gs^Ft, Gs^Ft, Gs^Ft, Gs^Ft, Gs, Ss, Gs, Gs, Gs, Ss, Ss, Ss, Gs^Ft, Gs, Gs^Fp, Gs^Ft, Gs^Ft, Gs^Ft, Gg^Fet, Ds, Ww, Ww^Bw\r, Ds, Ds, Gs^Ft, Gs^Ft, Gs^Ft, Gs^Ft, Gs^Ft
Gs^Ft, Gs^Ft, Gs^Ft, Gs^Fp, Gs^Fp, Gs, Gs^Fp, Gs^Fp, Gs, Gs^Ft, Gs^Ft, Ds, Ds, Ww, Ww, Ds, Gs^Ft, Gs^Ft, Gs^Ft, Rr, Rr, Gs^Fp, Gs^Ft, Gs^Ft, Gs^Fp, Gs^Fp, Gs^Ft, Ds, Ds, Ds, Ds, Gs^Ft, Gs, Gs, Gs, Gs, Ss, Gs, Gs^Ft, Gs^Ft, Gs^Ft, Gs, Gs^Fp, Gs, Gs^Fp, Gs^Ft, Ds, Ds, Ww, Ww, Ds, Ds, Gs^Fp, Gs^Ft, Gs^Ft, Gs^Ft, Gs^Ft
Gs^Ft, Gs^Ft, Gs^Ft, Gs^Ft, Gs^Ft, Gs^Ft, Gs, Gs^Fp, Gs^Fp, Gs^Ft, Gs^Ft, Ds, Ds, Ds, Ds, Ds, Gs, Gs^Ft, Gs^Ft, Gs^Ft, Rr, Gs^Ft, Gs, Gs, Gs^Ft, Gs^Ft, Ds, Ds, Ds, Gg, Ds, Gs^Ft, Gs^Fp, Gs^Ft, Gs^Ft, Gs, Gs, Gs, Gs, Gs, Gs, Gs, Gs, Gs^Fp, Gs^Fp, Gs^Ft, Ds, Ds, Ds, Ds, Ds, Ds, Gs, Gs^Fp, Gs^Ft, Gs^Ft, Gs^Ft
Gs, Gs, Gs^Vht, Gs^Ft, Hh, Hh, Gs^Ft, Gs^Fp, Gs^Fp, Gs^Fp, Gs, Gs^Ft, Gs^Ft, Ds, Ds, Gs, Ss, Gs, Gs^Ft, Gs^Ft, Rr, Gs^Ft, Gs, Gs^Ft, Gs^Ft, Ds, Ds, Gs^Ft, Ds, Gg, Gs^Ft, Gs^Fp, Gs^Fp, Gs^Fp, Gs^Fp, Gs^Ft, Gs^Ft, Gs^Ft, Gs^Ft, Gs^Ft, Gs, Gs^Vht, Gs, Gs, Gs^Fp, Gs^Fp, Gs^Fp, Ds, Ds, Ds, Ds, Gs^Ft, Gs^Fp, Gs^Fp, Gs^Ft, Gs^Ft, Gs^Ft
Gs, Gs, Gs, Hh, Hh, Hh, Gs^Ft, Gs^Fp, Gs^Ft, Gs^Fp, Gs^Ft, Gs^Ft, Gs^Ft, Gs^Ft, Gs, Gs, Gs, Gs, Gs, Gs^Ft, Rr, Chr, Gs^Ft, Gs, Gs^Ft, Ds, Ds, Gs^Ft, Gs^Ft, Gs^Ft, Gs^Fp, Gs^Fp, Gs^Fp, Gs^Fp, Gs^Ft, Gs^Fp, Gs, Gs^Ft, Gs^Ft, Gs^Ft, Gs^Ft, Gs, Ds, Ds, Ds, Ds, Ds, Gs^Fp, Gs^Fp, Gs^Ft, Gs^Ft, Gs^Ft, Gs^Ft, Gs^Ft, Gs^Ft, Gs^Ft, Gs^Ft
Gs, Gs, Gs, Hh, Hh, Hh, Hh, Gs, Gs^Ft, Gs^Ft, Gs^Ft, Gs^Ft, Gs^Fp, Gs^Ft, Gs, Gs^Vht, Gs, Gs, Gs, Gs^Ft, Gs^Ft, Rr, Rr, Gs^Ft, Gs^Ft, Gs^Ft, Gs^Ft, Gs^Ft, Gs^Ft, Gs, Gs^Ft, Gs^Fp, Gs^Fp, Gs^Fp, Gs^Fp, Ss, Gs, Gs^Ft, Gs^Ft, Ds, Ds, Ds, Ds, Ds, Ds, Gs^Fp, Gs^Fp, Gs^Fp, Gs^Ft, Gs, Gs^Ft, Gs^Ft, Gs^Vht, Gs^Ft, Gs^Ft, Gs^Ft, Gs^Ft
Gs^Ft, Gs^Ft, Gs^Ft, Hh, Hh, Gs^Ft, Gs^Ft, Gs, Gs^Ft, Gs^Ft, Gs^Ft, Gs^Fp, Gs^Fp, Gs^Ft, Gs^Ft, Gs, Gs^Ft, Gs^Ft, Ds, Ds, Gs^Fp, Gs^Ft, Gs^Fp, Rr, Rr, Gs^Ft, Rr, Gs^Ft, Gs^Ft, Gs^Ft, Gs^Fp, Gs^Fp, Gs^Fp, Gs^Fp, Gs^Fp, Gs^Ft, Ds, Gs^Fp, Gs^Fp, Ds, Ds, Ds, Ww, Ww, Ww, Ww, Ds, Ds, Gs^Ft, Gs^Ft, Gs^Ft, Gs^Ft, Gs^Ft, Gs^Ft, Gs^Ft, Gs^Ft, Gs^Ft
Gs^Ft, Gs^Ft, Gs^Ft, Gs^Ft, Gs^Ft, Gs^Ft, Gs^Ft, Gs, Gs, Gs^Ft, Gs^Fp, Gs^Ft, Gs^Ft, Gs^Ft, Gs^Fp, Gs^Ft, Gs^Ft, Ds, Ds, Ds, Gs, Gs^Fp, Gs^Fp, Gs^Ft, Gs^Fp, Rr, Gs^Ft, Rr, Rr, Gs^Ft, Gs^Fp, Gs^Ft, Gs, Gs^Fp, Gs^Fp, Gs^Ft, Gs^Fp, Gs^Fp, Gs, Ds, Ds, Hh, Hh, Ds, Hh, Ds, Ds, Ds, Gs^Ft, Gs^Ft, Gs^Ft, Ss, Gs^Ft, Gs^Ft, Gs^Fp, Gs^Ft, Gs^Ft
Gs^Ft, Gs^Ft, Gs^Fp, Gs^Ft, Gs^Ft, Gs^Ft, Gs^Ft, Gs^Ft, Gs^Fp, Gs^Ft, Gs^Ft, Gs^Fp, Gs^Fp, Gs^Fp, Gs^Ft, Gs^Ft, Gs^Ft, Gs^Ft, Gs^Ft, Gs, Gs^Fp, Gs^Fp, Gs^Fp, Rr, Gs, Gs^Fp, Gs^Ft, Gs^Vht, Gs^Ft, Rr, Rr, Gs^Fp, Gs^Fp, Gs^Fp, Gs^Fp, Gs^Fp, Gs^Fp, Gs, Gs^Vht, Ds, Ww, Hh, Hh, Hh, Mm, Hh, Ds, Gs^Ft, Gs^Ft, Gs^Ft, Gs^Fp, Ss, Gs^Ft, Gs^Ft, Gs^Fp, Gs^Ft, Gs^Ft
Gs^Fp, Gs^Fp, Gs^Ft, Gs^Ft, Gs^Fp, Gs^Fp, Gs^Fp, Gs^Ft, Gs^Ft, Gs^Ft, Gs^Ft, Gs^Fp, Gs^Ft, Gs^Ft, Gg^Fet, Gs^Ft, Gs^Ft, Re^Tf, Gs^Fp, Gs^Fp, Gs^Fp, Gs^Ft, Gs^Fp, Gs^Fp, Gs, Gs^Fp, Gs^Ft, Gs^Ft, Gs^Ft, Gs^Fp, Rr, Gs^Ft, Gs^Ft, Gs^Ft, Gs^Ft, Gs^Fp, Gs^Ft, Gs^Ft, Gs^Ft, Ds, Ds, Ds, Hh, Mm, Hh, Hh, Ds, Gs^Ft, Gs^Vht, Gs^Ft, Gs^Ft, Gs^Fp, Gs^Fp, Gs^Fp, Gs^Ft, Gs, Gs
Gs^Ft, Gs^Ft, Gs^Ft, Gs^Fp, Gs^Fp, Gs^Fp, Gs^Fp, Gs^Fp, Ds, Gs^Ft, Gs^Vht, Gs^Ft, Gs^Ft, Gs^Ft, Gs^Ft, Gs^Ft, Re^Tf, Re^Tf, Gs^Ft, Gs^Ft, Gs^Ft, Gs, Gs, Gs^Fp, Gs^Fp, Gs^Fp, Gs^Ft, Ds, Gs^Fp, Gs^Fp, Rr, Gs^Ft, Gs^Ft, Hh, Gs^Ft, Gs^Ft, Gs^Ft, Gs^Ft, Gs^Ft, Gg^Fet, Ds, Ds, Ds, Hh, Ds, Ds, Gs^Ft, Gs^Ft, Gs^Ft, Gs^Ft, Gs^Ft, Ss, Gs^Ft, Gs^Fp, Gs^Ft, Gs, Gs
Gs^Ft, Gs^Ft, Gs^Fp, Gs^Fp, Gs^Fp, Gs^Fp, Gs^Fp, Gs, Gs, Gs, Gs, Gs, Gs^Ft, Gs^Ft, Gs^Ft, Gs^Ft, Re^Tf, Re^Tf, Gs^Ft, Gs^Ft, Gs^Ft, Gs, Rr, Gs^Ft, Gs^Fp, Gs^Fp, Gs^Fp, Gs^Ft, Ds, Gs^Ft, Rr, Gs^Ft, Gs^Ft, Gs^Ft, Gs^Ft, Gs^Fp, Gs^Ft, Gs^Ft, Gs^Ft, Gs^Ft, Ds, Ds, Ds, Ds, Ds, Gs^Ft, Gs^Ft, Gs^Ft, Gs^Ft, Gs^Ft, Gs^Ft, Ss, Gs^Ft, Gs^Fp, Gs^Ft, Gs^Fp, Gs^Fp
Gs^Fp, Gs^Fp, Gs^Fp, Gs^Fp, Gs^Fp, Gs^Fp, Gs^Fp, Gs, Ss, Ss, Ss, Ss, Gs, Gs, Gs^Ft, Gs^Ft, Re, Re, Gs^Ft, Gs^Ft, Rr, Rr, Gs^Fp, Gs^Fp, Gs^Fp, Gs^Fp, Gs^Fp, Gs, Gs^Ft, Chr, Gs^Ft, Rr, Rr, Gs^Ft, Gs^Ft, Gs^Ft, Gs^Ft, Gs^Ft, Gs^Fp, Gs^Ft, Ds, Ww, Ww, Ww, Ds, Ds, Gs^Ft, Ss, Gs^Ft, Hh, Mm, Hh, Gs^Ft, Gs^Ft, Gs^Ft, Gs, Gs
Gs^Ft, Gs^Ft, Gs^Ft, Gs^Fp, Gs^Fp, Gs^Fp, Gs^Fp, Gs^Ft, Gs, Ss, Ss, Ss, Ss, Gs, Gs^Ft, Gs^Ft, Re, Re, Re, Rr, Gs^Ft, Gs^Fp, Gs, Gs, Gs^Fp, Gs, Gs, Gs^Fp, Gs^Fp, Gs^Fp, Gs^Fp, Gs, Rr, Gs, Gs^Ft, Gs^Ft, Gs, Gs^Fp, Gs^Fp, Gs, Ds, Ds, Ww, Ww, Ds, Gs, Gs^Ft, Gs^Ft, Hh, Mm^Xm, Mm^Xm, Mm, Hh, Gs^Ft, Gs^Ft, Gs, Gs
Gs^Ft, Gs^Ft, Gs^Ft, Gs^Ft, Gs^Ft, Gs^Ft, Gs^Ft, Gs^Fp, Gs, Ss, Ss, Ss, Ss, Gs, Gs, Gs^Ft, Ds, Gs^Ft, Gs^Ft, Rr, Gs^Ft, Gs^Fp, Gs^Fp, Gs, Gs^Vht, Gs^Fp, Gs^Fp, Gs^Fp, Gs^Fp, Gs^Fp, Gs, Gs^Ft, Rr, Gs^Fp, Gs^Fp, Gs^Ft, Gs^Fp, Gs^Fp, Gs^Fp, Gs^Fp, Gs, Ds, Ww, Ds, Ds, Gs, Gs, Gs, Mm, Mm^Xm, Mm^Xm, Mm, Gs^Ft, Gs^Ft, Gs^Ft, Gs, Gs
Gs^Ft, Gs^Ft, Ds, Ds, Gs^Fp, Gs, Gs, Gs^Fp, Gs^Fp, Gs, Ss, Ss, Ss, Ss^Bsb|, Ss, Ss, Ss, Ss, Gg^Fet, Rr, Gs^Ft, Gs^Ft, Gs^Fp, Gs^Fp, Gs, Gs^Ft, Gs^Ft, Gs^Fp, Gs, Gs, Gs^Ft, Gs^Fp, Chr, Chr, Gs^Fp, Gs^Fp, Gs^Fp, Gs^Fp, Gs^Fp, Gs^Fp, Gs^Fp, Ds, Gs^Fp, Ds, Gs, Gs, Gs^Vht, Gs, Hh, Mm, Hh, Hh, Gs^Ft, Gs^Ft, Gs, Gs, Gs
Gs^Ft, Gs^Ft, Ds, Gs^Fp, Gs^Fp, Gs^Fp, Gs^Fp, Gs^Fp, Gs^Fp, Gs^Fp, Gs, Ss, Ss, Gs, Ss, Ss, Gs^Ft, Gs^Ft, Rr, Rr, Gs^Ft, Gs^Ft, Gs^Fp, Gs^Ft, Gs^Ft, Gs^Ft, Gs^Ft, Gs^Fp, Gs, Gs^Ft, Gs^Fp, Gs^Fp, Chr, Khr, Gs^Fp, Gs, Gs^Fp, Gs^Fp, Gs^Fp, Gs^Fp, Gs^Ft, Gs^Fp, Ds, Gs^Fp, Gs^Ft, Gs, Gs, Gs, Hh, Hh, Gs^Ft, Gs^Ft, Gs^Ft, Gs^Ft, Gs, Gs, Gs
Gs^Ft, Gs^Ft, Gs^Ft, Gs^Ft, Gs^Ft, Gs^Fp, Gs^Ft, Gs^Fp, Gs^Ft, Gs^Ft, Gs^Ft, Gs, Gs, Gs, Gs, Gs^Ft, Rr, Rr, Gs^Ft, Gs, Gs^Ft, Gs^Fp, Gs^Fp, Gs^Fp, Gs^Fp, Gs^Fp, Gs^Ft, Gs^Fp, Gs^Ft, Gs^Fp, Gs^Ft, Rr, Rr, Chr, Gs, Gs^Fp, Gs^Fp, Gs^Fp, Gs^Fp, Gs, Gs^Fp, Gs^Fp, Gs^Fp, Ds, Gs^Ft, Gs^Ft, Gs, Gs, Hh, Gs^Ft, Gs^Ft, Gs^Ft, Gs^Ft, Gs^Ft, Gs^Ft, Gs^Ft, Gs^Ft
Gs^Ft, Gs^Ft, Gs^Ft, Gs^Ft, Gs^Ft, Gs, Gs^Ft, Gs^Ft, Gs, Gs^Ft, Gs^Ft, Gs^Ft, Gs^Ft, Gs^Ft, Rr, Rr, Gs^Ft, Gs^Ft, Gs, Gs^Fp, Gs^Fp, Gs^Ft, Gs^Fp, Gs^Ft, Gs^Fp, Gs^Ft, Gs^Ft, Gs^Ft, Gs^Ft, Gs, Gs, Gs, Gs^Ft, Rr, Rr, Gs^Ft, Gs, Gs^Fp, Gs^Ft, Gs^Fp, Gs^Ft, Ds, Gs^Fp, Gs^Fp, Gs^Ft, Gs^Ft, Gs^Ft, Gs^Ft, Gs^Ft, Gs^Ft, Gs^Ft, Gs^Ft, Gs^Ft, Ds, Ds, Gs^Ft, Gs^Ft
Gs^Ft, Gs^Ft, Gg^Fet, Gs^Ft, Gs^Ft, Gs, Gs, Gs, Gs^Vht, Gs, Gs, Gs^Ft, Rr, Rr, Gs, Rr, Gs, Gs, Gs, Gs, Gs^Ft, Gs^Fp, Gs^Fp, Gs^Fp, Gs^Fp, Gs^Fp, Gs, Gs, Gs^Fp, Gs^Ft, Gs^Fp, Gs^Fp, Hh, Gs^Fp, Rr, Gs, Gs, Gs^Fp, Gs^Fp, Gs^Fp, Gs^Fp, Gs^Fp, Gs^Fp, Gs^Fp, Gs^Ft, Gs, Gs, Gs^Ft, Gs^Ft, Gs^Ft, Gs^Fp, Gs^Ft, Gs^Ft, Ds, Ds, Gs^Ft, Gs^Ft
Gs^Ft, Gs^Ft, Gs^Ft, Gs^Ft, Gs^Ft, Gs, Gs, Gs, Gs, Gs^Ft, Gs, Rr, Gs^Ft, Gs^Ft, Gs, Gs, Gs^Vht, Gs, Hh, Hh, Gs^Ft, Gs, Gs^Fp, Gs^Fp, Gs^Ft, Gs^Ft, Gs, Gs^Fp, Gs^Fp, Gs^Fp, Gs^Ft, Hh, Mm^Xm, Hh, Rr, Gs, Gs, Gs^Fp, Gs^Fp, Gs^Fp, Gs^Fp, Gs^Fp, Gs^Fp, Gs^Fp, Ds, Gs, Gs, Gs^Ft, Gs^Ft, Gs^Ft, Gs^Fp, Gs^Fp, Ds, Ds, Ds, Gs^Ft, Gs^Ft
Hh, Hh, Hh, Hh, Gs^Ft, Gs^Ft, Gs, Gs^Ft, Rr, Rr, Gs^Fp, Rr, Gs^Ft, Gs^Ft, Gs^Fp, Gs^Ft, Gs, Gs, Gs^Ft, Gs^Fp, Gs^Ft, Gs^Fp, Gs^Fp, Gs^Fp, Gs^Ft, Gs^Ft, Gs, Gs^Ft, Gs^Ft, Gs^Ft, Hh, Hh, Mm^Xm, Hh, Rr, Chr, Gs^Fp, Gs^Ft, Gs^Ft, Ds, Ds, Ds, Ds, Ds, Gs, Gs, Gs, Gs, Chr, Gs^Ft, Gs^Ft, Gs^Fp, Gs^Ft, Gs^Ft, Gs^Ft, Gs^Ft, Gs^Ft
Hh, Hh, Mm, Hh, Gs^Ft, Gs^Ft, Rr, Rr, Gs^Ft, Gs^Ft, Gs^Fp, Gs^Fp, Gs^Fp, Gs^Ft, Gs^Ft, Gs^Fp, Gs^Fp, Gs, Gs^Ft, Gs^Ft, Gs^Fp, Gs^Fp, Gs^Ft, Gs^Fp, Gs^Ft, Gs^Ft, Gs, Gs^Ft, Gs^Ft, Hh, Hh, Mm^Xm, Mm, Hh, Gs^Ft, Rr, Gs^Fp, Gs^Ft, Ss, Ds, Ds, Gs, Gs, Gs, Gs^Ft, Gs^Ft, Gs, Chr, Chr, Chr, Gs^Ft, Gs^Fp, Gs^Ft, Gs^Vht, Gs^Ft, Gs^Ft, Gs^Ft
Hh, Hh, Hh, Chr, Chr, Chr, Rr, Gs, Gs, Gs^Fp, Gs^Ft, Ds, Gs^Fp, Gs^Fp, Gs^Ft, Gs^Ft, Gs^Fp, Gs^Fp, Gs^Ft, Gs^Fp, Gs^Fp, Gs^Ft, Gs^Ft, Gs^Fp, Gs^Ft, Gs^Ft, Gs^Ft, Gs, Gs^Vht, Gs^Ft, Gs^Ft, Hh, Hh, Hh, Gs^Fp, Gs^Fp, Gs^Fp, Rr, Rr, Gs^Ft, Ss, Gs, Gs^Ft, Gs^Ft, Gs^Ft, Gs^Ft, Rr, Chr, 2 Khr, Chr, Chr, Gs^Fp, Gs^Ft, Gs^Ft, Gs^Ft, Gs^Ft, Gs^Ft
Gs^Ft, Gs^Ft, Hh, Chr, 4 Khr, Chr, Gs^Ft, Gs^Ft, Gs^Fp, Gs^Ft, Gs^Ft, Gs^Ft, Gs^Fp, Gs^Fp, Ds, Gs^Ft, Ds, Gs^Ft, Gs^Ft, Gs^Fp, Gs^Fp, Gs^Ft, Gs^Fp, Gs^Fp, Gs, Gs^Ft, Gs^Ft, Gs^Ft, Gs, Gs, Gs, Gs^Ft, Hh, Hh, Gs^Ft, Gs^Fp, Gs^Fp, Ss, Gs^Ft, Rr, Rr, Gs, Rr, Gs^Ft, Rr, Rr, Gs^Ft, Rr, Gs^Ft, Gs^Ft, Gs^Fp, Rr, Rr, Gs^Fp, Rr, Gs, Gs
Gs^Fp, Gs^Fp, Gs^Fp, Gs^Ft, Gs^Ft, Gs^Ft, Gs^Ft, Gs^Ft, Gs^Ft, Gs, Gs, Gs, Gs^Fp, Gs^Fp, Ds, Ds, Ds, Gs^Ft, Gs^Fp, Gs^Ft, Gs^Fp, Gs^Fp, Gs^Fp, Gs, Gs^Fp, Gs, Gs^Ft, Gs^Ft, Gs^Ft, Gs^Ft, Gs^Ft, Gs^Ft, Hh, Gs^Ft, Gs^Ft, Gs^Ft, Gs, Gs^Ft, Gs^Ft, Gs^Ft, Gs^Ft, Rr, Gs^Vht, Rr, Gs^Ft, Gs, Gs, Gs, Gs, Gs, Gs^Fp, Gs, Gs^Fp, Rr, Rr, Rr, Rr
Gs^Fp, Gs^Fp, Gs^Ft, Gs^Fp, Gs^Fp, Gs^Fp, Gs^Fp, Gs^Fp, Gs^Fp, Gs^Fp, Gs, Gs, Gs^Fp, Gs, Gs, Ds, Ds, Gs, Gs^Ft, Gs^Fp, Gs^Ft, Gs^Fp, Gs^Ft, Gs, Gs^Fp, Gs^Fp, Ds, Ds, Gs^Ft, Gs^Ft, Gs^Fp, Gs^Ft, Hh, Hh, Hh, Gs^Fp, Gs, Gs, Gs^Fp, Gs^Fp, Gs^Ft, Gs, Gs^Ft, Gs^Ft, Gs^Ft, Gs^Fp, Gs^Ft, Gs^Ft, Gs^Ft, Gs^Fp, Gs^Fp, Gs^Fp, Gs^Fp, Gs^Fp, Gs^Fp, Gs^Fp, Gs^Fp
Gs^Fp, Gs^Fp, Gs^Ft, Gs^Ft, Gs^Ft, Gs^Ft, Gs^Fp, Gs^Fp, Gs^Fp, Gs^Ft, Gs^Fp, Gs^Fp, Gs^Ft, Gs^Ft, Ds, Ds, Ds, Gs, Gs^Ft, Gs^Ft, Gs^Fp, Gs^Fp, Gs^Fp, Gs, Gs^Fp, Gs^Fp, Gs^Fp, Ds, Gs^Fp, Gs^Ft, Gs^Ft, Gs^Fp, Gs^Fp, Hh, Gs^Fp, Gs^Fp, Gs, Gs, Gs^Fp, Gs^Fp, Gs^Ft, Gs^Ft, Gs^Fp, Gs, Gs^Fp, Gs^Fp, Gs^Ft, Gs^Ft, Gs^Ft, Gs^Ft, Gs^Fp, Gs^Ft, Gs^Ft, Gs^Ft, Gs, Gs^Ft, Gs^Ft
Gs^Fp, Gs^Fp, Gs, Gs^Fp, Gs, Gs, Gs, Gs, Gs^Ft, Gs^Ft, Gs^Ft, Gs^Ft, Gs^Ft, Gs^Ft, Gs^Ft, Ds, Gs, Gs, Gs^Ft, Gs^Ft, Gs^Ft, Gs^Fp, Gs^Fp, Gs^Fp, Gs^Fp, Gs^Fp, Gs^Fp, Gs^Fp, Gs^Fp, Gs^Ft, Gs^Ft, Gs^Ft, Hh, Hh, Hh, Hh, Gs, Gs^Ft, Gs, Gs^Fp, Gs^Fp, Gs^Fp, Gs^Fp, Gs^Fp, Gs, Gs^Fp, Gs^Fp, Gs^Ft, Gs^Ft, Gs^Ft, Gs^Ft, Gs^Ft, Gs^Ft, Gs^Ft, Gs, Gs^Ft, Gs^Ft
Gs^Fp, Gs^Fp, Gs, Gs^Fp, Gs, Gs, Gs, Gs, Gs^Ft, Gs^Ft, Gs^Ft, Gs^Ft, Gs^Ft, Gs^Ft, Gs^Ft, Ds, Gs, Gs, Gs^Ft, Gs^Ft, Gs^Ft, Gs^Fp, Gs^Fp, Gs^Fp, Gs^Fp, Gs^Fp, Gs^Fp, Gs^Fp, Gs^Fp, Gs^Ft, Gs^Ft, Gs^Ft, Hh, Hh, Hh, Hh, Gs, Gs^Ft, Gs, Gs^Fp, Gs^Fp, Gs^Fp, Gs^Fp, Gs^Fp, Gs, Gs^Fp, Gs^Fp, Gs^Ft, Gs^Ft, Gs^Ft, Gs^Ft, Gs^Ft, Gs^Ft, Gs^Ft, Gs, Gs^Ft, Gs^Ft
