Wwr, Wwr, Wwr, Wo, Wo, Wo, Wo, Wo, Wwr, Wwr, Wo, Wwr, Wwr, Wwr, Wwr, Wwr, Wwr, Ww, Wwr, Wwr, Mm, Wo, Hh, Hh, Hh, Hh, Wwr, Wwr, Wwr, Wwr, Wo, Wwr, Wwr, Ww, Ww, Wwr, Wo, Hh, Hh, Hh, Hh, Hh, Hh, Hh, Wwr, Wwr, Wwr, Wwr, Ww, Ww, Re, Gs^Fms, Gs^Fp, Gs^Fms, Ww, Wo, Wo, Wo, Wo, Wo, Wo, Wo
Wo, Wwr, Wo, Wo, Wo, Wo, Wo, Ww, Wo, Wo, Wo, Wwr, Wwr, Wwr, Wwr, Wwr, Wwr, Wwr, Hh, Hh, Mm, Wo, Wo, Wo, Wo, Hh, Wwr, Wwr, Wwr, Wo, Wwr, Wwr, Wwr, Wwr, Wwr, Wwr, Wwr, Wo, Wo, Wo, Wo, Hh, Wwr, Wwr, Ww^Vm, Wwr, Gs^Fms, Gs^Fms, Ww, Ww, Gs^Fms, Re, Ww, Gs^Fds, Gs^Fms, Wo, Ww^Vm, Ww, Ww, Wo, Wo, Wo
Wo, Wo, Wo, Wo, Wo, Wo, Wo, Wo, Wwr, Wwr, Wwr, Wwr, Wwr, Wwr, Wwr, Wwr, Wwr, Wwr, Wwr, Wwr, Hh, Mm, Mm, Wo, Hh, Wo, Wo, Ww^Vm, Wo, Wo, Wwr, Wwr, Wwr, Wwr, Wwr, Wwr, Wwr, Wwr, Wwr, Wwr, Wo, Wo, Wwr, Wwr, Wwr, Gs^Fms, Gs^Fds, Gs^Fms, Ww^Vm, Ww, Ww, Re, Re, Ww, Ww, Wo, Wwr, Wo, Ww, Wo, Wo, Wo
Wo, Ww^Vm, Wwr, Wo, Wo, Wo, Wo, Wo, Wwr, Wwr, Wwr, Wwr, Wwr, Wwr, Wwr, Wwr, Wwr, Hh, Mm, Mm, Mm, Hh, Hh, Mm, Hh, Hh, Wo, Wo, Wwr, Wo, Wwr, Wwr, Wwr, Wwr, Wwr, Wwr, Wwr, Wwr, Wwr, Wwr, Wwr, Wo, Wwr, Wwr, Gs^Fms, Gs^Fds, Gs^Fp, Wo, Wo, Ww, Ww, Ww, Re, Ww, Ww, Wo, Wwr, Wo, Ww^Vm, Wo, Wo, Wo
Re, Wwr, Wwr, Wwr, Wwr, Wo, Ww^Vm, Wo, Wwr, Wwr, Wwr, Wwr, Wwr, Hh, Hh, Hh, Mm, Hh, Hh, Hh, Hh, Mm, Mm, Hh, Hh, Hh, Wwr, Wwr, Wwr, Wwr, Wwr, Wwr, Wwr, Wwr, Wwr, Wwr, Wwr, Wwr, Wwr, Wwr, Wwr, Wo, Wo, Ww^Vm, Wo, Gs^Fms, Wo, Wo, Ww, Wo, Wo, Wo, Re, Ww, Wwr, Ww, Wwr, Wwr, Hh, Wo, Hh, Wo
Re, Wwr, Wo, Wwr, Wo, Wo, Wwr, Wwr, Wwr, Wwr, Wwr, Wwr, Hh, Mm, Hh, Hh, Mm, Hh, Mm, Hh, Mm, Hh, Hh, Hh, Hh, Hh, Wwr, Wwr, Wwr, Wwr, Wo, Wo, Wwr, Wwr, Wwr, Wwr, Gs^Tf, Wwr, Wwr, Wwr, Wwr, Ww, Ww, Wo, Gs^Fms, Wo, Wo, Ww, Ww, Wo, Wwr, Wwr, Wo, Ww, Wo, Wwr, Hh, Hh, Hh, Hh, Hh, Hh
Re, Wwr, Wo, Wo, Wwr, Wwr, Wwr, Wwr, Wwr, Wwr, Wwr, Wwr, Wwr, Wwr, Hh, Wwr, Hh, Mm, Hh, Mm, Hh, Hh, Hh, Hh, Hh, Wwr, Wwr, Wwr, Wwr, Wo, Wwr, Wwr, Wwr, Wwr, Wo, Wo, Wo, Gs^Fms, Wo, Ww, Ww, Ww, Ww, Ww, Ww, Wo, Ww, Ww, Ww, Ww, Re, Wo, Ww, Ww, Wo, Ww^Vm, Hh, Hh, Hh, Hh, Hh, Hh
Wwr, Re, Wo, Wwr, Wwr, Wwr, Wwr, Wwr, Wwr, Wwr, Wwr, Wwr, Wwr, Wwr, Wwr, Wwr, Hh, Hh, Mm, Mm, Hh, Wo, Wo, Wo, Wo, Wo, Wwr, Wwr, Wwr, Wo, Wwr, Wwr, Wwr, Wo, Wwr, Ww, Wwr, Wo, Wwr, Wo, Wo, Ww, Ww, Ww, Ww, Ww, Ww, Wo, Ww, Ww, Re, Wo, Ww, Ww, Wo, Wwr, Wo, Wo, Hh, Hh, Hh, Wo
Wo, Re, Wo, Ce, Ce, Ce, Wwr, Wwr, Wwr, Wwr, Wwr, Wwr, Wwr, Wwr, Wwr, Wwr, Wwr, Wwr, Mm, Wo, Wo, Wo, Wo, Wo, Wo, Ww^Vm, Wwr, Wwr, Wo, Wo, Wwr, Ww, Wwr, Wo, Wwr, Wwr, Wwr, Wwr, Wwr, Wo, Ww^Vm, Wo, Ww, Ww, Ww, Ww, Ww, Wo, Re, Re, Gs^Fms, Wo, Wo, Gs^Fms, Wo, Wo, Hh, Hh, Hh, Hh, Hh, Hh
Wo, Wo, Wo, Ce, 1 Ke, Wwr, Wwr, Wwr, Wwr, Wwr, Wwr, Wwr, Ww^Vm, Wwr, Wwr, Wwr, Wwr, Wwr, Hh^Es, Wo, Wo, Wo, Wo, Wo, Wo, Wo, Wwr, Wwr, Wwr, Ww, Wwr, Wwr, Ww^Vm, Wwr, Wwr, Wwr, Wwr, Wwr, Wwr, Wwr, Wwr, Wo, Wo, Ww, Wo, Ww, Ww, Wo, Wo, Ww, Gs^Fds, Gs^Fp, Ww, Wo, Wwr, Hh, Hh, Hh, Wo, Hh, Hh, Hh
Wo, Wwr, Ce, Ce, Wwr, Wwr, Wwr, Wwr, Wwr, Wwr, Wwr, Wo, Wo, Wwr, Wwr, Wwr, Wwr, Wwr, Wwr, Wwr, Wo, Wo, Wo, Wo, Wo, Wo, Wwr, Wwr, Ww, Ww, Ww, Wwr, Gs^Fms, Wo, Wwr, Wwr, Wwr, Wwr, Wwr, Wwr, Wwr, Wwr, Wwr, Wo, Ww, Wo, Wo, Ww, Re, Wo, Gs^Fms, Gs^Fms, Ww, Wwr, Wwr, Hh, Hh, Hh, Hh, Hh, Hh, Hh
Wwr, Re, Wwr, Wwr, Wwr, Wwr, Wwr, Wwr, Ww^Vm, Wo, Wo, Wo, Wo, Wo, Wwr, Wwr, Wwr, Wwr, Wwr, Wo, Wo, Wo, Wo, Wo, Wwr, Wwr, Wo, Wwr, Gs^Fms, Gs^Fp, Gs^Fms, Gs^Fms, Hh, Wo, Wwr, Ww^Vm, Wwr, Wwr, Wwr, Wwr, Wwr, Wwr, Wwr, Wwr, Ww, Ww, Ww, Wo, Chw, Wo, Wo, Wo, Wo, Wo, Wwr, Wwr, Wwr, Wo, Hh, Hh, Hh, Wo
Wo, Re, Re, Ww, Ww, Wwr, Wwr, Wwr, Wwr, Wo, Wo, Wo, Wo, Wo, Wo, Wwr, Wwr, Wwr, Wwr, Wwr, Wwr, Hh^Vhh, Wwr, Wwr, Wwr, Wwr, Wo, Wo, Wo, Gs^Fds, Gs^Fds, Wo, Wo, Wo, Wwr, Wwr, Wwr, Wwr, Wwr, Wwr, Wwr, Wwr, Wwr, Wwr, Wwr, Ww, Ww, Re, Ww, Gs^Vht, Gs^Fms, Wo, Wo, Gs^Fms, Wo, Wwr, Wwr, Wwr, Wwr, Hh, Ww, Wo
Ww, Wo, Ww^Vm, Re, Ww, Ww, Ww, Ww, Ww, Gs^Fms, Wwr, Wo, Wo, Ww^Vm, Wwr, Wwr, Wwr, Wwr, Wwr, Wwr, Wo, Wo, Wwr, Wwr, Wwr, Ww, Wwr, Wo, Wo, Gs^Fms, Wo, Wo, Wo, Wo, Wwr, Wwr, Wwr, Wwr, Wwr, Wwr, Wwr, Wwr, Wwr, Wwr, Wwr, Ww^Vm, Re, Re, Ww, Gs^Fms, Gs^Fms, Gs^Fms, Gs^Fms, Ww, Wo, Wo, Wo, Wwr, Wwr, Ww, Ww, Ww
Ww, Wo, Ww, Re, Ww, Ww, Ww, Ww, Ww, Gs^Fms, Wo, Wo, Wo, Wwr, Wwr, Wwr, Wwr, Ww, Wwr, Ww, Wwr, Wo, Wo, Wo, Wo, Wo, Re^Tf, Re^Tf, Re^Tf, Wo, Gs^Fms, Wo, Gs^Fms, Wo, Wwr, Wwr, Wwr, Wwr, Wwr, Wwr, Wwr, Wwr, Wwr, Wwr, Wwr, Wwr, Re, Ww, Ww, Gs^Fp, Gs^Fds, Gs^Fms, Ww, Wo, Wo, Wo, Wo, Wo, Ww, Ww, Ww, Ww
Wo, Wo, Re, Re, Ww, Ww, Ww, Ww, Wo, Wo, Wo, Wo, Wo, Wwr, Wwr, Gs^Fms, Ww, Wo, Wo, Wo, Wo, Wo, Wo, Wo, Wo, Wo, Wo, Re^Tf, Re^Tf, Re^Tf, Ww, Ww^Vm, Ww, Wwr, Wwr, Wwr, Wwr, Wwr, Wwr, Wwr, Wwr, Wwr, Wwr, Wwr, Wwr, Re, Wwr, Gs^Fms, Gs^Fms, Gs^Fds, Gs^Fp, Gs^Fms, Wo, Wo, Re^Tf, Wo, Ww, Ww, Ww, Ww, Ww, Ww
Wo, Wo, Wo, Re, Re, Ww, Re, Ww, Wo, Wo, Gs^Fms, Wo, Wo, Gs^Fms, Wo, Gs^Fms, Wo, Ww, Ww, Ww, Wo, Wo, Wo, Wo, Wo, Wo, Ww, Re^Tf, Re^Tf, Re^Tf, Ww, Gs^Fms, Ww, Wwr, Wwr, Wwr, Wwr, Wwr, Re, Wwr, Wwr, Wwr, Wwr, Wwr, Wwr, Re, Gs^Fms, Gs^Fds, Gs^Fds, Gs^Vht, Gs^Fms, Gs^Fms, Wo, Re^Tf, Re^Tf, Ch, 2 Kh, Ww, Ww, Ww, Ww, Ww
Wwr, Wo, Wo, Ww^Vm, Wo, Re, Wo, Re, Ww, Wo, Wo, Wo, Wo, Wo, Wo, Wo, Wo, Ww^Vm, Wo, Wo, Wo, Wo, Wo, Wo, Wo, Ww^Vm, Ww, Ww, Ww, Ww, Ww, Ww, Re, Re, Re, Re, Re, Re, Hh, Re, Re, Wwr, Re, Wwr, Ww^Vm, Re, Ww, Gs^Fms, Re, Gs^Fms, Wo, Gs^Fms, Wo, Re^Tf, Ch, Ch, Ww, Ww, Ww, Ww, Wo, Ww
Wwr, Ww, Ww, Wo, Ww, Wo, Wo, Wwr, Wo, Wo, Wo, Ww, Ww, Gs^Fms, Gs^Fds, Gs^Fms, Ww, Wo, Ww, Ww, Wo, Wo, Gs^Fms, Wo, Wo, Ww, Wo, Wo, Wo, Ww, Re, Re, Wwr, Wwr, Wwr, Wwr, Ww^Vm, Hh, Hh, Hh, Wwr, Re, Wwr, Re, Re, Re, Re, Re, Wo, Wo, Re, Wo, Re, Re^Tf, Re, Re, Ww, Ww, Ww, Ww, Ww, Ww
Wwr, Gs^Fms, Gs^Fms, Ww, Ww, Wo, Ww, Re, Wo, Ww^Vm, Wo, Ww, Ww, Ww, Ww^Vm, Gs^Fms, Ww, Ww, Ww, Ww, Wo, Ww, Wo, Wo, Ww, Ww, Wo, Wo, Ww, Ww, Re, Wwr, Wwr, Wwr, Wwr, Wwr, Hh, Hh, Hh, Hh, Hh, Wwr, Wwr, Wwr, Wwr, Re, Gs^Fms, Wo, Ww, Gs^Fms, Ww, Re, Ww, Re, Ww, Gs^Fms, Gs^Fp, Gs^Fms, Gs^Fms, Ww, Ww, Ww
Wwr, Gs^Fp, Ww, Ww, Ww, Ww, Ww, Re, Re, Wo, Ww, Ww, Ww, Gs^Fms, Gs^Fp, Ww, Ww, Ww, Ww, Ww, Wo, Ww, Wo, Wo, Ww, Ww, Wo, Wo, Re, Re, Wwr, Wwr, Wwr, Wwr, Wwr, Wwr, Hh, Hh, Hh, Hh, Hh, Wwr, Wwr, Wwr, Wwr, Re, Re, Wo, Gs^Fms, Gs^Fms, Gs^Fds, Gs^Fds, Gs^Fds, Gs^Fms, Gs^Fms, Gs^Fms, Gs^Fms, Gs^Fp, Gs^Fms, Gs^Fms, Ww^Vm, Ww
Wwr, Gs^Fms, Ww, Ww, Ww, Ww, Ww, Ww, Ww, Re, Re, Ww, Re, Re, Re, Ww, Re, Re, Re, Wo, Wo, Wo, Wwr, Wwr, Re, Re, Re, Wo, Ww, Wwr, Wwr, Wwr, Wwr, Wwr, Wwr, Hh, Hh, Hh, Hh, Hh, Hh, Wwr, Wwr, Wwr, Wwr, Wwr, Ww, Wo, Gs^Fms, Ww, Ww, Gs^Fms, Gs^Fms, Ww, Gs^Fms, Gs^Fds, Gs^Fms, Gs^Fp, Gs^Fms, Ww, Gs^Fms, Gs^Fms
