Mm, Mm, Mm, Mm, Mm, Mm, Mm, Hh, Hh, Gs, Gs, Gs, Gs, Gs, Gs, Gs, Gs, Gs, Gs, Gs, Gs, Gs, Gs^Ft, Gs, Gs, Ww, Ww, Ww, Ww, Ww, Ww, Ww, Gs, Ww, Ww, Ww, Ww, Ww, Ww, Ww, Gs, Rr, Rr, Rr, Gs, Rr, Rr, Rr, Gs, Gs, Gs, Gs
Mm, Mm, Mm, Mm, Mm, Mm, Mm, Hh, Hh, Gs, Gs, Gs, Gs, Gs, Gs, Gs, Gs, Gs, Gs, Gs, Gs, Gs, Gs, Gs, Gs, Gs, Ww, Ww, Ww, Gs^Ft, Ww, Ww, Gs^Vc, Ww, Ww, Ww, Ww, Ww, Ww, Ww, Ww, Gs, Gs, Gs, Gs, Gs, Rr, Rr, Gs, Gs, Gs, Gs
Mm, Mm, Mm, Mm, Mm, Mm, Mm, Hh, Hh, Gs, Gs, Gs^Vd, Gs, Gs, Gs, Gs, Gs, Gs, Gs, Gs, Gs, Gs, Gs, Gs, Gs, Gs, Gs, Ww, Ww, Gs, Gs, Ww, Ww, Ww, Ww, Gs, Ww, Ww, Ww, Ww, Gs, Gs, Gs, Gs^Vd, Rr, Rr, Gs, Rr, Gs, Gs, Gs^Ft, Gs
Mm, Mm, Mm, Mm, Mm, Mm, Mm, Hh, Hh, Gs, Gs, Gs, Gs, Gs, Gs, Gs, Gs^Ft, Gs^Ft, Gs, Gs, Gs, Gs^Ft, Gs, Gs^Ft, Gs^Ft, Gs, Gs, Ww, Gs, Ww, Ww, Ww, Ww, Gs, Ww, Ww, Ww, Gs, Gs, Ww, Gs, Gs, Gs, Gs, Rr, Gs, Gs^Ft, Gs, Gs, Gs^Ft, Gs, Gs^Ft
Mm, Mm, Mm, Mm, Mm, Mm, Mm, Hh, Hh, Hh, Gs, Gs, Gs^Ft, Gs, Gs, Gs, Gs^Ft, Gs, Gs^Ft, Gs^Ft, Gs^Ft, Gs^Ft, Gs^Vc, Gs, Gs^Ft, Gs, Gs, Ww, Ww, Ww, Ww, Ww, Ww, Ww, Ww, Ww, Ww, Ww, Ww, Ww, Gs, Gs, Gs, Gs, Rr, Gs, Gs^Ft, Gs^Ft, Gs, Gs, Gs^Ft, Gs^Ft
Mm, Mm, Mm, Mm, Mm, Mm, Mm, Gs, Hh, Hh, Gs, Gs, Gs^Ft, Gs^Ft, Gs^Ft, Gs, Gs^Ft, Gs^Ft, Gs^Ft, Gs^Ft, Gs^Ft, Gs^Ft, Gs, Gs, Gs^Ft, Gs^Ft, Ww, Ww, Ww, Ww, Ww, Gs, Ww, Ww, Ww, Ww, Gs^Ft, Gs^Ft, Ww, Gs, Hh, Hh, Hh, Gs, Rr, Gs, Gs, Gs, Gs, Gs^Ft, Gs^Ft, Gs^Ft
Mm, Mm, Mm, Mm, Mm, Mm, Mm, Hh, Hh, Gs, Gs, Gs^Ft, Gs, Gs, Gs^Ft, Gs^Ft, Gs, Gs, Gs^Ft, Gs^Ft, Gs, Gs^Ft, Gs, Gs, Gs^Ft, Gs, Gs, Ww, Gs, Ww, Ww, Ww, Ww, Ww, Ww, Gs^Ft, Gs, Ww, Ww, Gs, Hh, Hh, Mm, Mm, Gs, Rr, Gs, 3 Gs, Gs, Gs^Ft, Gs^Ft, Gs
Hh, Mm, Mm, Mm, Mm, Mm, Mm, Hh, Hh, Gs, Gs, Gs^Ft, Gs^Ft, Gs, Gs, Gs^Ft, Gs, Gs, Gs^Ft, Gs, Gs^Ft, Gs^Ft, Gs, Gs, Gs, Gs^Ft, Gs, Ww, Gs, Ww, Ww, Gs, Gs, Gs, Ww, Ww, Ww, Ww, Gs, Hh, Hh, Mm, Mm, Mm, Gs, Rr, Gs, Gs, Gs, Gs, Gs, Gs
Hh, Hh, Mm, Mm, Hh, Mm, Hh, Hh, Hh, Hh, Gs, Gs, Gs, Gs, Gs^Ft, Gs^Ft, Gs, Gs^Ft, Gs, Gs, Gs^Ft, Gs^Ft, Gs^Ft, Gs, Gs^Ft, Gs, Gs^Vd, Gs, Gs, Gs, Gs, Gs, Gs, Gs, Gs, Gs, Gs, Gs^Ft, Gs^Ft, Gs^Ft, Hh, Mm, Hh, Hh, Gs, Rr, Gs, Gs, Hh, Gs, Gs^Ft, Gs
Hh, Hh, Hh, Hh, Mm, Mm, Hh, Hh, Hh, Gs, Gs, Gs, Gs, Gs, Gs^Ft, Gs^Ft, Gs^Ft, Gs^Ft, Gs^Ft, Gs, Gs^Ft, Gs^Ft, Gs^Ft, Gs, Gs^Ft, Gs^Ft, Gs, Gs, Gs, Gs, Gs, Hh, Gs, Gs, Gs, Gs^Ft, Gs^Ft, Gs^Ft, Gs^Ft, Gs^Ft, Hh^Ft, Gs^Ft, Hh^Ft, Hh, Gs, Rr, Gs, Gs, Hh, Hh, Gs, Gs
Gs, Hh, Hh, Gs, Gs, Gs, Gs, Gs, Gs, Gs^Vc, Gs, Gs, Gs^Ft, Gs^Ft, Gs^Ft, Gs^Ft, Gs^Ft, Gs, Gs^Ft, Gs, Gs, Gs, Gs, Gs^Ft, Gs^Ft, Gs, Gs, Mm, Mm, Mm, Hh, Gs, Mm, Gs, Gs^Ft, Gs^Ft, Gs^Ft, Gs^Ft, Gs^Ft, Gs^Ft, Gs^Ft, Hh^Ft, Gs^Ft, Hh^Ft, Gs, Rr, Gs, Hh, Hh, Hh, Mm, Gs
Gs, Gs, Hh, Hh, Gs, Gs, Gs, Gs, Gs, Gs, Gs, Gs, Gs^Ft, Gs, Gs^Ft, Gs^Ft, Gs, Gs^Ft, Gs, Gs, Gs^Vd, Gs, Gs, Gs, Gs, Gs, Gs, Hh, Hh, Hh, Gs, Mm, Gs, Gs^Ft, Gs^Ft, Gs^Ft, Gs^Ft, Gs^Ft, Gs^Ft, Gs^Ft, Gs^Ft, Hh^Ft, Gs^Ft, Gs, Gs, Rr, Rr, Gs, Hh, Hh, Hh, Mm
Gs, Gs, Hh, Hh, Hh, Hh, Hh, Hh, Gs, Gs, Gs, Gs, Gs^Ft, Gs^Ft, Gs, Gs, Gs, Gs, Gs, Gs, Gs, Gs, Gs, Gs, Gs, Gs, Gs, Gs, Gs, Gs, Gs, Gs, Gs, Gs, Gs^Ft, Gs, Gs, Gs, Gs, Gs, Gs, Gs^Ft, Gs^Ft, Gs, Gs^Vd, Gs, Rr, Rr, Rr, Hh, Rr, Gs
Gs, Gs^Vd, Hh, Hh, Hh, Hh, Hh, Gs, Gs, Gs, Gs, Gs, Gs^Ft, Gs, Gs, Gs, Gs, Gs, Gs, Gs, Hhd, Gs, Hhd, Gs, Hhd, Gs, Hhd, Gs, Hhd, Gs, Hhd, Hhd, Hhd, Hhd, Hhd, Gs, Gs^Vd, Gs, Gs, Gs, Gs, Gs^Ft, Gs^Ft, Gs, Gs, Gs, Rr, Gs^Ft, Gs^Ft, Rr, Gs, Rr
Gs, Gs, Hh, Hh, Hh, Hh, Hh, Gs, Gs, Gs, Gs, Gs, Gs, Gs, Gs, Gs, Hhd, Gs, Hhd, Hhd, Hhd, Hhd, Hhd, Hhd, Hhd, Hhd, Hhd, Hhd, Hhd, Hhd, Hhd, Hhd, Hhd, Hhd, Hhd, Hhd, Gs, Gs, Gs, Gs, Gs, Gs^Ft, Gs^Ft, Gs, Gs, Rr, Gs, Gs, Gs, Gs, Ss, Rr
Gs, Gs, Gs, Hh, Hh, Hh, Hh, Gs, 2 Gs, Gs, Gs, Gs, Gs, Gs, Hhd, Hhd^Vc, Hhd, Hhd, Hhd, Hhd, Hhd, Hhd, Hhd, Hhd, Hhd, Hhd, Hhd, Hhd, Hhd, Hhd, Hhd, Hhd, Hhd, Hhd, Gs, Gs, Gs, Gs, Gs, Gs, Gs, Gs, Gs, Gs, Gs, Rr, Gs, Gs, Gs, Ss, Ss, Ss
Gs, Gs, Gs, Gs, Hh, Hh, Gs, Gs, Gs, Gs, Gs, Gs, Gs, Hhd, Hhd, Hhd, Hhd, Hhd, Hhd, Hhd, Hhd, Hhd, Md, Hhd, Md, Hhd, Hhd, Hhd, Hhd, Hhd, Md, Hhd, Md, Hhd, Hhd, Hhd, Hhd, Gs, Gs, Gs, Gs, Gs, Gs, Gs, Gs, Rr, Gs, Gs^Ft, Ss, Ss, Ss, Ss
Gs, Gs, Gs, Gs, Gs, Gs, Gs^Ft, Gs, Gs, Gs, Gs, Gs, Hh, Hhd, Hhd, Hhd, Hhd, Hhd, Md, Md, Md, Md, Md^Xm, Md, Md^Xm, Md, Md, Md, Md, Md, Md, Md, Md, Md, Hhd, Hhd, Hhd, Hh, Hhd, Gs, Gs, Gs, Gs, Gs, Gs, Rr, Gs, Gs^Ft, Ss, Ss, Ss, Ss
Gs, Gs, Gs, Gs, Gs^Ft, Gs^Ft, Gs^Ft, Gs, Gs, Gs, Gs, Gs, Hhd, Hhd, Hhd, Hhd, Md, Md, Md, Md, Md, Md, Md^Xm, Md^Xm, Uu, Md^Xm, Md^Xm, Md^Xm, Md^Xm, Md^Xm, Md, Md, Md, Md, Md, Hhd, Hhd, Hhd, Hhd, Hhd, Hhd, Hh, Gs, Gs, Gs, Rr, Gs, Gs^Ft, Ss, Ss, Ss, Ss
Gs, Gs, Gs, Gs^Ft, Gs^Ft, Gs^Ft, Gs, Gs, Gs, Gs^Vd, Hhd, Gs, Hhd, Hhd, Hhd, Md, Md, Md, Md^Xm, Ch^Qhh, Md^Xm, Md^Xm, Uu, Uu, Uu, Uu, Uu, Md^Xm, Uu, Md^Xm, Md^Xm, Ch, Md, Md, Md, Md, Md, Hhd, Hhd, Hhd, Hhd, Hhd, Gs, Gs, Rr, Rr, Gs, Ss, Ss, Ss, Ss, Ss
Gs, Gs, Gs, Gs^Ft, Gs, Gs^Ft, Gs, Gs, Gs, Hhd, Hhd, Hhd, Hhd, Hhd, Md, Md, Md, Md^Xm, Md^Xm, Md^Xm, Uu, Uu, Uu, Uu, Uu^Qhu, Uu, Uu, Uu, Uu, Uu, Uu, Md^Xm, Md^Xm, Md, Md, Hhd, Hhd, Hhd, Hhd, Hhd, Hhd, Hhd, Hhd, Gs, Rr, Gs, Gs, Ss, Ss, Ss, Ss, Ss
Gs, Gs, Gs^Ft, Gs^Ft, Gs, Gs, Gs, Gs, Hhd, Hhd, Hhd, Hhd, Hhd, Hhd, Md, Md, Md^Xm, Md^Xm, Uu, Uu, Uu, Uu, Uu^Qhu, Uu^Qhu, Uu^Qhu, Uu^Qhu, Uu^Qhu, Uu, Uu, Uu, Uu, Uu, Uu, Md^Xm, Md, Md, Hhd, Hhd, Hhd, Hhd, Hhd, Hhd, Hhd, Gs, Rr, Gs, Gs, Ss, Gs^Ft, Ss, Ss, Ss
Gs, Gs, Ss, Gs, Gs, Gs, Gs^Ft, Hhd, Hhd, Hhd, Hhd, Hhd, Hhd, Hhd, Md, Md, Md^Xm, Uu, Uu, Uu, Uu^Qhu, Uu^Qhu, Uu^Qhu, Uu^Qhu, Uu^Qhu, Uu^Qhu, Uu^Qhu, Uu^Qhu, Uu^Qhu, Uu^Qhu, Uu^Qhu, Uu, Uu, Md^Xm, Md, Md, Md, Hhd, Hhd, Hhd, Hhd, Hhd, Hhd, Gs, Rr, Gs, Gs, Gs, Hh, Hh, Hh, Hh
Ss, Gs, Ss, Ss, Gs, Gs^Ft, Gs^Ft, Gs^Ft, Gs^Ft, Hhd, Hhd, Hhd, Hhd, Md, Md, Md, Md^Xm, Uu, Uu, Uu^Qhu, Uu^Qhu, Uu^Qhu, Ql, Uu^Qhu, Ql, Ql, Ql, Uu^Qhu, Uu^Qhu, Uu^Qhu, Uu^Qhu, Uu, Uu, Md^Xm, Md^Xm, Md, Md, Hhd, Hhd, Hhd, Hhd, Hhd, Hhd, Gs, Rr, Gs, Gs, Gs^Vc, Hh, Hh, Hh, Gs
Ss, Ss, Ss, Ss, Gs^Ft, Gs^Ft, Gs, Gs^Ft, Gs^Ft, Hhd, Hhd, Hhd, Md, Md, Md, Md, Md^Xm, Uu, Uu, Uu^Qhu, Uu^Qhu, Uu^Qhu, Ql, Ql, Ql, Ql, Ql, Ql, Ql, Uu^Qhu, Uu^Qhu, Uu, Uu, Md^Xm, Md^Xm, Md, Md, Md, Hhd, Hhd, Hhd, Hhd, Hhd, Hhd, Rr, Gs, Gs, Gs, Hh, Hh, Hh, Gs
Ss, Ss, Ss^Vhs, Ss, Gs^Ft, Gs^Ft, Gs^Ft, Gs^Ft, Gs^Ft, Hhd, Hhd, Hhd, Hhd, Md, Md, Md^Xm, Md^Xm, Uu, Uu, Uu^Qhu, Uu^Qhu, Uu^Qhu, Ql, Ql, Ql, Ql, Ql, Ql, Ql, Uu^Qhu, Uu^Qhu, Uu, Uu, Md^Xm, Md, Md, Md, Hhd, Hhd, Hhd, Hhd, Hhd, Hhd, Hhd, Rr, Gs, Gs, Gs, Hh, Mm, Hh, Hh
Ss, Ss, Ss, Ss, Gs, Gs^Ft, Gs, Gs^Ft, Gs, Hhd, Hhd, Hhd, Hhd, Md, Md, Md^Xm, Md^Xm, Uu, Uu, Uu, Uu^Qhu, Uu^Qhu, Ql, Ql, Ql, Ql, Ql, Ql, Uu^Qhu, Uu^Qhu, Uu^Qhu, Uu, Uu, Md^Xm, Md, Md, Md, Md, Hhd, Hhd, Hhd, Hhd, Hhd, Hhd, Gs, Gs, Gs, Hh, Hh, Mm, Hh, Gs
Ss, Ss, Ss, Ss, Gs, Gs, Gs, Gs^Vd, Gs, Hhd, Hhd, Hhd, Hhd, Hhd, Md, Md, Md, Md^Xm, Uu, Uu, Uu^Qhu, Uu^Qhu, Uu^Qhu, Ql, Ql, Ql, Ql, Ql, Uu^Qhu, Uu^Qhu, Uu, Uu, Uu, Md^Xm, Md, Md, Md, Md, Hhd, Hhd, Hhd, Hhd, Hhd, Rr, Rr, Gs, Gs, Hh, Hh, Hh, Gs, Gs
Ss, Ss, Gs, Ss, Ss, Gs, Gs, Gs, Gs, Hhd, Hhd, Hhd, Hhd, Hhd, Md, Md, Md^Xm, Md^Xm, Uu, Uu, Uu, Uu^Qhu, Uu^Qhu, Uu^Qhu, Uu^Qhu, Ql, Uu^Qhu, Uu^Qhu, Uu^Qhu, Uu^Qhu, Uu, Uu, Md^Xm, Md^Xm, Md, Md, Md, Md, Hhd, Hhd, Hhd, Hhd, Hhd, Gs^Ft, Gs, Rr, Gs, Gs, Gs^Vd, Hh, Gs, Gs
Gs, Ss, Gs, Ss, Gs^Ft, Gs^Ft, Gs, Gs, Gs, Hhd, Hhd, Hhd, Hhd, Hhd, Md, Md, Md, Md^Xm, Md^Xm, Uu, Uu, Uu, Uu^Qhu, Uu^Qhu, Uu^Qhu, Uu^Qhu, Uu^Qhu, Uu^Qhu, Uu, Uu, Uu, Uu, Md^Xm, Md^Xm, Md, Md, Md, Md, Hhd, Hhd, Hhd, Hhd, Hhd, Gs, Gs, Rr, Gs, Gs, Gs, Gs, Gs, Gs
Gs, Ss, Gs, Gs, Gs^Ft, Gs, Gs, Gs, Gs, Hhd, Gs, Hhd, Hhd, Hhd, Hhd, Md, Md, Md^Xm, Md^Xm, Md^Xm, Uu, Uu, Uu, Uu^Qhu, Uu, Uu^Qhu, Uu, Uu, Uu, Uu, Md^Xm, Md^Xm, Md, Md, Md, Md, Hhd, Hhd, Hhd, Hhd, Hhd, Hhd, Gs, Gs, Rr, Rr, Gs, Gs^Ft, Gs^Ft, Gs^Ft, Gs, Gs^Ft
Gs, Gs, Gs^Vc, Gs, Gs, Gs, Gs^Ft, Gs^Ft, Gs^Ft, Gs, Gs^Ft, Gs, Hh, Hhd, Hhd, Hhd, Md, Md, Md, Md^Xm, Md^Xm, Uu, Uu, Uu, Uu, Uu, Uu, Uu, Md^Xm, Md^Xm, Md, Md, Md, Md, Md, Md, Hhd, Hhd, Hhd, Hhd, Hhd, Hhd, Gs, Gs, Rr, Gs, Gs^Ft, Gs^Ft, Gs^Ft, Gs^Ft, Gs^Ft, Gs^Ft
Gs, Gs, Gs, Gs, Gs^Ft, Gs, Gs^Ft, Gs, Gs, Gs, Gs, Gs^Ft, Gs, Gs^Ft, Hhd, Hhd, Hhd, Md, Md, Ch^Qhh, Md, Md^Xm, Md^Xm, Uu, Md^Xm, Urb, Md^Xm, Md^Xm, Md^Xm, Md, Md, Ch, Md, Hhd, Hhd, Hhd, Hhd, Hhd, Hh, Hhd, Gs, Gs, Gs, Gs, Rr, Gs, Gs^Ft, Gs, Gs^Ft, Gs^Ft, Gs^Ft, Gs^Ft
Gs, Gs, Gs, Gs, Gs, Gs, Gs^Ft, Gs, Gs^Ft, Gs, Gs^Ft, Gs, Gs, Hhd, Hhd, Hhd, Hhd, Hhd, Md, Md, Md, Md, Md, Md^Xm, Md^Qhh, Urb^Qhh, Md^Qhh, Md, Md, Md, Md, Md, Hhd, Hhd, Hhd, Hhd, Hhd, Hhd, Gs, Gs^Ft, Gs^Ft, Gs^Ft, Gs, Gs, Gs, Rr, Gs^Ft, Gs^Ft, Gs^Ft, Gs^Ft, Gs^Ft, Gs^Ft
Gs, Gs, Gs, Gs, Gs, Gs^Ft, Gs^Ft, Gs, Gs^Ft, Gs, Gs, Gs^Ft, Gs^Ft, Gs, Gs, Hhd, Hhd, Hhd, Hhd, Md, Hhd, Md, Md, Md, Md, Urb^Qhh, Md, Md, Md, Md, Hhd, Md, Hhd, Hhd, Hhd, Hhd, Hhd, Hhd, Gs^Ft, Gs^Ft, Gs, Gs^Ft, Gs^Ft, Gs^Ft, Gs, Rr, Gs, Gs, Gs, Gs, Gs^Ft, Gs^Ft
Gs, Gs^Ft, Gs^Ft, Gs^Ft, Gs, Gs^Ft, Gs, Gs^Ft, Gs, Gs^Ft, Gs, Gs, Gs^Ft, Gs^Vc, Gs, Gs, Gs, Hhd, Hhd, Gs^Ft, Hhd, Hhd, Hhd, Hhd, Hhd, Urb, Hhd, Md, Hhd, Hhd, Hhd, Hhd, Hhd, Hhd, Hhd, Hhd, Hhd, Hhd, Gs^Ft, Gs, Gs, Gs, Gs^Ft, Gs^Ft, Gs^Ft, Rr, Rr, Gs, Gs, Gs, Gs, Gs
Gs^Ft, Gs^Ft, Gs^Ft, Gs^Ft, Gs^Ft, Gs, Gs, Gs, Gs^Ft, Gs, Gs, Gs^Ft, Gs^Ft, Gs, Gs, Gs, Gs^Ft, Hhd, Hhd, Gs^Ft, Hhd, Hhd, Hhd, Hhd, Hhd, Urb, Hhd, Hhd, Gs, Hhd, Hhd, Hhd, Hhd, Gs, Hhd, Hhd, Gs, Gs^Ft, Gs, Gs, Gs, Gs^Vc, Gs, Gs^Ft, Gs^Ft, Gs, Gs, Rr, Gs, Gs, Gs, Gs
Gs^Ft, Gs, Gs^Ft, Gs, Gs, Gs, Gs, Gs, Gs, Gs^Ft, Gs, Gs, Gs, Gs, Gs, Gs^Ft, Gs, Gs, Hhd, Hhd, Hhd, Hhd, Hhd, Hhd, Hhd, Urb, Hhd, Gs, Hhd, Hhd, Hhd, Hhd, Gs, Gs, Gs, Gs, Gs, Gs^Ft, Gs^Ft, Gs, Gs^Ft, Gs^Ft, Gs^Ft, Gs^Ft, Gs^Ft, Gs^Ft, Gs, Rr, Rr, Gs, Gs, Gs
Gs, Gs, Gs, Gs, Gs, Gs, Gs^Vd, Gs, Gs, Gs, Gs, Gs, Gs, Gs^Ft, Gs^Ft, Gs^Ft, Gs^Ft, Gs^Ft, Gs, Gs^Ft, Gs^Ft, Gs, Gs, Hhd, Gs, Urb, Hhd, Hhd, Gs, Gs, Gs, Gs, Gs, Gs, Gs, Gs, Gs^Ft, Gs^Ft, Gs, Gs^Ft, Gs, Gs^Ft, Gs, Gs^Ft, Gs^Ft, Gs^Ft, Gs, Gs, Gs^Ft, Rr, Gs, Gs
Gs^Yc, Gs, Gs, Gs, Gs, Gs, Gs, Gs, Gs, Gs, Gs^Ft, Gs^Ft, Gs, Gs, Gs^Ft, Gs^Ft, Gs, Gs^Ft, Gs^Ft, Gs, Gs, Gs, Gs, Gs, Gs, Urb, Gs, Gs, Gs, Gs, Gs, Gs, Gs^Ft, Gs^Ft, Gs^Ft, Gs^Ft, Gs, Gs, Gs, Gs, Gs, Gs, Gs, Gs, Gs, Gs^Ft, Gs, Gs^Ft, Gs, Rr, Rr, Gs
Gs, Gs^Yc, Gs, Gs, Gs, Gs^Ft, Gs^Ft, Gs, Gs^Ft, Gs, Gs, Gs^Ft, Gs^Ft, Gs^Ft, Gs, Gs, Gs, Gs, Gs, Gs, Gs, Gs, Gs, Gs, Gs, Urb, Gs, Gs, Gs, Gs, Gs, Gs, Gs, Gs, Gs, Gs^Ft, Gs, Gs, Gs, Gs, Gs, Gs, Gs^Ft, Gs, Gs, Gs^Ft, Gs, Gs, Gs, Gs, Rr, Gs
Gs, Gs^Yc, Gs^Yc, Gs, Gs^Ft, Gs^Ft, Gs^Ft, Gs, Gs, Gs^Ft, Gs, Gs^Ft, Gs^Ft, Gs, Gs, Gs, Gs, Gs^Ft, Gs, Gs^Ft, Gs^Ft, Gs^Ft, Gs, Gs, Ch, Ch, Ch, Gs, Gs, Gs, Gs, Gs^Vd, Gs, Gs, Gs^Ft, Gs, Gs^Ft, Gs, Gs, Gs, Gs, Gs, Gs^Ft, Gs, Gs, Gs, Gs, Gs, Gs, Gs, Rr, Gs
Gs, Gs, Gs, Gs^Yc, Gs^Yc, Gs, Gs, Gs, Gs, Gs, Gs^Ft, Gs^Ft, Gs^Ft, Gs, Gs, Gs, Gs, Gs, Gs, Gs, Gs, Gs^Ft, Gs, Gs, Ch, 1 Kh, Ch, Gs, Gs, Gs, Gs, Gs, Gs, Gs^Ft, Gs^Ft, Gs, Gs^Ft, Gs, Gs, Gs, Gs, Gs^Ft, Gs, Gs^Ft, Gs, Gs^Ft, Gs^Ft, Gs^Ft, Gs, Gs, Rr, Gs
Gs, Gs, Gs, Gs, Gs^Ft, Gs^Yc, Gs^Yc, Gs, Gs^Ft, Gs^Ft, Hh, Gs^Ft, Gs^Ft, Gs, Gs^Ft, Gs, Gs^Vd, Gs, Gs, Gs, Gs, Gs, Gs, Gs, Gs, Ch, Gs, Gs, Gs, Gs, Gs^Ft, Gs, Gs, Gs, Gs^Ft, Gs^Ft, Gs, Gs, Gs, Gs^Ft, Gs^Ft, Gs^Ft, Gs, Gs^Ft, Gs^Ft, Gs^Ft, Gs^Ft, Gs, Gs, Gs, Rr, Gs
Gs, Gs, Gs, Gs, Gs^Ft, Gs^Ft, Gs, Gs^Ft, Gs, Gs^Ft, Gs^Ft, Hh, Gs^Ft, Gs, Gs, Gs, Gs, Gs, Gs, Gs^Ft, Gs^Ft, Gs, Gs, Gs, Gs, Gs, Gs, Gs, Gs^Ft, Gs^Ft, Gs^Ft, Gs, Gs^Ft, Gs^Ft, Gs^Ft, Gs^Ft, Gs^Ft, Gs^Ft, Gs, Gs^Ft, Gs^Ft, Gs^Ft, Gs^Ft, Gs^Ft, Gs^Ft, Gs^Ft, Gs, Gs, Gs, Gs, Gs^Ft, Rr
Gs, Gs, Gs, Gs^Ft, Gs, Gs^Ft, Gs^Yc, Gs, Gs, Gs, Hh, Gs^Ft, Gs^Ft, Gs, Gs^Ft, Gs, Gs, Gs, Gs, Gs, Gs^Ft, Gs^Ft, Gs, Gs, Gs, Gs, Gs, Gs, Gs, Gs, Gs, Gs^Ft, Gs^Ft, Gs^Ft, Gs, Gs^Ft, Gs^Ft, Gs^Ft, Gs^Ft, Gs^Ft, Gs, Gs, Gs^Vc, Gs^Ft, Gs^Ft, Gs^Ft, Gs, 4 Gs, Gs, Gs, Gs^Ft, Gs
Gs, Gs, Gs^Fp, Gs^Ft, Gs, Gs, Gs^Yc, Gs^Ft, Gs, Gs^Ft, Gs^Ft, Gs^Ft, Hh, Gs^Ft, Hh, Gs, Gs, Gs^Ft, Gs, Gs^Ft, Gs^Ft, Gs^Ft, Gs^Ft, Gs, Gs, Gs, Gs^Ft, Gs^Ft, Gs^Ft, Gs, Gs, Gs, Gs^Ft, Gs, Gs, Gs, Gs, Gs^Ft, Gs^Ft, Gs, Gs, Gs^Ft, Gs, Gs, Gs^Ft, Gs, Gs, Gs, Gs, Gs, Gs, Gs
Gs, Gs, Gs, Gs^Ft, Gs^Ft, Gs^Ft, Gs^Yc, Gs^Ft, Gs^Ft, Gs^Ft, Gs, Gs, Gs, Hh, Gs, Gs^Ft, Gs^Ft, Gs, Gs^Ft, Gs, Gs^Ft, Gs, Gs^Ft, Gs^Ft, Gs^Ft, Gs, Gs^Ft, Gs, Gs^Ft, Gs, Gs^Vc, Gs, Gs, Gs, Hh, Gs, Hh, Gs^Ft, Gs, Gs^Ft, Gs^Ft, Gs^Ft, Gs^Ft, Gs^Ft, Gs^Ft, Gs, Gs, Gs^Ft, Gs^Ft, Gs^Ft, Gs, Gs
Gs, Gs, Gs, Gs, Gs^Ft, Gs, Gs^Yc, Gs^Ft, Gs^Ft, Gs^Ft, Gs, Gs, Gs^Vc, Gs, Gs, Gs, Gs^Ft, Gs, Gs, Gs^Ft, Gs, Gs^Ft, Gs, Gs, Gs, Gs^Ft, Gs, Gs^Ft, Gs, Gs, Gs, Gs, Gs^Ft, Gs, Hh, Hh, Hh, Hh, Gs^Ft, Gs^Ft, Gs, Gs, Gs^Ft, Gs, Gs, Gs^Ft, Gs^Ft, Gs, Gs^Ft, Gs^Ft, Gs, Gs
Gs, Gs, Gs, Gs, Gs, Gs^Ft, Gs^Yc, Gs^Ft, Gs^Ft, Gs, Gs, Gs, Gs, Gs, Gs, Gs^Ft, Gs, Gs^Ft, Gs^Ft, Gs, Gs, Gs, Gs, Gs, Gs, Gs^Ft, Gs^Ft, Gs, Gs, Gs^Ft, Gs, Gs, Gs, Gs, Hh, Hh, Hh, Gs, Gs, Gs^Ft, Gs, Gs, Gs, Gs, Gs, Gs, Gs, Gs^Ft, Gs^Ft, Gs^Ft, Gs, Gs
Gs, Gs, Gs, Gs, Gs, Gs, Gs^Ft, Gs^Yc, Gs^Yc, Gs, Gs, Gs, Gs, Gs, Gs, Gs^Ft, Gs^Ft, Gs^Ft, Gs^Ft, Gs^Ft, Gs, Gs, Gs, Gs, Gs^Ft, Gs, Gs^Ft, Gs, Gs, Gs, Gs, Gs, Gs, Gs, Gs, Gs, Hh, Gs, Gs, Gs, Gs, Gs^Ft, Gs, Gs, Gs, Gs, Gs, Gs, Gs^Ft, Gs^Ft, Gs, Gs
Gs, Gs, Gs, Gs, Gs, Gs^Ft, Gs^Ft, Gs^Ft, Gs^Yc, Gs, Gs, Gs, Gs, Gs, Gs, Gs^Ft, Gs^Ft, Gs^Ft, Gs^Ft, Gs^Ft, Gs^Ft, Gs, Gs, Gs, Gs, Gs, Gs, Gs^Ft, Gs, Gs, Gs, Gs, Gs, Gs, Gs, Gs, Gs, Gs, Gs, Gs, Gs, Gs, Gs, Gs, Gs, Gs, Gs, Gs, Gs^Ft, Gs^Ft, Gs, Gs
